Microchip MPLAB XC8 Compiler V1.41 ()

Linker command line:

-W-3 --edf=C:\Program Files\Microchip\xc8\v1.41\dat\en_msgs.txt -cs \
  -h+dist/default/production\Code.production.sym \
  --cmf=dist/default/production\Code.production.cmf -z -Q18F4620 \
  -oC:\Users\AYAFAR~1\AppData\Local\Temp\s4uo.2 \
  -Mdist/default/production/Code.production.map -E1 -ver=XC8 \
  -ASTACK=0B8h-0f7fh -pstack=STACK -ACODE=00h-0FFFFh -ACONST=00h-0FFFFh \
  -ASMALLCONST=01000h-010FFhx240 -AMEDIUMCONST=01000h-0FFFFh \
  -ACOMRAM=01h-07Fh -AABS1=00h-0F7Fh -ABIGRAM=01h-0F7Fh \
  -ARAM=080h-0FFh,0100h-01FFhx14,0F00h-0F7Fh -ABANK0=080h-0FFh \
  -ABANK1=0100h-01FFh -ABANK2=0200h-02FFh -ABANK3=0300h-03FFh \
  -ABANK4=0400h-04FFh -ABANK5=0500h-05FFh -ABANK6=0600h-06FFh \
  -ABANK7=0700h-07FFh -ABANK8=0800h-08FFh -ABANK9=0900h-09FFh \
  -ABANK10=0A00h-0AFFh -ABANK11=0B00h-0BFFh -ABANK12=0C00h-0CFFh \
  -ABANK13=0D00h-0DFFh -ABANK14=0E00h-0EFFh -ABANK15=0F00h-0F7Fh \
  -ASFR=0F80h-0FFFh -preset_vec=00h,intcode,intcodelo,powerup,init \
  -pramtop=01000h -psmallconst=SMALLCONST -pmediumconst=MEDIUMCONST \
  -pconst=CONST -AFARRAM=00h-00h -ACONFIG=0300000h-030000Dh -pconfig=CONFIG \
  -AIDLOC=0200000h-0200007h -pidloc=IDLOC -AEEDATA=0F00000h-0F003FFh \
  -peeprom_data=EEDATA \
  -prdata=COMRAM,nvrram=COMRAM,nvbit=COMRAM,rbss=COMRAM,rbit=COMRAM \
  -pfarbss=FARRAM,fardata=FARRAM,nvFARRAM=FARRAM \
  -pintsave_regs=BIGRAM,bigbss=BIGRAM,bigdata=BIGRAM -pbss=RAM \
  -pidata=CODE,irdata=CODE,ibigdata=CODE,ifardata=CODE -prparam=COMRAM \
  C:\Users\AYAFAR~1\AppData\Local\Temp\s4uo.obj \
  dist/default/production\Code.production.obj 

Object code version is 3.11

Machine type is 18F4620

Call graph: (short form)




                Name                               Link     Load   Length Selector   Space Scale
C:\Users\AYAFAR~1\AppData\Local\Temp\s4uo.obj
                init                                  0        0        4        0       0
                idloc                            200000   200000        8   200000       0
                config                           300000   300000        E   300000       0
dist/default/production\Code.production.obj
                smallconst                         1000     1000       20      800       0
                text13                             1256     1256       E2      810       0
                text12                             1150     1150      106      810       0
                text11                             14AA     14AA       6C      810       0
                text10                             15E6     15E6       68      810       0
                text9                              1718     1718       3A      B8C       0
                text8                              157E     157E       68      810       0
                text7                              1020     1020      130      810       0
                text6                              178A     178A       14      B8C       0
                text5                              179E     179E        6      B8C       0
                text4                              1516     1516       68      810       0
                text3                              1432     1432       78      810       0
                text2                              16A0     16A0       3C      810       0
                text1                              1338     1338       82      810       0
                text0                              13BA     13BA       78      810       0
                cstackCOMRAM                         3C       3C       31        1       1
                dataBANK0                            80       80       38       80       1
                dataCOMRAM                            1        1       3B        1       1
                bssCOMRAM                            6D       6D        6        1       1
                cinit                              164E     164E       52      810       0
                idataBANK0                         1752     1752       38      B8C       0
                idataCOMRAM                        16DC     16DC       3B      810       0

TOTAL           Name                               Link     Load   Length     Space
        CLASS   STACK          

        CLASS   CODE           
                init                                  0        0        4         0
                text13                             1256     1256       E2         0
                text12                             1150     1150      106         0
                text11                             14AA     14AA       6C         0
                text10                             15E6     15E6       68         0
                text9                              1718     1718       3A         0
                text8                              157E     157E       68         0
                text7                              1020     1020      130         0
                text6                              178A     178A       14         0
                text5                              179E     179E        6         0
                text4                              1516     1516       68         0
                text3                              1432     1432       78         0
                text2                              16A0     16A0       3C         0
                text1                              1338     1338       82         0
                text0                              13BA     13BA       78         0
                cinit                              164E     164E       52         0
                idataBANK0                         1752     1752       38         0
                idataCOMRAM                        16DC     16DC       3B         0

        CLASS   CONST          

        CLASS   SMALLCONST     
                smallconst                         1000     1000       20         0

        CLASS   MEDIUMCONST    

        CLASS   COMRAM         
                cstackCOMRAM                         3C       3C       31         1
                dataCOMRAM                            1        1       3B         1
                bssCOMRAM                            6D       6D        6         1

        CLASS   ABS1           

        CLASS   BIGRAM         

        CLASS   RAM            

        CLASS   BANK0          
                dataBANK0                            80       80       38         1

        CLASS   BANK1          

        CLASS   BANK2          

        CLASS   BANK3          

        CLASS   BANK4          

        CLASS   BANK5          

        CLASS   BANK6          

        CLASS   BANK7          

        CLASS   BANK8          

        CLASS   BANK9          

        CLASS   BANK10         

        CLASS   BANK11         

        CLASS   BANK12         

        CLASS   BANK13         

        CLASS   BANK14         

        CLASS   BANK15         

        CLASS   SFR            

        CLASS   FARRAM         

        CLASS   CONFIG         
                config                           300000   300000        E         0

        CLASS   IDLOC          
                idloc                            200000   200000        8         0

        CLASS   EEDATA         



SEGMENTS        Name                           Load    Length   Top    Selector   Space  Class

                reset_vec                      000000  000004  000004         0       0  CODE    
                dataCOMRAM                     000001  000072  000073         1       1  COMRAM  
                dataBANK0                      000080  000038  0000B8        80       1  BANK0   
                smallconst                     001000  000020  001020       800       0  SMALLCON
                text7                          001020  0006F7  001717       810       0  CODE    
                text9                          001718  00008C  0017A4       B8C       0  CODE    
                idloc                          200000  000008  200008    200000       0  IDLOC   
                config                         300000  00000E  30000E    300000       0  CONFIG  


UNUSED ADDRESS RANGES

        Name                Unused          Largest block    Delta
        BANK0            0000B8-0000FF               48
        BANK1            000100-0001FF              100
        BANK10           000A00-000AFF              100
        BANK11           000B00-000BFF              100
        BANK12           000C00-000CFF              100
        BANK13           000D00-000DFF              100
        BANK14           000E00-000EFF              100
        BANK15           000F00-000F7F               80
        BANK2            000200-0002FF              100
        BANK3            000300-0003FF              100
        BANK4            000400-0004FF              100
        BANK5            000500-0005FF              100
        BANK6            000600-0006FF              100
        BANK7            000700-0007FF              100
        BANK8            000800-0008FF              100
        BANK9            000900-0009FF              100
        BIGRAM           000073-00007F                D
                         0000B8-000F7F              EC8
        CODE             000004-000FFF              FFC
                         001717-001717                1
                         0017A4-00FFFF             E85C
        COMRAM           000073-00007F                D
        CONST            000004-000FFF              FFC
                         001717-001717                1
                         0017A4-00FFFF             E85C
        EEDATA           F00000-F003FF              400
        MEDIUMCONST      001717-001717                1
                         0017A4-00FFFF             E85C
        RAM              0000B8-000F7F              100
        SFR              000F80-000FFF               80
        SMALLCONST       001717-001717                1
                         0017A4-00FFFF              100
        STACK            0000B8-000F7F              EC8

                                  Symbol Table

_LATA                                      (abs)        000F89
_LATB                                      (abs)        000F8A
_LATC                                      (abs)        000F8B
_LATD                                      (abs)        000F8C
_LATE                                      (abs)        000F8D
_PORTA                                     (abs)        000F80
_PORTB                                     (abs)        000F81
_PORTC                                     (abs)        000F82
_PORTD                                     (abs)        000F83
_PORTE                                     (abs)        000F84
_TRISA                                     (abs)        000F92
_TRISB                                     (abs)        000F93
_TRISC                                     (abs)        000F94
_TRISD                                     (abs)        000F95
_TRISE                                     (abs)        000F96
__CFG_BOREN$OFF                            (abs)        000000
__CFG_BORV$1                               (abs)        000000
__CFG_CCP2MX$PORTC                         (abs)        000000
__CFG_CP0$OFF                              (abs)        000000
__CFG_CP1$OFF                              (abs)        000000
__CFG_CP2$OFF                              (abs)        000000
__CFG_CP3$OFF                              (abs)        000000
__CFG_CPB$OFF                              (abs)        000000
__CFG_CPD$OFF                              (abs)        000000
__CFG_EBTR0$OFF                            (abs)        000000
__CFG_EBTR1$OFF                            (abs)        000000
__CFG_EBTR2$OFF                            (abs)        000000
__CFG_EBTR3$OFF                            (abs)        000000
__CFG_EBTRB$OFF                            (abs)        000000
__CFG_FCMEN$OFF                            (abs)        000000
__CFG_IESO$OFF                             (abs)        000000
__CFG_LPT1OSC$OFF                          (abs)        000000
__CFG_LVP$OFF                              (abs)        000000
__CFG_MCLRE$ON                             (abs)        000000
__CFG_OSC$HS                               (abs)        000000
__CFG_PBADEN$OFF                           (abs)        000000
__CFG_PWRT$OFF                             (abs)        000000
__CFG_STVREN$ON                            (abs)        000000
__CFG_WDT$OFF                              (abs)        000000
__CFG_WDTPS$32768                          (abs)        000000
__CFG_WRT0$OFF                             (abs)        000000
__CFG_WRT1$OFF                             (abs)        000000
__CFG_WRT2$OFF                             (abs)        000000
__CFG_WRT3$OFF                             (abs)        000000
__CFG_WRTB$OFF                             (abs)        000000
__CFG_WRTC$OFF                             (abs)        000000
__CFG_WRTD$OFF                             (abs)        000000
__CFG_XINST$OFF                            (abs)        000000
__HRAM                                     (abs)        000000
__Habs1                                    abs1         000000
__Hbank0                                   bank0        000000
__Hbank1                                   bank1        000000
__Hbank10                                  bank10       000000
__Hbank11                                  bank11       000000
__Hbank12                                  bank12       000000
__Hbank13                                  bank13       000000
__Hbank14                                  bank14       000000
__Hbank15                                  bank15       000000
__Hbank2                                   bank2        000000
__Hbank3                                   bank3        000000
__Hbank4                                   bank4        000000
__Hbank5                                   bank5        000000
__Hbank6                                   bank6        000000
__Hbank7                                   bank7        000000
__Hbank8                                   bank8        000000
__Hbank9                                   bank9        000000
__Hbigbss                                  bigbss       000000
__Hbigdata                                 bigdata      000000
__Hbigram                                  bigram       000000
__Hbss                                     bss          000000
__HbssCOMRAM                               bssCOMRAM    000000
__Hcinit                                   cinit        000000
__Hclrtext                                 clrtext      000000
__Hcomram                                  comram       000000
__Hconfig                                  config       30000E
__Hconst                                   const        000000
__HcstackCOMRAM                            cstackCOMRAM 000000
__Hdata                                    data         000000
__HdataBANK0                               dataBANK0    000000
__HdataCOMRAM                              dataCOMRAM   000000
__Heeprom_data                             eeprom_data  000000
__Hfarbss                                  farbss       000000
__Hfardata                                 fardata      000000
__Hibigdata                                ibigdata     000000
__Hidata                                   idata        000000
__HidataBANK0                              idataBANK0   000000
__HidataCOMRAM                             idataCOMRAM  000000
__Hidloc                                   idloc        200008
__Hifardata                                ifardata     000000
__Hinit                                    init         000004
__Hintcode                                 intcode      000000
__Hintcode_body                            intcode_body 000000
__Hintcodelo                               intcodelo    000000
__Hintentry                                intentry     000000
__Hintret                                  intret       000000
__Hintsave_regs                            intsave_regs 000000
__Hirdata                                  irdata       000000
__Hmediumconst                             mediumconst  000000
__HnvFARRAM                                nvFARRAM     000000
__Hnvbit                                   nvbit        000000
__Hnvrram                                  nvrram       000000
__Hparam                                   rparam       000000
__Hpowerup                                 powerup      000000
__Hram                                     ram          000000
__Hramtop                                  ramtop       001000
__Hrbit                                    rbit         000000
__Hrbss                                    rbss         000000
__Hrdata                                   rdata        000000
__Hreset_vec                               reset_vec    000000
__Hrparam                                  rparam       000000
__Hsfr                                     sfr          000000
__Hsmallconst                              smallconst   001020
__Hspace_0                                 (abs)        30000E
__Hspace_1                                 (abs)        0000B8
__Hspace_2                                 (abs)        000000
__Hstack                                   stack        000000
__Hstruct                                  struct       000000
__Htemp                                    temp         000000
__Htext                                    text         000000
__Htext0                                   text0        000000
__Htext1                                   text1        000000
__Htext10                                  text10       000000
__Htext11                                  text11       000000
__Htext12                                  text12       000000
__Htext13                                  text13       000000
__Htext2                                   text2        000000
__Htext3                                   text3        000000
__Htext4                                   text4        000000
__Htext5                                   text5        000000
__Htext6                                   text6        000000
__Htext7                                   text7        000000
__Htext8                                   text8        000000
__Htext9                                   text9        000000
__LRAM                                     (abs)        000001
__Labs1                                    abs1         000000
__Lbank0                                   bank0        000000
__Lbank1                                   bank1        000000
__Lbank10                                  bank10       000000
__Lbank11                                  bank11       000000
__Lbank12                                  bank12       000000
__Lbank13                                  bank13       000000
__Lbank14                                  bank14       000000
__Lbank15                                  bank15       000000
__Lbank2                                   bank2        000000
__Lbank3                                   bank3        000000
__Lbank4                                   bank4        000000
__Lbank5                                   bank5        000000
__Lbank6                                   bank6        000000
__Lbank7                                   bank7        000000
__Lbank8                                   bank8        000000
__Lbank9                                   bank9        000000
__Lbigbss                                  bigbss       000000
__Lbigdata                                 bigdata      000000
__Lbigram                                  bigram       000000
__Lbss                                     bss          000000
__LbssCOMRAM                               bssCOMRAM    000000
__Lcinit                                   cinit        000000
__Lclrtext                                 clrtext      000000
__Lcomram                                  comram       000000
__Lconfig                                  config       300000
__Lconst                                   const        000000
__LcstackCOMRAM                            cstackCOMRAM 000000
__Ldata                                    data         000000
__LdataBANK0                               dataBANK0    000000
__LdataCOMRAM                              dataCOMRAM   000000
__Leeprom_data                             eeprom_data  000000
__Lfarbss                                  farbss       000000
__Lfardata                                 fardata      000000
__Libigdata                                ibigdata     000000
__Lidata                                   idata        000000
__LidataBANK0                              idataBANK0   000000
__LidataCOMRAM                             idataCOMRAM  000000
__Lidloc                                   idloc        200000
__Lifardata                                ifardata     000000
__Linit                                    init         000000
__Lintcode                                 intcode      000000
__Lintcode_body                            intcode_body 000000
__Lintcodelo                               intcodelo    000000
__Lintentry                                intentry     000000
__Lintret                                  intret       000000
__Lintsave_regs                            intsave_regs 000000
__Lirdata                                  irdata       000000
__Lmediumconst                             mediumconst  000000
__LnvFARRAM                                nvFARRAM     000000
__Lnvbit                                   nvbit        000000
__Lnvrram                                  nvrram       000000
__Lparam                                   rparam       000000
__Lpowerup                                 powerup      000000
__Lram                                     ram          000000
__Lramtop                                  ramtop       001000
__Lrbit                                    rbit         000000
__Lrbss                                    rbss         000000
__Lrdata                                   rdata        000000
__Lreset_vec                               reset_vec    000000
__Lrparam                                  rparam       000000
__Lsfr                                     sfr          000000
__Lsmallconst                              smallconst   001000
__Lspace_0                                 (abs)        000000
__Lspace_1                                 (abs)        000000
__Lspace_2                                 (abs)        000000
__Lstack                                   stack        000000
__Lstruct                                  struct       000000
__Ltemp                                    temp         000000
__Ltext                                    text         000000
__Ltext0                                   text0        000000
__Ltext1                                   text1        000000
__Ltext10                                  text10       000000
__Ltext11                                  text11       000000
__Ltext12                                  text12       000000
__Ltext13                                  text13       000000
__Ltext2                                   text2        000000
__Ltext3                                   text3        000000
__Ltext4                                   text4        000000
__Ltext5                                   text5        000000
__Ltext6                                   text6        000000
__Ltext7                                   text7        000000
__Ltext8                                   text8        000000
__Ltext9                                   text9        000000
__S0                                       (abs)        30000E
__S1                                       (abs)        0000B8
__S2                                       (abs)        000000
___inthi_sp                                stack        000000
___intlo_sp                                stack        000000
___param_bank                              (abs)        000000
___rparam_used                             (abs)        000001
___sp                                      stack        000000
__accesstop                                (abs)        000080
__activetblptr                             (abs)        000003
__end_of__initialization                   cinit        00169A
__end_of_btn_values                        smallconst   001011
__end_of_dpowers                           smallconst   00101B
__end_of_ecu_layer_initialize              text6        00179E
__end_of_functionInitialize                text5        0017A4
__end_of_gpio_pin_direction_intialize      text13       001338
__end_of_gpio_pin_intialize                text11       001516
__end_of_gpio_pin_write_logic              text12       001256
__end_of_lcd_initalize                     text7        001150
__end_of_lcd_send_4_Bits                   text10       00164E
__end_of_lcd_send_char_data                text4        00157E
__end_of_lcd_send_char_data_position       text2        0016DC
__end_of_lcd_send_command                  text8        0015E6
__end_of_lcd_send_custom_char_position     text1        0013BA
__end_of_lcd_send_enable_sginal            text9        001752
__end_of_lcd_set_cusor_postion             text3        0014AA
__end_of_main                              text0        001432
__initialization                           cinit        00164E
__mediumconst                              mediumconst  000000
__pbssCOMRAM                               bssCOMRAM    00006D
__pcinit                                   cinit        00164E
__pcstackCOMRAM                            cstackCOMRAM 00003C
__pdataBANK0                               dataBANK0    000080
__pdataCOMRAM                              dataCOMRAM   000001
__pidataBANK0                              idataBANK0   001752
__pidataCOMRAM                             idataCOMRAM  0016DC
__psmallconst                              smallconst   001000
__ptext0                                   text0        0013BA
__ptext1                                   text1        001338
__ptext10                                  text10       0015E6
__ptext11                                  text11       0014AA
__ptext12                                  text12       001150
__ptext13                                  text13       001256
__ptext2                                   text2        0016A0
__ptext3                                   text3        001432
__ptext4                                   text4        001516
__ptext5                                   text5        00179E
__ptext6                                   text6        00178A
__ptext7                                   text7        001020
__ptext8                                   text8        00157E
__ptext9                                   text9        001718
__ramtop                                   ramtop       001000
__size_of_ecu_layer_initialize             (abs)        000000
__size_of_functionInitialize               (abs)        000000
__size_of_gpio_pin_direction_intialize     (abs)        000000
__size_of_gpio_pin_intialize               (abs)        000000
__size_of_gpio_pin_write_logic             (abs)        000000
__size_of_lcd_initalize                    (abs)        000000
__size_of_lcd_send_4_Bits                  (abs)        000000
__size_of_lcd_send_char_data               (abs)        000000
__size_of_lcd_send_char_data_position      (abs)        000000
__size_of_lcd_send_command                 (abs)        000000
__size_of_lcd_send_custom_char_position    (abs)        000000
__size_of_lcd_send_enable_sginal           (abs)        000000
__size_of_lcd_set_cusor_postion            (abs)        000000
__size_of_main                             (abs)        000000
__smallconst                               smallconst   001000
_customChar                                dataBANK0    000080
_ecu_layer_initialize                      text6        00178A
_functionInitialize                        text5        00179E
_gpio_pin_direction_intialize              text13       001256
_gpio_pin_intialize                        text11       0014AA
_gpio_pin_write_logic                      text12       001150
_keypad1                                   dataCOMRAM   000001
_lat_register                              dataCOMRAM   000011
_lcd1                                      dataCOMRAM   000030
_lcd_initalize                             text7        001020
_lcd_send_4_Bits                           text10       0015E6
_lcd_send_char_data                        text4        001516
_lcd_send_char_data_position               text2        0016A0
_lcd_send_command                          text8        00157E
_lcd_send_custom_char_position             text1        001338
_lcd_send_enable_sginal                    text9        001718
_lcd_set_cusor_postion                     text3        001432
_led1                                      dataCOMRAM   00002F
_main                                      text0        0013BA
_port_register                             dataCOMRAM   00001B
_str                                       bssCOMRAM    00006D
_tris_register                             dataCOMRAM   000025
ecu_layer_initialize@ret                   cstackCOMRAM 00005B
end_of_initialization                      cinit        00169A
gpio_pin_direction_intialize@LocalReturn   cstackCOMRAM 000044
gpio_pin_direction_intialize@_pin_config   cstackCOMRAM 00003C
gpio_pin_intialize@LocalReturn             cstackCOMRAM 000049
gpio_pin_intialize@_pin_config             cstackCOMRAM 000046
gpio_pin_write_logic@LocalReturn           cstackCOMRAM 000045
gpio_pin_write_logic@_pin_config           cstackCOMRAM 00003C
gpio_pin_write_logic@logic                 cstackCOMRAM 00003E
intlevel0                                  text         000000
intlevel1                                  text         000000
intlevel2                                  text         000000
intlevel3                                  text         000000
lcd_initalize@Local_Status                 cstackCOMRAM 00005A
lcd_initalize@Pin_counter                  cstackCOMRAM 000058
lcd_initalize@lcd_obj                      cstackCOMRAM 000054
lcd_send_4_Bits@Local_Status               cstackCOMRAM 00004D
lcd_send_4_Bits@data_command               cstackCOMRAM 000048
lcd_send_4_Bits@i                          cstackCOMRAM 00004E
lcd_send_4_Bits@lcd_obj                    cstackCOMRAM 000046
lcd_send_char_data@Local_Status            cstackCOMRAM 000053
lcd_send_char_data@data                    cstackCOMRAM 000052
lcd_send_char_data@lcd_obj                 cstackCOMRAM 000050
lcd_send_char_data_position@Local_Status   cstackCOMRAM 00005E
lcd_send_char_data_position@column         cstackCOMRAM 00005D
lcd_send_char_data_position@data           cstackCOMRAM 00005B
lcd_send_char_data_position@lcd_obj        cstackCOMRAM 000059
lcd_send_char_data_position@row            cstackCOMRAM 00005C
lcd_send_command@Local_Status              cstackCOMRAM 000053
lcd_send_command@command                   cstackCOMRAM 000052
lcd_send_command@lcd_obj                   cstackCOMRAM 000050
lcd_send_custom_char_position@Local_Status cstackCOMRAM 000066
lcd_send_custom_char_position@chr          cstackCOMRAM 000063
lcd_send_custom_char_position@column       cstackCOMRAM 000062
lcd_send_custom_char_position@i            cstackCOMRAM 000067
lcd_send_custom_char_position@lcd_obj      cstackCOMRAM 00005F
lcd_send_custom_char_position@mem_pos      cstackCOMRAM 000065
lcd_send_custom_char_position@row          cstackCOMRAM 000061
lcd_send_enable_sginal@Local_Status        cstackCOMRAM 000048
lcd_send_enable_sginal@lcd                 cstackCOMRAM 000046
lcd_set_cusor_postion@Local_Status         cstackCOMRAM 000058
lcd_set_cusor_postion@column               cstackCOMRAM 000057
lcd_set_cusor_postion@lcd_obj              cstackCOMRAM 000054
lcd_set_cusor_postion@row                  cstackCOMRAM 000056
main@i                                     cstackCOMRAM 00006B
stackhi                                    (abs)        000F7F
stacklo                                    (abs)        0000B8
start                                      init         000000
start_initialization                       cinit        00164E


FUNCTION INFORMATION:

 *************** function _main *****************
 Defined at:
		line 10 in file "application.c"
 Parameters:    Size  Location     Type
		None
 Auto vars:     Size  Location     Type
  i               2   47[COMRAM] int 
 Return value:  Size  Location     Type
                  2  619[None  ] int 
 Registers used:
		wreg, fsr2l, fsr2h, status,2, status,0, prodl, prodh, cstack
 Tracked objects:
		On entry : 
		On exit  : 
		Unchanged: 
 Data sizes:     COMRAM   BANK0   BANK1   BANK2   BANK3   BANK4   BANK5   BANK6   BANK7   BANK8   BANK9  BANK10  BANK11  BANK12  BANK13  BANK14  BANK15
      Params:         0       0       0       0       0       0       0       0       0       0       0       0       0       0       0       0       0
      Locals:         2       0       0       0       0       0       0       0       0       0       0       0       0       0       0       0       0
      Temps:          2       0       0       0       0       0       0       0       0       0       0       0       0       0       0       0       0
      Totals:         4       0       0       0       0       0       0       0       0       0       0       0       0       0       0       0       0
Total ram usage:        4 bytes
 Hardware stack levels required when called:    6
 This function calls:
		_functionInitialize
		_lcd_send_custom_char_position
 This function is called by:
		Startup code after reset
 This function uses a non-reentrant model


 *************** function _lcd_send_custom_char_position *****************
 Defined at:
		line 233 in file "ECU_Layer/CLCD_Driver/ecu_clcd_prog.c"
 Parameters:    Size  Location     Type
  lcd_obj         2   35[COMRAM] PTR const struct .
		 -> lcd1(12), 
  row             1   37[COMRAM] unsigned char 
  column          1   38[COMRAM] unsigned char 
  chr             2   39[COMRAM] PTR const unsigned char 
		 -> customChar(56), 
  mem_pos         1   41[COMRAM] unsigned char 
 Auto vars:     Size  Location     Type
  i               2   43[COMRAM] int 
  Local_Status    1   42[COMRAM] unsigned char 
 Return value:  Size  Location     Type
                  1    wreg      unsigned char 
 Registers used:
		wreg, fsr2l, fsr2h, status,2, status,0, prodl, prodh, cstack
 Tracked objects:
		On entry : 
		On exit  : 
		Unchanged: 
 Data sizes:     COMRAM   BANK0   BANK1   BANK2   BANK3   BANK4   BANK5   BANK6   BANK7   BANK8   BANK9  BANK10  BANK11  BANK12  BANK13  BANK14  BANK15
      Params:         7       0       0       0       0       0       0       0       0       0       0       0       0       0       0       0       0
      Locals:         3       0       0       0       0       0       0       0       0       0       0       0       0       0       0       0       0
      Temps:          0       0       0       0       0       0       0       0       0       0       0       0       0       0       0       0       0
      Totals:        10       0       0       0       0       0       0       0       0       0       0       0       0       0       0       0       0
Total ram usage:       10 bytes
 Hardware stack levels used:    1
 Hardware stack levels required when called:    5
 This function calls:
		_lcd_send_char_data
		_lcd_send_char_data_position
		_lcd_send_command
 This function is called by:
		_main
 This function uses a non-reentrant model


 *************** function _lcd_send_char_data_position *****************
 Defined at:
		line 147 in file "ECU_Layer/CLCD_Driver/ecu_clcd_prog.c"
 Parameters:    Size  Location     Type
  lcd_obj         2   29[COMRAM] PTR const struct .
		 -> lcd1(12), 
  data            1   31[COMRAM] unsigned char 
  row             1   32[COMRAM] unsigned char 
  column          1   33[COMRAM] unsigned char 
 Auto vars:     Size  Location     Type
  Local_Status    1   34[COMRAM] unsigned char 
 Return value:  Size  Location     Type
                  1    wreg      unsigned char 
 Registers used:
		wreg, fsr2l, fsr2h, status,2, status,0, prodl, prodh, cstack
 Tracked objects:
		On entry : 
		On exit  : 
		Unchanged: 
 Data sizes:     COMRAM   BANK0   BANK1   BANK2   BANK3   BANK4   BANK5   BANK6   BANK7   BANK8   BANK9  BANK10  BANK11  BANK12  BANK13  BANK14  BANK15
      Params:         5       0       0       0       0       0       0       0       0       0       0       0       0       0       0       0       0
      Locals:         1       0       0       0       0       0       0       0       0       0       0       0       0       0       0       0       0
      Temps:          0       0       0       0       0       0       0       0       0       0       0       0       0       0       0       0       0
      Totals:         6       0       0       0       0       0       0       0       0       0       0       0       0       0       0       0       0
Total ram usage:        6 bytes
 Hardware stack levels used:    1
 Hardware stack levels required when called:    4
 This function calls:
		_lcd_send_char_data
		_lcd_set_cusor_postion
 This function is called by:
		_lcd_send_custom_char_position
 This function uses a non-reentrant model


 *************** function _lcd_set_cusor_postion *****************
 Defined at:
		line 33 in file "ECU_Layer/CLCD_Driver/ecu_clcd_prog.c"
 Parameters:    Size  Location     Type
  lcd_obj         2   24[COMRAM] PTR const struct .
		 -> lcd1(12), 
  row             1   26[COMRAM] unsigned char 
  column          1   27[COMRAM] unsigned char 
 Auto vars:     Size  Location     Type
  Local_Status    1   28[COMRAM] unsigned char 
 Return value:  Size  Location     Type
                  1    wreg      unsigned char 
 Registers used:
		wreg, fsr2l, fsr2h, status,2, status,0, prodl, prodh, cstack
 Tracked objects:
		On entry : 
		On exit  : 
		Unchanged: 
 Data sizes:     COMRAM   BANK0   BANK1   BANK2   BANK3   BANK4   BANK5   BANK6   BANK7   BANK8   BANK9  BANK10  BANK11  BANK12  BANK13  BANK14  BANK15
      Params:         4       0       0       0       0       0       0       0       0       0       0       0       0       0       0       0       0
      Locals:         1       0       0       0       0       0       0       0       0       0       0       0       0       0       0       0       0
      Temps:          0       0       0       0       0       0       0       0       0       0       0       0       0       0       0       0       0
      Totals:         5       0       0       0       0       0       0       0       0       0       0       0       0       0       0       0       0
Total ram usage:        5 bytes
 Hardware stack levels used:    1
 Hardware stack levels required when called:    3
 This function calls:
		_lcd_send_command
 This function is called by:
		_lcd_send_char_data_position
		_lcd_send_string_position
 This function uses a non-reentrant model


 *************** function _lcd_send_char_data *****************
 Defined at:
		line 117 in file "ECU_Layer/CLCD_Driver/ecu_clcd_prog.c"
 Parameters:    Size  Location     Type
  lcd_obj         2   20[COMRAM] PTR const struct .
		 -> lcd1(12), 
  data            1   22[COMRAM] unsigned char 
 Auto vars:     Size  Location     Type
  Local_Status    1   23[COMRAM] unsigned char 
 Return value:  Size  Location     Type
                  1    wreg      unsigned char 
 Registers used:
		wreg, fsr2l, fsr2h, status,2, status,0, prodl, prodh, cstack
 Tracked objects:
		On entry : 
		On exit  : 
		Unchanged: 
 Data sizes:     COMRAM   BANK0   BANK1   BANK2   BANK3   BANK4   BANK5   BANK6   BANK7   BANK8   BANK9  BANK10  BANK11  BANK12  BANK13  BANK14  BANK15
      Params:         3       0       0       0       0       0       0       0       0       0       0       0       0       0       0       0       0
      Locals:         1       0       0       0       0       0       0       0       0       0       0       0       0       0       0       0       0
      Temps:          0       0       0       0       0       0       0       0       0       0       0       0       0       0       0       0       0
      Totals:         4       0       0       0       0       0       0       0       0       0       0       0       0       0       0       0       0
Total ram usage:        4 bytes
 Hardware stack levels used:    1
 Hardware stack levels required when called:    2
 This function calls:
		_gpio_pin_write_logic
		_lcd_send_4_Bits
		_lcd_send_enable_sginal
 This function is called by:
		_lcd_send_char_data_position
		_lcd_send_custom_char_position
		_lcd_send_string
		_lcd_send_string_position
		_lcd_send_custom_char
 This function uses a non-reentrant model


 *************** function _functionInitialize *****************
 Defined at:
		line 52 in file "application.c"
 Parameters:    Size  Location     Type
		None
 Auto vars:     Size  Location     Type
		None
 Return value:  Size  Location     Type
                  1    wreg      void 
 Registers used:
		wreg, fsr2l, fsr2h, status,2, status,0, prodl, prodh, cstack
 Tracked objects:
		On entry : 
		On exit  : 
		Unchanged: 
 Data sizes:     COMRAM   BANK0   BANK1   BANK2   BANK3   BANK4   BANK5   BANK6   BANK7   BANK8   BANK9  BANK10  BANK11  BANK12  BANK13  BANK14  BANK15
      Params:         0       0       0       0       0       0       0       0       0       0       0       0       0       0       0       0       0
      Locals:         0       0       0       0       0       0       0       0       0       0       0       0       0       0       0       0       0
      Temps:          0       0       0       0       0       0       0       0       0       0       0       0       0       0       0       0       0
      Totals:         0       0       0       0       0       0       0       0       0       0       0       0       0       0       0       0       0
Total ram usage:        0 bytes
 Hardware stack levels used:    1
 Hardware stack levels required when called:    5
 This function calls:
		_ecu_layer_initialize
 This function is called by:
		_main
 This function uses a non-reentrant model


 *************** function _ecu_layer_initialize *****************
 Defined at:
		line 91 in file "ECU_Layer/ecu_layer_prog.c"
 Parameters:    Size  Location     Type
		None
 Auto vars:     Size  Location     Type
  ret             1   31[COMRAM] unsigned char 
 Return value:  Size  Location     Type
                  1    wreg      unsigned char 
 Registers used:
		wreg, fsr2l, fsr2h, status,2, status,0, prodl, prodh, cstack
 Tracked objects:
		On entry : 
		On exit  : 
		Unchanged: 
 Data sizes:     COMRAM   BANK0   BANK1   BANK2   BANK3   BANK4   BANK5   BANK6   BANK7   BANK8   BANK9  BANK10  BANK11  BANK12  BANK13  BANK14  BANK15
      Params:         0       0       0       0       0       0       0       0       0       0       0       0       0       0       0       0       0
      Locals:         1       0       0       0       0       0       0       0       0       0       0       0       0       0       0       0       0
      Temps:          0       0       0       0       0       0       0       0       0       0       0       0       0       0       0       0       0
      Totals:         1       0       0       0       0       0       0       0       0       0       0       0       0       0       0       0       0
Total ram usage:        1 bytes
 Hardware stack levels used:    1
 Hardware stack levels required when called:    4
 This function calls:
		_lcd_initalize
 This function is called by:
		_functionInitialize
 This function uses a non-reentrant model


 *************** function _lcd_initalize *****************
 Defined at:
		line 52 in file "ECU_Layer/CLCD_Driver/ecu_clcd_prog.c"
 Parameters:    Size  Location     Type
  lcd_obj         2   24[COMRAM] PTR const struct .
		 -> lcd1(12), 
 Auto vars:     Size  Location     Type
  Pin_counter     2   28[COMRAM] int 
  Local_Status    1   30[COMRAM] unsigned char 
 Return value:  Size  Location     Type
                  1    wreg      unsigned char 
 Registers used:
		wreg, fsr2l, fsr2h, status,2, status,0, prodl, prodh, cstack
 Tracked objects:
		On entry : 
		On exit  : 
		Unchanged: 
 Data sizes:     COMRAM   BANK0   BANK1   BANK2   BANK3   BANK4   BANK5   BANK6   BANK7   BANK8   BANK9  BANK10  BANK11  BANK12  BANK13  BANK14  BANK15
      Params:         2       0       0       0       0       0       0       0       0       0       0       0       0       0       0       0       0
      Locals:         3       0       0       0       0       0       0       0       0       0       0       0       0       0       0       0       0
      Temps:          2       0       0       0       0       0       0       0       0       0       0       0       0       0       0       0       0
      Totals:         7       0       0       0       0       0       0       0       0       0       0       0       0       0       0       0       0
Total ram usage:        7 bytes
 Hardware stack levels used:    1
 Hardware stack levels required when called:    3
 This function calls:
		_gpio_pin_intialize
		_lcd_send_command
 This function is called by:
		_ecu_layer_initialize
 This function uses a non-reentrant model


 *************** function _lcd_send_command *****************
 Defined at:
		line 89 in file "ECU_Layer/CLCD_Driver/ecu_clcd_prog.c"
 Parameters:    Size  Location     Type
  lcd_obj         2   20[COMRAM] PTR const struct .
		 -> lcd_initalize@lcd_obj(2), lcd1(12), 
  command         1   22[COMRAM] unsigned char 
 Auto vars:     Size  Location     Type
  Local_Status    1   23[COMRAM] unsigned char 
 Return value:  Size  Location     Type
                  1    wreg      unsigned char 
 Registers used:
		wreg, fsr2l, fsr2h, status,2, status,0, prodl, prodh, cstack
 Tracked objects:
		On entry : 
		On exit  : 
		Unchanged: 
 Data sizes:     COMRAM   BANK0   BANK1   BANK2   BANK3   BANK4   BANK5   BANK6   BANK7   BANK8   BANK9  BANK10  BANK11  BANK12  BANK13  BANK14  BANK15
      Params:         3       0       0       0       0       0       0       0       0       0       0       0       0       0       0       0       0
      Locals:         1       0       0       0       0       0       0       0       0       0       0       0       0       0       0       0       0
      Temps:          0       0       0       0       0       0       0       0       0       0       0       0       0       0       0       0       0
      Totals:         4       0       0       0       0       0       0       0       0       0       0       0       0       0       0       0       0
Total ram usage:        4 bytes
 Hardware stack levels used:    1
 Hardware stack levels required when called:    2
 This function calls:
		_gpio_pin_write_logic
		_lcd_send_4_Bits
		_lcd_send_enable_sginal
 This function is called by:
		_lcd_set_cusor_postion
		_lcd_initalize
		_lcd_send_custom_char_position
		_lcd_send_custom_char
 This function uses a non-reentrant model


 *************** function _lcd_send_enable_sginal *****************
 Defined at:
		line 26 in file "ECU_Layer/CLCD_Driver/ecu_clcd_prog.c"
 Parameters:    Size  Location     Type
  lcd             2   10[COMRAM] PTR const struct .
		 -> lcd_initalize@lcd_obj(2), lcd1(12), 
 Auto vars:     Size  Location     Type
  Local_Status    1   12[COMRAM] unsigned char 
 Return value:  Size  Location     Type
                  1    wreg      unsigned char 
 Registers used:
		wreg, fsr2l, fsr2h, status,2, status,0, prodl, prodh, cstack
 Tracked objects:
		On entry : 
		On exit  : 
		Unchanged: 
 Data sizes:     COMRAM   BANK0   BANK1   BANK2   BANK3   BANK4   BANK5   BANK6   BANK7   BANK8   BANK9  BANK10  BANK11  BANK12  BANK13  BANK14  BANK15
      Params:         2       0       0       0       0       0       0       0       0       0       0       0       0       0       0       0       0
      Locals:         1       0       0       0       0       0       0       0       0       0       0       0       0       0       0       0       0
      Temps:          0       0       0       0       0       0       0       0       0       0       0       0       0       0       0       0       0
      Totals:         3       0       0       0       0       0       0       0       0       0       0       0       0       0       0       0       0
Total ram usage:        3 bytes
 Hardware stack levels used:    1
 Hardware stack levels required when called:    1
 This function calls:
		_gpio_pin_write_logic
 This function is called by:
		_lcd_send_command
		_lcd_send_char_data
 This function uses a non-reentrant model


 *************** function _lcd_send_4_Bits *****************
 Defined at:
		line 19 in file "ECU_Layer/CLCD_Driver/ecu_clcd_prog.c"
 Parameters:    Size  Location     Type
  lcd_obj         2   10[COMRAM] PTR const struct .
		 -> lcd_initalize@lcd_obj(2), lcd1(12), 
  data_command    1   12[COMRAM] unsigned char 
 Auto vars:     Size  Location     Type
  i               2   18[COMRAM] int 
  Local_Status    1   17[COMRAM] unsigned char 
 Return value:  Size  Location     Type
                  1    wreg      unsigned char 
 Registers used:
		wreg, fsr2l, fsr2h, status,2, status,0, prodl, prodh, cstack
 Tracked objects:
		On entry : 
		On exit  : 
		Unchanged: 
 Data sizes:     COMRAM   BANK0   BANK1   BANK2   BANK3   BANK4   BANK5   BANK6   BANK7   BANK8   BANK9  BANK10  BANK11  BANK12  BANK13  BANK14  BANK15
      Params:         3       0       0       0       0       0       0       0       0       0       0       0       0       0       0       0       0
      Locals:         3       0       0       0       0       0       0       0       0       0       0       0       0       0       0       0       0
      Temps:          4       0       0       0       0       0       0       0       0       0       0       0       0       0       0       0       0
      Totals:        10       0       0       0       0       0       0       0       0       0       0       0       0       0       0       0       0
Total ram usage:       10 bytes
 Hardware stack levels used:    1
 Hardware stack levels required when called:    1
 This function calls:
		_gpio_pin_write_logic
 This function is called by:
		_lcd_send_command
		_lcd_send_char_data
 This function uses a non-reentrant model


 *************** function _gpio_pin_intialize *****************
 Defined at:
		line 103 in file "MCAL_Layer/GPIO/hal_gpio.c"
 Parameters:    Size  Location     Type
  _pin_config     2   10[COMRAM] PTR const struct .
		 -> lcd1.lcd_data(8), lcd1(12), 
 Auto vars:     Size  Location     Type
  LocalReturn     1   13[COMRAM] unsigned char 
 Return value:  Size  Location     Type
                  1    wreg      unsigned char 
 Registers used:
		wreg, fsr2l, fsr2h, status,2, status,0, prodl, prodh, cstack
 Tracked objects:
		On entry : 
		On exit  : 
		Unchanged: 
 Data sizes:     COMRAM   BANK0   BANK1   BANK2   BANK3   BANK4   BANK5   BANK6   BANK7   BANK8   BANK9  BANK10  BANK11  BANK12  BANK13  BANK14  BANK15
      Params:         2       0       0       0       0       0       0       0       0       0       0       0       0       0       0       0       0
      Locals:         1       0       0       0       0       0       0       0       0       0       0       0       0       0       0       0       0
      Temps:          1       0       0       0       0       0       0       0       0       0       0       0       0       0       0       0       0
      Totals:         4       0       0       0       0       0       0       0       0       0       0       0       0       0       0       0       0
Total ram usage:        4 bytes
 Hardware stack levels used:    1
 Hardware stack levels required when called:    1
 This function calls:
		_gpio_pin_direction_intialize
		_gpio_pin_write_logic
 This function is called by:
		_lcd_initalize
		_keypad_initialize
		_relay_initialize
 This function uses a non-reentrant model


 *************** function _gpio_pin_write_logic *****************
 Defined at:
		line 60 in file "MCAL_Layer/GPIO/hal_gpio.c"
 Parameters:    Size  Location     Type
  _pin_config     2    0[COMRAM] PTR const struct .
		 -> lcd_initalize@lcd_obj.lcd_data(8), lcd_initalize@lcd_obj(2), lcd1.lcd_data(8), lcd1(12), 
  logic           1    2[COMRAM] enum E3078
 Auto vars:     Size  Location     Type
  LocalReturn     1    9[COMRAM] unsigned char 
 Return value:  Size  Location     Type
                  1    wreg      unsigned char 
 Registers used:
		wreg, fsr2l, fsr2h, status,2, status,0, prodl, prodh
 Tracked objects:
		On entry : 
		On exit  : 
		Unchanged: 
 Data sizes:     COMRAM   BANK0   BANK1   BANK2   BANK3   BANK4   BANK5   BANK6   BANK7   BANK8   BANK9  BANK10  BANK11  BANK12  BANK13  BANK14  BANK15
      Params:         3       0       0       0       0       0       0       0       0       0       0       0       0       0       0       0       0
      Locals:         1       0       0       0       0       0       0       0       0       0       0       0       0       0       0       0       0
      Temps:          6       0       0       0       0       0       0       0       0       0       0       0       0       0       0       0       0
      Totals:        10       0       0       0       0       0       0       0       0       0       0       0       0       0       0       0       0
Total ram usage:       10 bytes
 Hardware stack levels used:    1
 This function calls:
		Nothing
 This function is called by:
		_gpio_pin_intialize
		_lcd_send_4_Bits
		_lcd_send_enable_sginal
		_lcd_send_command
		_lcd_send_char_data
		_seven_segment_write_number
		_seven_segment_clear_number
		_seven_segment_enable
		_seven_segment_disable
		_keypad_get_key
		_motor_turn_right
		_motor_turn_left
		_motor_turn_off
		_relay_turn_on
		_relay_turn_off
 This function uses a non-reentrant model


 *************** function _gpio_pin_direction_intialize *****************
 Defined at:
		line 16 in file "MCAL_Layer/GPIO/hal_gpio.c"
 Parameters:    Size  Location     Type
  _pin_config     2    0[COMRAM] PTR const struct .
		 -> lcd1.lcd_data(8), lcd1(12), 
 Auto vars:     Size  Location     Type
  LocalReturn     1    8[COMRAM] unsigned char 
 Return value:  Size  Location     Type
                  1    wreg      unsigned char 
 Registers used:
		wreg, fsr2l, fsr2h, status,2, status,0, prodl, prodh
 Tracked objects:
		On entry : 
		On exit  : 
		Unchanged: 
 Data sizes:     COMRAM   BANK0   BANK1   BANK2   BANK3   BANK4   BANK5   BANK6   BANK7   BANK8   BANK9  BANK10  BANK11  BANK12  BANK13  BANK14  BANK15
      Params:         2       0       0       0       0       0       0       0       0       0       0       0       0       0       0       0       0
      Locals:         1       0       0       0       0       0       0       0       0       0       0       0       0       0       0       0       0
      Temps:          6       0       0       0       0       0       0       0       0       0       0       0       0       0       0       0       0
      Totals:         9       0       0       0       0       0       0       0       0       0       0       0       0       0       0       0       0
Total ram usage:        9 bytes
 Hardware stack levels used:    1
 This function calls:
		Nothing
 This function is called by:
		_gpio_pin_intialize
		_seven_segment_initialize
		_button_initialize
		_motor_initialize
 This function uses a non-reentrant model



MODULE INFORMATION

Module		Function		Class		Link	Load	Size
shared
		_dpowers       		SMALLCONST     	0000	0000	0
		_btn_values    		SMALLCONST     	0000	0000	0
		__initialization		CODE           	164E	0000	77

shared estimated size: 77

ECU_Layer/ecu_layer_prog.c
		_ecu_layer_initialize		CODE           	178A	0000	21

ECU_Layer/ecu_layer_prog.c estimated size: 21

MCAL_Layer/GPIO/hal_gpio.c
		_gpio_pin_write_logic		CODE           	1150	0000	263
		_gpio_pin_intialize		CODE           	14AA	0000	109
		_gpio_pin_direction_intialize		CODE           	1256	0000	227

MCAL_Layer/GPIO/hal_gpio.c estimated size: 599

ECU_Layer/CLCD_Driver/ecu_clcd_prog.c
		_lcd_set_cusor_postion		CODE           	1432	0000	121
		_lcd_send_char_data_position		CODE           	16A0	0000	61
		_lcd_initalize 		CODE           	1020	0000	305
		_lcd_send_command		CODE           	157E	0000	105
		_lcd_send_enable_sginal		CODE           	1718	0000	59
		_lcd_send_char_data		CODE           	1516	0000	105
		_lcd_send_4_Bits		CODE           	15E6	0000	105
		_lcd_send_custom_char_position		CODE           	1338	0000	131

ECU_Layer/CLCD_Driver/ecu_clcd_prog.c estimated size: 992

application.c
		_main          		CODE           	13BA	0000	121
		_functionInitialize		CODE           	179E	0000	7

application.c estimated size: 128

