Microchip MPLAB XC8 Compiler V1.41 ()

Linker command line:

-W-3 --edf=C:\Program Files\Microchip\xc8\v1.41\dat\en_msgs.txt -cs \
  -h+dist/default/production\myProject.production.sym \
  --cmf=dist/default/production\myProject.production.cmf -z -Q18F4620 \
  -oC:\Users\AYAFAR~1\AppData\Local\Temp\sdg.2 \
  -Mdist/default/production/myProject.production.map -E1 -ver=XC8 \
  -ASTACK=080h-0f7fh -pstack=STACK -ACODE=00h-0FFFFh -ACONST=00h-0FFFFh \
  -ASMALLCONST=01000h-010FFhx240 -AMEDIUMCONST=01000h-0FFFFh \
  -ACOMRAM=01h-07Fh -AABS1=00h-0F7Fh -ABIGRAM=01h-0F7Fh \
  -ARAM=080h-0FFh,0100h-01FFhx14,0F00h-0F7Fh -ABANK0=080h-0FFh \
  -ABANK1=0100h-01FFh -ABANK2=0200h-02FFh -ABANK3=0300h-03FFh \
  -ABANK4=0400h-04FFh -ABANK5=0500h-05FFh -ABANK6=0600h-06FFh \
  -ABANK7=0700h-07FFh -ABANK8=0800h-08FFh -ABANK9=0900h-09FFh \
  -ABANK10=0A00h-0AFFh -ABANK11=0B00h-0BFFh -ABANK12=0C00h-0CFFh \
  -ABANK13=0D00h-0DFFh -ABANK14=0E00h-0EFFh -ABANK15=0F00h-0F7Fh \
  -ASFR=0F80h-0FFFh -preset_vec=00h,intcode,intcodelo,powerup,init \
  -pramtop=01000h -psmallconst=SMALLCONST -pmediumconst=MEDIUMCONST \
  -pconst=CONST -AFARRAM=00h-00h -ACONFIG=0300000h-030000Dh -pconfig=CONFIG \
  -AIDLOC=0200000h-0200007h -pidloc=IDLOC -AEEDATA=0F00000h-0F003FFh \
  -peeprom_data=EEDATA \
  -prdata=COMRAM,nvrram=COMRAM,nvbit=COMRAM,rbss=COMRAM,rbit=COMRAM \
  -pfarbss=FARRAM,fardata=FARRAM,nvFARRAM=FARRAM \
  -pintsave_regs=BIGRAM,bigbss=BIGRAM,bigdata=BIGRAM -pbss=RAM \
  -pidata=CODE,irdata=CODE,ibigdata=CODE,ifardata=CODE -prparam=COMRAM \
  C:\Users\AYAFAR~1\AppData\Local\Temp\sdg.obj \
  dist/default/production\myProject.production.obj 

Object code version is 3.11

Machine type is 18F4620

Call graph: (short form)




                Name                               Link     Load   Length Selector   Space Scale
C:\Users\AYAFAR~1\AppData\Local\Temp\sdg.obj
                init                                  0        0        4        0       0
                idloc                            200000   200000        8   200000       0
                config                           300000   300000        E   300000       0
dist/default/production\myProject.production.obj
                text7                              FE1C     FE1C       DE     7F0E       0
                text6                              FEFA     FEFA      106     7F7D       0
                text5                              FDBC     FDBC       60     7EDE       0
                text4                              FCD4     FCD4       24     7E6A       0
                text3                              FCA2     FCA2        E     7E51       0
                text2                              FCF8     FCF8       28     7E7C       0
                text1                              FD20     FD20       28     7E90       0
                text0                              FD72     FD72       4A     7EB9       0
                cstackCOMRAM                         24       24       13        1       1
                dataCOMRAM                            1        1       23        1       1
                cinit                              FD48     FD48       2A     7EA4       0
                idataCOMRAM                        FCB1     FCB1       23     FCB1       0

TOTAL           Name                               Link     Load   Length     Space
        CLASS   STACK          

        CLASS   CODE           
                init                                  0        0        4         0
                text7                              FE1C     FE1C       DE         0
                text6                              FEFA     FEFA      106         0
                text5                              FDBC     FDBC       60         0
                text4                              FCD4     FCD4       24         0
                text3                              FCA2     FCA2        E         0
                text2                              FCF8     FCF8       28         0
                text1                              FD20     FD20       28         0
                text0                              FD72     FD72       4A         0
                cinit                              FD48     FD48       2A         0
                idataCOMRAM                        FCB1     FCB1       23         0

        CLASS   CONST          

        CLASS   SMALLCONST     

        CLASS   MEDIUMCONST    

        CLASS   COMRAM         
                cstackCOMRAM                         24       24       13         1
                dataCOMRAM                            1        1       23         1

        CLASS   ABS1           

        CLASS   BIGRAM         

        CLASS   RAM            

        CLASS   BANK0          

        CLASS   BANK1          

        CLASS   BANK2          

        CLASS   BANK3          

        CLASS   BANK4          

        CLASS   BANK5          

        CLASS   BANK6          

        CLASS   BANK7          

        CLASS   BANK8          

        CLASS   BANK9          

        CLASS   BANK10         

        CLASS   BANK11         

        CLASS   BANK12         

        CLASS   BANK13         

        CLASS   BANK14         

        CLASS   BANK15         

        CLASS   SFR            

        CLASS   FARRAM         

        CLASS   CONFIG         
                config                           300000   300000        E         0

        CLASS   IDLOC          
                idloc                            200000   200000        8         0

        CLASS   EEDATA         



SEGMENTS        Name                           Load    Length   Top    Selector   Space  Class

                reset_vec                      000000  000004  000004         0       0  CODE    
                dataCOMRAM                     000001  000036  000037         1       1  COMRAM  
                text3                          00FCA2  00000E  00FCB0      7E51       0  CODE    
                idataCOMRAM                    00FCB1  000023  00FCD4      FCB1       0  CODE    
                text4                          00FCD4  000024  00FCF8      7E6A       0  CODE    
                text2                          00FCF8  000028  00FD20      7E7C       0  CODE    
                text1                          00FD20  000028  00FD48      7E90       0  CODE    
                cinit                          00FD48  00002A  00FD72      7EA4       0  CODE    
                text0                          00FD72  00004A  00FDBC      7EB9       0  CODE    
                text5                          00FDBC  000060  00FE1C      7EDE       0  CODE    
                text7                          00FE1C  0000DE  00FEFA      7F0E       0  CODE    
                text6                          00FEFA  000106  010000      7F7D       0  CODE    
                idloc                          200000  000008  200008    200000       0  IDLOC   
                config                         300000  00000E  30000E    300000       0  CONFIG  


UNUSED ADDRESS RANGES

        Name                Unused          Largest block    Delta
        BANK0            000080-0000FF               80
        BANK1            000100-0001FF              100
        BANK10           000A00-000AFF              100
        BANK11           000B00-000BFF              100
        BANK12           000C00-000CFF              100
        BANK13           000D00-000DFF              100
        BANK14           000E00-000EFF              100
        BANK15           000F00-000F7F               80
        BANK2            000200-0002FF              100
        BANK3            000300-0003FF              100
        BANK4            000400-0004FF              100
        BANK5            000500-0005FF              100
        BANK6            000600-0006FF              100
        BANK7            000700-0007FF              100
        BANK8            000800-0008FF              100
        BANK9            000900-0009FF              100
        BIGRAM           000037-000F7F              F49
        CODE             000004-00FCA1             FC9E
                         00FCB0-00FCB0                1
        COMRAM           000037-00007F               49
        CONST            000004-00FCA1             FC9E
                         00FCB0-00FCB0                1
        EEDATA           F00000-F003FF              400
        MEDIUMCONST      001000-00FCA1             ECA2
                         00FCB0-00FCB0                1
        RAM              000080-000F7F              100
        SFR              000F80-000FFF               80
        SMALLCONST       001000-00FCA1              100
                         00FCB0-00FCB0                1
        STACK            000080-000F7F              F00

                                  Symbol Table

_LATA                                    (abs)        000F89
_LATB                                    (abs)        000F8A
_LATC                                    (abs)        000F8B
_LATD                                    (abs)        000F8C
_LATE                                    (abs)        000F8D
_PORTA                                   (abs)        000F80
_PORTB                                   (abs)        000F81
_PORTC                                   (abs)        000F82
_PORTD                                   (abs)        000F83
_PORTE                                   (abs)        000F84
_TRISA                                   (abs)        000F92
_TRISB                                   (abs)        000F93
_TRISC                                   (abs)        000F94
_TRISD                                   (abs)        000F95
_TRISE                                   (abs)        000F96
__CFG_BOREN$OFF                          (abs)        000000
__CFG_BORV$1                             (abs)        000000
__CFG_CCP2MX$PORTC                       (abs)        000000
__CFG_CP0$OFF                            (abs)        000000
__CFG_CP1$OFF                            (abs)        000000
__CFG_CP2$OFF                            (abs)        000000
__CFG_CP3$OFF                            (abs)        000000
__CFG_CPB$OFF                            (abs)        000000
__CFG_CPD$OFF                            (abs)        000000
__CFG_EBTR0$OFF                          (abs)        000000
__CFG_EBTR1$OFF                          (abs)        000000
__CFG_EBTR2$OFF                          (abs)        000000
__CFG_EBTR3$OFF                          (abs)        000000
__CFG_EBTRB$OFF                          (abs)        000000
__CFG_FCMEN$OFF                          (abs)        000000
__CFG_IESO$OFF                           (abs)        000000
__CFG_LPT1OSC$OFF                        (abs)        000000
__CFG_LVP$OFF                            (abs)        000000
__CFG_MCLRE$ON                           (abs)        000000
__CFG_OSC$HS                             (abs)        000000
__CFG_PBADEN$OFF                         (abs)        000000
__CFG_PWRT$OFF                           (abs)        000000
__CFG_STVREN$ON                          (abs)        000000
__CFG_WDT$OFF                            (abs)        000000
__CFG_WDTPS$32768                        (abs)        000000
__CFG_WRT0$OFF                           (abs)        000000
__CFG_WRT1$OFF                           (abs)        000000
__CFG_WRT2$OFF                           (abs)        000000
__CFG_WRT3$OFF                           (abs)        000000
__CFG_WRTB$OFF                           (abs)        000000
__CFG_WRTC$OFF                           (abs)        000000
__CFG_WRTD$OFF                           (abs)        000000
__CFG_XINST$OFF                          (abs)        000000
__HRAM                                   (abs)        000000
__Habs1                                  abs1         000000
__Hbank0                                 bank0        000000
__Hbank1                                 bank1        000000
__Hbank10                                bank10       000000
__Hbank11                                bank11       000000
__Hbank12                                bank12       000000
__Hbank13                                bank13       000000
__Hbank14                                bank14       000000
__Hbank15                                bank15       000000
__Hbank2                                 bank2        000000
__Hbank3                                 bank3        000000
__Hbank4                                 bank4        000000
__Hbank5                                 bank5        000000
__Hbank6                                 bank6        000000
__Hbank7                                 bank7        000000
__Hbank8                                 bank8        000000
__Hbank9                                 bank9        000000
__Hbigbss                                bigbss       000000
__Hbigdata                               bigdata      000000
__Hbigram                                bigram       000000
__Hbss                                   bss          000000
__Hcinit                                 cinit        000000
__Hclrtext                               clrtext      000000
__Hcomram                                comram       000000
__Hconfig                                config       30000E
__Hconst                                 const        000000
__HcstackCOMRAM                          cstackCOMRAM 000000
__Hdata                                  data         000000
__HdataCOMRAM                            dataCOMRAM   000000
__Heeprom_data                           eeprom_data  000000
__Hfarbss                                farbss       000000
__Hfardata                               fardata      000000
__Hibigdata                              ibigdata     000000
__Hidata                                 idata        000000
__HidataCOMRAM                           idataCOMRAM  000000
__Hidloc                                 idloc        200008
__Hifardata                              ifardata     000000
__Hinit                                  init         000004
__Hintcode                               intcode      000000
__Hintcode_body                          intcode_body 000000
__Hintcodelo                             intcodelo    000000
__Hintentry                              intentry     000000
__Hintret                                intret       000000
__Hintsave_regs                          intsave_regs 000000
__Hirdata                                irdata       000000
__Hmediumconst                           mediumconst  000000
__HnvFARRAM                              nvFARRAM     000000
__Hnvbit                                 nvbit        000000
__Hnvrram                                nvrram       000000
__Hparam                                 rparam       000000
__Hpowerup                               powerup      000000
__Hram                                   ram          000000
__Hramtop                                ramtop       001000
__Hrbit                                  rbit         000000
__Hrbss                                  rbss         000000
__Hrdata                                 rdata        000000
__Hreset_vec                             reset_vec    000000
__Hrparam                                rparam       000000
__Hsfr                                   sfr          000000
__Hsmallconst                            smallconst   000000
__Hspace_0                               (abs)        30000E
__Hspace_1                               (abs)        000037
__Hspace_2                               (abs)        000000
__Hstack                                 stack        000000
__Hstruct                                struct       000000
__Htemp                                  temp         000000
__Htext                                  text         000000
__Htext0                                 text0        000000
__Htext1                                 text1        000000
__Htext2                                 text2        000000
__Htext3                                 text3        000000
__Htext4                                 text4        000000
__Htext5                                 text5        000000
__Htext6                                 text6        000000
__Htext7                                 text7        000000
__LRAM                                   (abs)        000001
__Labs1                                  abs1         000000
__Lbank0                                 bank0        000000
__Lbank1                                 bank1        000000
__Lbank10                                bank10       000000
__Lbank11                                bank11       000000
__Lbank12                                bank12       000000
__Lbank13                                bank13       000000
__Lbank14                                bank14       000000
__Lbank15                                bank15       000000
__Lbank2                                 bank2        000000
__Lbank3                                 bank3        000000
__Lbank4                                 bank4        000000
__Lbank5                                 bank5        000000
__Lbank6                                 bank6        000000
__Lbank7                                 bank7        000000
__Lbank8                                 bank8        000000
__Lbank9                                 bank9        000000
__Lbigbss                                bigbss       000000
__Lbigdata                               bigdata      000000
__Lbigram                                bigram       000000
__Lbss                                   bss          000000
__Lcinit                                 cinit        000000
__Lclrtext                               clrtext      000000
__Lcomram                                comram       000000
__Lconfig                                config       300000
__Lconst                                 const        000000
__LcstackCOMRAM                          cstackCOMRAM 000000
__Ldata                                  data         000000
__LdataCOMRAM                            dataCOMRAM   000000
__Leeprom_data                           eeprom_data  000000
__Lfarbss                                farbss       000000
__Lfardata                               fardata      000000
__Libigdata                              ibigdata     000000
__Lidata                                 idata        000000
__LidataCOMRAM                           idataCOMRAM  000000
__Lidloc                                 idloc        200000
__Lifardata                              ifardata     000000
__Linit                                  init         000000
__Lintcode                               intcode      000000
__Lintcode_body                          intcode_body 000000
__Lintcodelo                             intcodelo    000000
__Lintentry                              intentry     000000
__Lintret                                intret       000000
__Lintsave_regs                          intsave_regs 000000
__Lirdata                                irdata       000000
__Lmediumconst                           mediumconst  000000
__LnvFARRAM                              nvFARRAM     000000
__Lnvbit                                 nvbit        000000
__Lnvrram                                nvrram       000000
__Lparam                                 rparam       000000
__Lpowerup                               powerup      000000
__Lram                                   ram          000000
__Lramtop                                ramtop       001000
__Lrbit                                  rbit         000000
__Lrbss                                  rbss         000000
__Lrdata                                 rdata        000000
__Lreset_vec                             reset_vec    000000
__Lrparam                                rparam       000000
__Lsfr                                   sfr          000000
__Lsmallconst                            smallconst   000000
__Lspace_0                               (abs)        000000
__Lspace_1                               (abs)        000000
__Lspace_2                               (abs)        000000
__Lstack                                 stack        000000
__Lstruct                                struct       000000
__Ltemp                                  temp         000000
__Ltext                                  text         000000
__Ltext0                                 text0        000000
__Ltext1                                 text1        000000
__Ltext2                                 text2        000000
__Ltext3                                 text3        000000
__Ltext4                                 text4        000000
__Ltext5                                 text5        000000
__Ltext6                                 text6        000000
__Ltext7                                 text7        000000
__S0                                     (abs)        30000E
__S1                                     (abs)        000037
__S2                                     (abs)        000000
___inthi_sp                              stack        000000
___intlo_sp                              stack        000000
___param_bank                            (abs)        000000
___rparam_used                           (abs)        000001
___sp                                    stack        000000
__accesstop                              (abs)        000080
__activetblptr                           (abs)        000002
__end_of__initialization                 cinit        00FD68
__end_of_functionInitialize              text3        00FCB0
__end_of_gpio_pin_direction_intialize    text7        00FEFA
__end_of_gpio_pin_intialize              text5        00FE1C
__end_of_gpio_pin_write_logic            text6        010000
__end_of_main                            text0        00FDBC
__end_of_relay_initialize                text4        00FCF8
__end_of_relay_turn_off                  text2        00FD20
__end_of_relay_turn_on                   text1        00FD48
__initialization                         cinit        00FD48
__mediumconst                            mediumconst  000000
__pcinit                                 cinit        00FD48
__pcstackCOMRAM                          cstackCOMRAM 000024
__pdataCOMRAM                            dataCOMRAM   000001
__pidataCOMRAM                           idataCOMRAM  00FCB1
__ptext0                                 text0        00FD72
__ptext1                                 text1        00FD20
__ptext2                                 text2        00FCF8
__ptext3                                 text3        00FCA2
__ptext4                                 text4        00FCD4
__ptext5                                 text5        00FDBC
__ptext6                                 text6        00FEFA
__ptext7                                 text7        00FE1C
__ramtop                                 ramtop       001000
__size_of_functionInitialize             (abs)        000000
__size_of_gpio_pin_direction_intialize   (abs)        000000
__size_of_gpio_pin_intialize             (abs)        000000
__size_of_gpio_pin_write_logic           (abs)        000000
__size_of_main                           (abs)        000000
__size_of_relay_initialize               (abs)        000000
__size_of_relay_turn_off                 (abs)        000000
__size_of_relay_turn_on                  (abs)        000000
__smallconst                             smallconst   000000
_functionInitialize                      text3        00FCA2
_gpio_pin_direction_intialize            text7        00FE1C
_gpio_pin_intialize                      text5        00FDBC
_gpio_pin_write_logic                    text6        00FEFA
_lat_register                            dataCOMRAM   000001
_main                                    text0        00FD72
_port_register                           dataCOMRAM   00000B
_relay1                                  dataCOMRAM   00001F
_relay_initialize                        text4        00FCD4
_relay_turn_off                          text2        00FCF8
_relay_turn_on                           text1        00FD20
_tris_register                           dataCOMRAM   000015
end_of_initialization                    cinit        00FD68
gpio_pin_direction_intialize@LocalReturn cstackCOMRAM 00002C
gpio_pin_direction_intialize@_pin_config cstackCOMRAM 000024
gpio_pin_intialize@LocalReturn           cstackCOMRAM 000031
gpio_pin_intialize@_pin_config           cstackCOMRAM 00002E
gpio_pin_write_logic@LocalReturn         cstackCOMRAM 00002D
gpio_pin_write_logic@_pin_config         cstackCOMRAM 000024
gpio_pin_write_logic@logic               cstackCOMRAM 000026
intlevel0                                text         000000
intlevel1                                text         000000
intlevel2                                text         000000
intlevel3                                text         000000
relay_initialize@Local_Status            cstackCOMRAM 000034
relay_initialize@relay_obj               cstackCOMRAM 000032
relay_turn_off@Local_Status              cstackCOMRAM 000030
relay_turn_off@relay_obj                 cstackCOMRAM 00002E
relay_turn_on@Local_Status               cstackCOMRAM 000030
relay_turn_on@relay_obj                  cstackCOMRAM 00002E
stackhi                                  (abs)        000F7F
stacklo                                  (abs)        000080
start                                    init         000000
start_initialization                     cinit        00FD48


FUNCTION INFORMATION:

 *************** function _main *****************
 Defined at:
		line 18 in file "application.c"
 Parameters:    Size  Location     Type
		None
 Auto vars:     Size  Location     Type
		None
 Return value:  Size  Location     Type
                  2  286[None  ] int 
 Registers used:
		wreg, fsr2l, fsr2h, status,2, status,0, prodl, prodh, cstack
 Tracked objects:
		On entry : 
		On exit  : 
		Unchanged: 
 Data sizes:     COMRAM   BANK0   BANK1   BANK2   BANK3   BANK4   BANK5   BANK6   BANK7   BANK8   BANK9  BANK10  BANK11  BANK12  BANK13  BANK14  BANK15
      Params:         0       0       0       0       0       0       0       0       0       0       0       0       0       0       0       0       0
      Locals:         0       0       0       0       0       0       0       0       0       0       0       0       0       0       0       0       0
      Temps:          2       0       0       0       0       0       0       0       0       0       0       0       0       0       0       0       0
      Totals:         2       0       0       0       0       0       0       0       0       0       0       0       0       0       0       0       0
Total ram usage:        2 bytes
 Hardware stack levels required when called:    4
 This function calls:
		_functionInitialize
		_relay_turn_off
		_relay_turn_on
 This function is called by:
		Startup code after reset
 This function uses a non-reentrant model


 *************** function _relay_turn_on *****************
 Defined at:
		line 32 in file "ECU_Layer/Relay/ecu_realy_prog.c"
 Parameters:    Size  Location     Type
  relay_obj       2   10[COMRAM] PTR const struct .
		 -> relay1(5), 
 Auto vars:     Size  Location     Type
  Local_Status    1   12[COMRAM] unsigned char 
 Return value:  Size  Location     Type
                  1    wreg      unsigned char 
 Registers used:
		wreg, fsr2l, fsr2h, status,2, status,0, prodl, prodh, cstack
 Tracked objects:
		On entry : 
		On exit  : 
		Unchanged: 
 Data sizes:     COMRAM   BANK0   BANK1   BANK2   BANK3   BANK4   BANK5   BANK6   BANK7   BANK8   BANK9  BANK10  BANK11  BANK12  BANK13  BANK14  BANK15
      Params:         2       0       0       0       0       0       0       0       0       0       0       0       0       0       0       0       0
      Locals:         1       0       0       0       0       0       0       0       0       0       0       0       0       0       0       0       0
      Temps:          0       0       0       0       0       0       0       0       0       0       0       0       0       0       0       0       0
      Totals:         3       0       0       0       0       0       0       0       0       0       0       0       0       0       0       0       0
Total ram usage:        3 bytes
 Hardware stack levels used:    1
 Hardware stack levels required when called:    1
 This function calls:
		_gpio_pin_write_logic
 This function is called by:
		_main
 This function uses a non-reentrant model


 *************** function _relay_turn_off *****************
 Defined at:
		line 49 in file "ECU_Layer/Relay/ecu_realy_prog.c"
 Parameters:    Size  Location     Type
  relay_obj       2   10[COMRAM] PTR const struct .
		 -> relay1(5), 
 Auto vars:     Size  Location     Type
  Local_Status    1   12[COMRAM] unsigned char 
 Return value:  Size  Location     Type
                  1    wreg      unsigned char 
 Registers used:
		wreg, fsr2l, fsr2h, status,2, status,0, prodl, prodh, cstack
 Tracked objects:
		On entry : 
		On exit  : 
		Unchanged: 
 Data sizes:     COMRAM   BANK0   BANK1   BANK2   BANK3   BANK4   BANK5   BANK6   BANK7   BANK8   BANK9  BANK10  BANK11  BANK12  BANK13  BANK14  BANK15
      Params:         2       0       0       0       0       0       0       0       0       0       0       0       0       0       0       0       0
      Locals:         1       0       0       0       0       0       0       0       0       0       0       0       0       0       0       0       0
      Temps:          0       0       0       0       0       0       0       0       0       0       0       0       0       0       0       0       0
      Totals:         3       0       0       0       0       0       0       0       0       0       0       0       0       0       0       0       0
Total ram usage:        3 bytes
 Hardware stack levels used:    1
 Hardware stack levels required when called:    1
 This function calls:
		_gpio_pin_write_logic
 This function is called by:
		_main
 This function uses a non-reentrant model


 *************** function _functionInitialize *****************
 Defined at:
		line 27 in file "application.c"
 Parameters:    Size  Location     Type
		None
 Auto vars:     Size  Location     Type
		None
 Return value:  Size  Location     Type
                  1    wreg      void 
 Registers used:
		wreg, fsr2l, fsr2h, status,2, status,0, prodl, prodh, cstack
 Tracked objects:
		On entry : 
		On exit  : 
		Unchanged: 
 Data sizes:     COMRAM   BANK0   BANK1   BANK2   BANK3   BANK4   BANK5   BANK6   BANK7   BANK8   BANK9  BANK10  BANK11  BANK12  BANK13  BANK14  BANK15
      Params:         0       0       0       0       0       0       0       0       0       0       0       0       0       0       0       0       0
      Locals:         0       0       0       0       0       0       0       0       0       0       0       0       0       0       0       0       0
      Temps:          0       0       0       0       0       0       0       0       0       0       0       0       0       0       0       0       0
      Totals:         0       0       0       0       0       0       0       0       0       0       0       0       0       0       0       0       0
Total ram usage:        0 bytes
 Hardware stack levels used:    1
 Hardware stack levels required when called:    3
 This function calls:
		_relay_initialize
 This function is called by:
		_main
 This function uses a non-reentrant model


 *************** function _relay_initialize *****************
 Defined at:
		line 15 in file "ECU_Layer/Relay/ecu_realy_prog.c"
 Parameters:    Size  Location     Type
  relay_obj       2   14[COMRAM] PTR const struct .
		 -> relay1(5), 
 Auto vars:     Size  Location     Type
  Local_Status    1   16[COMRAM] unsigned char 
 Return value:  Size  Location     Type
                  1    wreg      unsigned char 
 Registers used:
		wreg, fsr2l, fsr2h, status,2, status,0, prodl, prodh, cstack
 Tracked objects:
		On entry : 
		On exit  : 
		Unchanged: 
 Data sizes:     COMRAM   BANK0   BANK1   BANK2   BANK3   BANK4   BANK5   BANK6   BANK7   BANK8   BANK9  BANK10  BANK11  BANK12  BANK13  BANK14  BANK15
      Params:         2       0       0       0       0       0       0       0       0       0       0       0       0       0       0       0       0
      Locals:         1       0       0       0       0       0       0       0       0       0       0       0       0       0       0       0       0
      Temps:          0       0       0       0       0       0       0       0       0       0       0       0       0       0       0       0       0
      Totals:         3       0       0       0       0       0       0       0       0       0       0       0       0       0       0       0       0
Total ram usage:        3 bytes
 Hardware stack levels used:    1
 Hardware stack levels required when called:    2
 This function calls:
		_gpio_pin_intialize
 This function is called by:
		_functionInitialize
 This function uses a non-reentrant model


 *************** function _gpio_pin_intialize *****************
 Defined at:
		line 103 in file "MCAL_Layer/GPIO/hal_gpio.c"
 Parameters:    Size  Location     Type
  _pin_config     2   10[COMRAM] PTR const struct .
		 -> relay1(5), 
 Auto vars:     Size  Location     Type
  LocalReturn     1   13[COMRAM] unsigned char 
 Return value:  Size  Location     Type
                  1    wreg      unsigned char 
 Registers used:
		wreg, fsr2l, fsr2h, status,2, status,0, prodl, prodh, cstack
 Tracked objects:
		On entry : 
		On exit  : 
		Unchanged: 
 Data sizes:     COMRAM   BANK0   BANK1   BANK2   BANK3   BANK4   BANK5   BANK6   BANK7   BANK8   BANK9  BANK10  BANK11  BANK12  BANK13  BANK14  BANK15
      Params:         2       0       0       0       0       0       0       0       0       0       0       0       0       0       0       0       0
      Locals:         1       0       0       0       0       0       0       0       0       0       0       0       0       0       0       0       0
      Temps:          1       0       0       0       0       0       0       0       0       0       0       0       0       0       0       0       0
      Totals:         4       0       0       0       0       0       0       0       0       0       0       0       0       0       0       0       0
Total ram usage:        4 bytes
 Hardware stack levels used:    1
 Hardware stack levels required when called:    1
 This function calls:
		_gpio_pin_direction_intialize
		_gpio_pin_write_logic
 This function is called by:
		_relay_initialize
 This function uses a non-reentrant model


 *************** function _gpio_pin_write_logic *****************
 Defined at:
		line 60 in file "MCAL_Layer/GPIO/hal_gpio.c"
 Parameters:    Size  Location     Type
  _pin_config     2    0[COMRAM] PTR const struct .
		 -> relay1(5), 
  logic           1    2[COMRAM] enum E3078
 Auto vars:     Size  Location     Type
  LocalReturn     1    9[COMRAM] unsigned char 
 Return value:  Size  Location     Type
                  1    wreg      unsigned char 
 Registers used:
		wreg, fsr2l, fsr2h, status,2, status,0, prodl, prodh
 Tracked objects:
		On entry : 
		On exit  : 
		Unchanged: 
 Data sizes:     COMRAM   BANK0   BANK1   BANK2   BANK3   BANK4   BANK5   BANK6   BANK7   BANK8   BANK9  BANK10  BANK11  BANK12  BANK13  BANK14  BANK15
      Params:         3       0       0       0       0       0       0       0       0       0       0       0       0       0       0       0       0
      Locals:         1       0       0       0       0       0       0       0       0       0       0       0       0       0       0       0       0
      Temps:          6       0       0       0       0       0       0       0       0       0       0       0       0       0       0       0       0
      Totals:        10       0       0       0       0       0       0       0       0       0       0       0       0       0       0       0       0
Total ram usage:       10 bytes
 Hardware stack levels used:    1
 This function calls:
		Nothing
 This function is called by:
		_gpio_pin_intialize
		_relay_turn_on
		_relay_turn_off
 This function uses a non-reentrant model


 *************** function _gpio_pin_direction_intialize *****************
 Defined at:
		line 16 in file "MCAL_Layer/GPIO/hal_gpio.c"
 Parameters:    Size  Location     Type
  _pin_config     2    0[COMRAM] PTR const struct .
		 -> relay1(5), 
 Auto vars:     Size  Location     Type
  LocalReturn     1    8[COMRAM] unsigned char 
 Return value:  Size  Location     Type
                  1    wreg      unsigned char 
 Registers used:
		wreg, fsr2l, fsr2h, status,2, status,0, prodl, prodh
 Tracked objects:
		On entry : 
		On exit  : 
		Unchanged: 
 Data sizes:     COMRAM   BANK0   BANK1   BANK2   BANK3   BANK4   BANK5   BANK6   BANK7   BANK8   BANK9  BANK10  BANK11  BANK12  BANK13  BANK14  BANK15
      Params:         2       0       0       0       0       0       0       0       0       0       0       0       0       0       0       0       0
      Locals:         1       0       0       0       0       0       0       0       0       0       0       0       0       0       0       0       0
      Temps:          6       0       0       0       0       0       0       0       0       0       0       0       0       0       0       0       0
      Totals:         9       0       0       0       0       0       0       0       0       0       0       0       0       0       0       0       0
Total ram usage:        9 bytes
 Hardware stack levels used:    1
 This function calls:
		Nothing
 This function is called by:
		_gpio_pin_intialize
		_button_initialize
 This function uses a non-reentrant model



MODULE INFORMATION

Module		Function		Class		Link	Load	Size
ECU_Layer/Relay/ecu_realy_prog.c
		_relay_turn_off		CODE           	FCF8	0000	41
		_relay_initialize		CODE           	FCD4	0000	37
		_relay_turn_on 		CODE           	FD20	0000	41

ECU_Layer/Relay/ecu_realy_prog.c estimated size: 119

shared
		__initialization		CODE           	FD48	0000	33

shared estimated size: 33

MCAL_Layer/GPIO/hal_gpio.c
		_gpio_pin_write_logic		CODE           	FEFA	0000	263
		_gpio_pin_intialize		CODE           	FDBC	0000	97
		_gpio_pin_direction_intialize		CODE           	FE1C	0000	223

MCAL_Layer/GPIO/hal_gpio.c estimated size: 583

application.c
		_main          		CODE           	FD72	0000	75
		_functionInitialize		CODE           	FCA2	0000	15

application.c estimated size: 90

