Microchip MPLAB XC8 Compiler V1.41 ()

Linker command line:

-W-3 --edf=C:\Program Files\Microchip\xc8\v1.41\dat\en_msgs.txt -cs \
  -h+dist/default/production\Code.production.sym \
  --cmf=dist/default/production\Code.production.cmf -z -Q18F4620 \
  -oC:\Users\AYAFAR~1\AppData\Local\Temp\sbtc.2 \
  -Mdist/default/production/Code.production.map -E1 -ver=XC8 \
  -ASTACK=08Ch-0f7fh -pstack=STACK -ACODE=00h-0FFFFh -ACONST=00h-0FFFFh \
  -ASMALLCONST=01000h-010FFhx240 -AMEDIUMCONST=01000h-0FFFFh \
  -ACOMRAM=01h-07Fh -AABS1=00h-0F7Fh -ABIGRAM=01h-0F7Fh \
  -ARAM=080h-0FFh,0100h-01FFhx14,0F00h-0F7Fh -ABANK0=080h-0FFh \
  -ABANK1=0100h-01FFh -ABANK2=0200h-02FFh -ABANK3=0300h-03FFh \
  -ABANK4=0400h-04FFh -ABANK5=0500h-05FFh -ABANK6=0600h-06FFh \
  -ABANK7=0700h-07FFh -ABANK8=0800h-08FFh -ABANK9=0900h-09FFh \
  -ABANK10=0A00h-0AFFh -ABANK11=0B00h-0BFFh -ABANK12=0C00h-0CFFh \
  -ABANK13=0D00h-0DFFh -ABANK14=0E00h-0EFFh -ABANK15=0F00h-0F7Fh \
  -ASFR=0F80h-0FFFh -preset_vec=00h,intcode=08h,intcodelo,powerup,init \
  -pramtop=01000h -psmallconst=SMALLCONST -pmediumconst=MEDIUMCONST \
  -pconst=CONST -AFARRAM=00h-00h -ACONFIG=0300000h-030000Dh -pconfig=CONFIG \
  -AIDLOC=0200000h-0200007h -pidloc=IDLOC -AEEDATA=0F00000h-0F003FFh \
  -peeprom_data=EEDATA \
  -prdata=COMRAM,nvrram=COMRAM,nvbit=COMRAM,rbss=COMRAM,rbit=COMRAM \
  -pfarbss=FARRAM,fardata=FARRAM,nvFARRAM=FARRAM \
  -pintsave_regs=BIGRAM,bigbss=BIGRAM,bigdata=BIGRAM -pbss=RAM \
  -pidata=CODE,irdata=CODE,ibigdata=CODE,ifardata=CODE -prparam=COMRAM \
  C:\Users\AYAFAR~1\AppData\Local\Temp\sbtc.obj \
  dist/default/production\Code.production.obj 

Object code version is 3.11

Machine type is 18F4620

Call graph: (short form)




                Name                               Link     Load   Length Selector   Space Scale
C:\Users\AYAFAR~1\AppData\Local\Temp\sbtc.obj
                init                                  E        E        4        4       0
                reset_vec                             0        0        4        0       0
                idloc                            200000   200000        8   200000       0
                config                           300000   300000        E   300000       0
dist/default/production\Code.production.obj
                intcode                               8        8        6        4       0
                temp                                 6C       6C        1        1       1
                smallconst                         1000     1000       12      800       0
                text29                             1864     1864       3E      809       0
                text28                             1A02     1A02       1E      809       0
                text27                             19E2     19E2       20      809       0
                text26                             19C2     19C2       20      809       0
                text25                             19A2     19A2       20      809       0
                text24                             1A48     1A48        6      809       0
                text23                             1A42     1A42        6      809       0
                text22                             1A3C     1A3C        6      809       0
                text21                             1A36     1A36        6      809       0
                intcode_body                       1012     1012      1A4      809       0
                text19                             1826     1826       3E      809       0
                text18                             179E     179E       4A      809       0
                text17                             1754     1754       4A      809       0
                text16                             12BC     12BC       C6      809       0
                text15                             165A     165A       56      809       0
                text14                             11B6     11B6      106      809       0
                text13                             190E     190E       34      809       0
                text12                             1982     1982       20      809       0
                text11                             1962     1962       20      809       0
                text10                             1942     1942       20      809       0
                text9                              1382     1382       88      809       0
                text8                              150E     150E       7C      809       0
                text7                              148C     148C       82      809       0
                text6                              1602     1602       58      809       0
                text5                              1A20     1A20       16      809       0
                text4                              140A     140A       82      809       0
                text3                              158A     158A       78      809       0
                text2                              1702     1702       52      809       0
                text1                              16B0     16B0       52      809       0
                text0                              18D8     18D8       36      809       0
                cstackCOMRAM                         56       56       16        1       1
                cstackBANK0                          80       80        C       80       1
                dataCOMRAM                            1        1       3E        1       1
                bssCOMRAM                            3F       3F       17        1       1
                cinit                              18A2     18A2       36      809       0
                idataCOMRAM                        17E8     17E8       3E      809       0

TOTAL           Name                               Link     Load   Length     Space
        CLASS   STACK          

        CLASS   CODE           
                intcode                               8        8        6         0
                init                                  E        E        4         0
                reset_vec                             0        0        4         0
                text29                             1864     1864       3E         0
                text28                             1A02     1A02       1E         0
                text27                             19E2     19E2       20         0
                text26                             19C2     19C2       20         0
                text25                             19A2     19A2       20         0
                text24                             1A48     1A48        6         0
                text23                             1A42     1A42        6         0
                text22                             1A3C     1A3C        6         0
                text21                             1A36     1A36        6         0
                intcode_body                       1012     1012      1A4         0
                text19                             1826     1826       3E         0
                text18                             179E     179E       4A         0
                text17                             1754     1754       4A         0
                text16                             12BC     12BC       C6         0
                text15                             165A     165A       56         0
                text14                             11B6     11B6      106         0
                text13                             190E     190E       34         0
                text12                             1982     1982       20         0
                text11                             1962     1962       20         0
                text10                             1942     1942       20         0
                text9                              1382     1382       88         0
                text8                              150E     150E       7C         0
                text7                              148C     148C       82         0
                text6                              1602     1602       58         0
                text5                              1A20     1A20       16         0
                text4                              140A     140A       82         0
                text3                              158A     158A       78         0
                text2                              1702     1702       52         0
                text1                              16B0     16B0       52         0
                text0                              18D8     18D8       36         0
                cinit                              18A2     18A2       36         0
                idataCOMRAM                        17E8     17E8       3E         0

        CLASS   CONST          

        CLASS   SMALLCONST     
                smallconst                         1000     1000       12         0

        CLASS   MEDIUMCONST    

        CLASS   COMRAM         
                temp                                 6C       6C        1         1
                cstackCOMRAM                         56       56       16         1
                dataCOMRAM                            1        1       3E         1
                bssCOMRAM                            3F       3F       17         1

        CLASS   ABS1           

        CLASS   BIGRAM         

        CLASS   RAM            

        CLASS   BANK0          
                cstackBANK0                          80       80        C         1

        CLASS   BANK1          

        CLASS   BANK2          

        CLASS   BANK3          

        CLASS   BANK4          

        CLASS   BANK5          

        CLASS   BANK6          

        CLASS   BANK7          

        CLASS   BANK8          

        CLASS   BANK9          

        CLASS   BANK10         

        CLASS   BANK11         

        CLASS   BANK12         

        CLASS   BANK13         

        CLASS   BANK14         

        CLASS   BANK15         

        CLASS   SFR            

        CLASS   FARRAM         

        CLASS   CONFIG         
                config                           300000   300000        E         0

        CLASS   IDLOC          
                idloc                            200000   200000        8         0

        CLASS   EEDATA         



SEGMENTS        Name                           Load    Length   Top    Selector   Space  Class

                reset_vec                      000000  000004  000004         0       0  CODE    
                dataCOMRAM                     000001  00006C  00006D         1       1  COMRAM  
                intcode                        000008  00000A  000012         4       0  CODE    
                cstackBANK0                    000080  00000C  00008C        80       1  BANK0   
                smallconst                     001000  000012  001012       800       0  SMALLCON
                intcode_body                   001012  000A3C  001A4E       809       0  CODE    
                idloc                          200000  000008  200008    200000       0  IDLOC   
                config                         300000  00000E  30000E    300000       0  CONFIG  


UNUSED ADDRESS RANGES

        Name                Unused          Largest block    Delta
        BANK0            00008C-0000FF               74
        BANK1            000100-0001FF              100
        BANK10           000A00-000AFF              100
        BANK11           000B00-000BFF              100
        BANK12           000C00-000CFF              100
        BANK13           000D00-000DFF              100
        BANK14           000E00-000EFF              100
        BANK15           000F00-000F7F               80
        BANK2            000200-0002FF              100
        BANK3            000300-0003FF              100
        BANK4            000400-0004FF              100
        BANK5            000500-0005FF              100
        BANK6            000600-0006FF              100
        BANK7            000700-0007FF              100
        BANK8            000800-0008FF              100
        BANK9            000900-0009FF              100
        BIGRAM           00006D-00007F               13
                         00008C-000F7F              EF4
        CODE             000004-000007                4
                         000012-000FFF              FEE
                         001A4E-00FFFF             E5B2
        COMRAM           00006D-00007F               13
        CONST            000004-000007                4
                         000012-000FFF              FEE
                         001A4E-00FFFF             E5B2
        EEDATA           F00000-F003FF              400
        MEDIUMCONST      001A4E-00FFFF             E5B2
        RAM              00008C-000F7F              100
        SFR              000F80-000FFF               80
        SMALLCONST       001A4E-00FFFF              100
        STACK            00008C-000F7F              EF4

                                  Symbol Table

EEPROM_Read_DataByByte@Local_State           cstackCOMRAM 000069
EEPROM_Read_DataByByte@byteAddress           cstackBANK0  000080
EEPROM_Read_DataByByte@data                  cstackBANK0  000082
EEPROM_Write_DataByByte@Local_State          cstackCOMRAM 000059
EEPROM_Write_DataByByte@byteAddress          cstackCOMRAM 000056
EEPROM_Write_DataByByte@data                 cstackCOMRAM 000058
EEPROM_Write_DataByByte@interrupt_Status     cstackCOMRAM 00005A
INT0_SetInterruptHandler@InterruptHandler    cstackCOMRAM 000069
INT0_SetInterruptHandler@ret                 cstackCOMRAM 00006B
INT1_SetInterruptHandler@InterruptHandler    cstackCOMRAM 000069
INT1_SetInterruptHandler@ret                 cstackCOMRAM 00006B
INT2_SetInterruptHandler@InterruptHandler    cstackCOMRAM 000069
INT2_SetInterruptHandler@ret                 cstackCOMRAM 00006B
Interrupt_INTx_Clear_Flag@int_obj            cstackCOMRAM 000069
Interrupt_INTx_Clear_Flag@ret                cstackCOMRAM 00006B
Interrupt_INTx_Disable@int_obj               cstackCOMRAM 000069
Interrupt_INTx_Disable@ret                   cstackCOMRAM 00006B
Interrupt_INTx_Edge_Init@int_obj             cstackCOMRAM 000069
Interrupt_INTx_Edge_Init@ret                 cstackBANK0  000080
Interrupt_INTx_Enable@int_obj                cstackCOMRAM 000069
Interrupt_INTx_Enable@ret                    cstackCOMRAM 00006B
Interrupt_INTx_Init@int_obj                  cstackBANK0  000089
Interrupt_INTx_Init@ret                      cstackBANK0  00008B
Interrupt_INTx_Pin_Init@int_obj              cstackBANK0  000086
Interrupt_INTx_Pin_Init@ret                  cstackBANK0  000088
Interrupt_INTx_SetInterruptHandler@int_obj   cstackBANK0  000080
Interrupt_INTx_SetInterruptHandler@ret       cstackBANK0  000082
RB4_ISR@source                               cstackCOMRAM 000056
RB5_ISR@source                               cstackCOMRAM 000056
RB6_ISR@source                               cstackCOMRAM 000056
RB7_ISR@source                               cstackCOMRAM 000056
_EEADR                                       (abs)        000FA9
_EEADRH                                      (abs)        000FAA
_EECON1bits                                  (abs)        000FA6
_EECON2                                      (abs)        000FA7
_EEDATA                                      (abs)        000FA8
_EEPROM_Read_DataByByte                      text19       001826
_EEPROM_Write_DataByByte                     text29       001864
_INT0_APP_ISR                                text28       001A02
_INT0_ISR                                    text27       0019E2
_INT0_InterruptHandler                       bssCOMRAM    000053
_INT0_SetInterruptHandler                    text12       001982
_INT0_obj                                    dataCOMRAM   000033
_INT1_ISR                                    text26       0019C2
_INT1_InterruptHandler                       bssCOMRAM    000051
_INT1_SetInterruptHandler                    text11       001962
_INT2_ISR                                    text25       0019A2
_INT2_InterruptHandler                       bssCOMRAM    00004F
_INT2_SetInterruptHandler                    text10       001942
_INTCON2bits                                 (abs)        000FF1
_INTCON3bits                                 (abs)        000FF0
_INTCONbits                                  (abs)        000FF2
_InterruptManager                            intcode      000008
_Interrupt_INTx_Clear_Flag                   text18       00179E
_Interrupt_INTx_Disable                      text17       001754
_Interrupt_INTx_Edge_Init                    text16       0012BC
_Interrupt_INTx_Enable                       text15       00165A
_Interrupt_INTx_Init                         text8        00150E
_Interrupt_INTx_Pin_Init                     text13       00190E
_Interrupt_INTx_SetInterruptHandler          text9        001382
_LATA                                        (abs)        000F89
_LATB                                        (abs)        000F8A
_LATC                                        (abs)        000F8B
_LATD                                        (abs)        000F8C
_LATE                                        (abs)        000F8D
_PORTA                                       (abs)        000F80
_PORTB                                       (abs)        000F81
_PORTBbits                                   (abs)        000F81
_PORTC                                       (abs)        000F82
_PORTD                                       (abs)        000F83
_PORTE                                       (abs)        000F84
_RB4_Flag                                    dataCOMRAM   000032
_RB4_ISR                                     text24       001A48
_RB4_InterruptHandler_HIGH                   bssCOMRAM    00004D
_RB4_InterruptHandler_LOW                    bssCOMRAM    000045
_RB5_Flag                                    dataCOMRAM   000031
_RB5_ISR                                     text23       001A42
_RB5_InterruptHandler_HIGH                   bssCOMRAM    00004B
_RB5_InterruptHandler_LOW                    bssCOMRAM    000043
_RB6_Flag                                    dataCOMRAM   000030
_RB6_ISR                                     text22       001A3C
_RB6_InterruptHandler_HIGH                   bssCOMRAM    000049
_RB6_InterruptHandler_LOW                    bssCOMRAM    000041
_RB7_Flag                                    dataCOMRAM   00002F
_RB7_ISR                                     text21       001A36
_RB7_InterruptHandler_HIGH                   bssCOMRAM    000047
_RB7_InterruptHandler_LOW                    bssCOMRAM    00003F
_TRISA                                       (abs)        000F92
_TRISB                                       (abs)        000F93
_TRISC                                       (abs)        000F94
_TRISD                                       (abs)        000F95
_TRISE                                       (abs)        000F96
__CFG_BOREN$OFF                              (abs)        000000
__CFG_BORV$1                                 (abs)        000000
__CFG_CCP2MX$PORTC                           (abs)        000000
__CFG_CP0$OFF                                (abs)        000000
__CFG_CP1$OFF                                (abs)        000000
__CFG_CP2$OFF                                (abs)        000000
__CFG_CP3$OFF                                (abs)        000000
__CFG_CPB$OFF                                (abs)        000000
__CFG_CPD$OFF                                (abs)        000000
__CFG_EBTR0$OFF                              (abs)        000000
__CFG_EBTR1$OFF                              (abs)        000000
__CFG_EBTR2$OFF                              (abs)        000000
__CFG_EBTR3$OFF                              (abs)        000000
__CFG_EBTRB$OFF                              (abs)        000000
__CFG_FCMEN$OFF                              (abs)        000000
__CFG_IESO$OFF                               (abs)        000000
__CFG_LPT1OSC$OFF                            (abs)        000000
__CFG_LVP$OFF                                (abs)        000000
__CFG_MCLRE$ON                               (abs)        000000
__CFG_OSC$HS                                 (abs)        000000
__CFG_PBADEN$OFF                             (abs)        000000
__CFG_PWRT$OFF                               (abs)        000000
__CFG_STVREN$ON                              (abs)        000000
__CFG_WDT$OFF                                (abs)        000000
__CFG_WDTPS$32768                            (abs)        000000
__CFG_WRT0$OFF                               (abs)        000000
__CFG_WRT1$OFF                               (abs)        000000
__CFG_WRT2$OFF                               (abs)        000000
__CFG_WRT3$OFF                               (abs)        000000
__CFG_WRTB$OFF                               (abs)        000000
__CFG_WRTC$OFF                               (abs)        000000
__CFG_WRTD$OFF                               (abs)        000000
__CFG_XINST$OFF                              (abs)        000000
__HRAM                                       (abs)        000000
__Habs1                                      abs1         000000
__Hbank0                                     bank0        000000
__Hbank1                                     bank1        000000
__Hbank10                                    bank10       000000
__Hbank11                                    bank11       000000
__Hbank12                                    bank12       000000
__Hbank13                                    bank13       000000
__Hbank14                                    bank14       000000
__Hbank15                                    bank15       000000
__Hbank2                                     bank2        000000
__Hbank3                                     bank3        000000
__Hbank4                                     bank4        000000
__Hbank5                                     bank5        000000
__Hbank6                                     bank6        000000
__Hbank7                                     bank7        000000
__Hbank8                                     bank8        000000
__Hbank9                                     bank9        000000
__Hbigbss                                    bigbss       000000
__Hbigdata                                   bigdata      000000
__Hbigram                                    bigram       000000
__Hbss                                       bss          000000
__HbssCOMRAM                                 bssCOMRAM    000000
__Hcinit                                     cinit        000000
__Hclrtext                                   clrtext      000000
__Hcomram                                    comram       000000
__Hconfig                                    config       30000E
__Hconst                                     const        000000
__HcstackBANK0                               cstackBANK0  000000
__HcstackCOMRAM                              cstackCOMRAM 000000
__Hdata                                      data         000000
__HdataCOMRAM                                dataCOMRAM   000000
__Heeprom_data                               eeprom_data  000000
__Hfarbss                                    farbss       000000
__Hfardata                                   fardata      000000
__Hibigdata                                  ibigdata     000000
__Hidata                                     idata        000000
__HidataCOMRAM                               idataCOMRAM  000000
__Hidloc                                     idloc        200008
__Hifardata                                  ifardata     000000
__Hinit                                      init         000012
__Hintcode                                   intcode      00000E
__Hintcode_body                              intcode_body 000000
__Hintcodelo                                 intcodelo    00000E
__Hintentry                                  intentry     000000
__Hintret                                    intret       000000
__Hintsave_regs                              intsave_regs 000000
__Hirdata                                    irdata       000000
__Hmediumconst                               mediumconst  000000
__HnvFARRAM                                  nvFARRAM     000000
__Hnvbit                                     nvbit        000000
__Hnvrram                                    nvrram       000000
__Hparam                                     rparam       000000
__Hpowerup                                   powerup      00000E
__Hram                                       ram          000000
__Hramtop                                    ramtop       001000
__Hrbit                                      rbit         000000
__Hrbss                                      rbss         000000
__Hrdata                                     rdata        000000
__Hreset_vec                                 reset_vec    000004
__Hrparam                                    rparam       000000
__Hsfr                                       sfr          000000
__Hsmallconst                                smallconst   001012
__Hspace_0                                   (abs)        30000E
__Hspace_1                                   (abs)        00008C
__Hspace_2                                   (abs)        000000
__Hstack                                     stack        000000
__Hstruct                                    struct       000000
__Htemp                                      temp         00006D
__Htext                                      text         000000
__Htext0                                     text0        000000
__Htext1                                     text1        000000
__Htext10                                    text10       000000
__Htext11                                    text11       000000
__Htext12                                    text12       000000
__Htext13                                    text13       000000
__Htext14                                    text14       000000
__Htext15                                    text15       000000
__Htext16                                    text16       000000
__Htext17                                    text17       000000
__Htext18                                    text18       000000
__Htext19                                    text19       000000
__Htext2                                     text2        000000
__Htext21                                    text21       000000
__Htext22                                    text22       000000
__Htext23                                    text23       000000
__Htext24                                    text24       000000
__Htext25                                    text25       000000
__Htext26                                    text26       000000
__Htext27                                    text27       000000
__Htext28                                    text28       000000
__Htext29                                    text29       000000
__Htext3                                     text3        000000
__Htext30                                    text30       000000
__Htext4                                     text4        000000
__Htext5                                     text5        000000
__Htext6                                     text6        000000
__Htext7                                     text7        000000
__Htext8                                     text8        000000
__Htext9                                     text9        000000
__LRAM                                       (abs)        000001
__Labs1                                      abs1         000000
__Lbank0                                     bank0        000000
__Lbank1                                     bank1        000000
__Lbank10                                    bank10       000000
__Lbank11                                    bank11       000000
__Lbank12                                    bank12       000000
__Lbank13                                    bank13       000000
__Lbank14                                    bank14       000000
__Lbank15                                    bank15       000000
__Lbank2                                     bank2        000000
__Lbank3                                     bank3        000000
__Lbank4                                     bank4        000000
__Lbank5                                     bank5        000000
__Lbank6                                     bank6        000000
__Lbank7                                     bank7        000000
__Lbank8                                     bank8        000000
__Lbank9                                     bank9        000000
__Lbigbss                                    bigbss       000000
__Lbigdata                                   bigdata      000000
__Lbigram                                    bigram       000000
__Lbss                                       bss          000000
__LbssCOMRAM                                 bssCOMRAM    000000
__Lcinit                                     cinit        000000
__Lclrtext                                   clrtext      000000
__Lcomram                                    comram       000000
__Lconfig                                    config       300000
__Lconst                                     const        000000
__LcstackBANK0                               cstackBANK0  000000
__LcstackCOMRAM                              cstackCOMRAM 000000
__Ldata                                      data         000000
__LdataCOMRAM                                dataCOMRAM   000000
__Leeprom_data                               eeprom_data  000000
__Lfarbss                                    farbss       000000
__Lfardata                                   fardata      000000
__Libigdata                                  ibigdata     000000
__Lidata                                     idata        000000
__LidataCOMRAM                               idataCOMRAM  000000
__Lidloc                                     idloc        200000
__Lifardata                                  ifardata     000000
__Linit                                      init         00000E
__Lintcode                                   intcode      000008
__Lintcode_body                              intcode_body 000000
__Lintcodelo                                 intcodelo    00000E
__Lintentry                                  intentry     000000
__Lintret                                    intret       000000
__Lintsave_regs                              intsave_regs 000000
__Lirdata                                    irdata       000000
__Lmediumconst                               mediumconst  000000
__LnvFARRAM                                  nvFARRAM     000000
__Lnvbit                                     nvbit        000000
__Lnvrram                                    nvrram       000000
__Lparam                                     rparam       000000
__Lpowerup                                   powerup      00000E
__Lram                                       ram          000000
__Lramtop                                    ramtop       001000
__Lrbit                                      rbit         000000
__Lrbss                                      rbss         000000
__Lrdata                                     rdata        000000
__Lreset_vec                                 reset_vec    000000
__Lrparam                                    rparam       000000
__Lsfr                                       sfr          000000
__Lsmallconst                                smallconst   001000
__Lspace_0                                   (abs)        000000
__Lspace_1                                   (abs)        000000
__Lspace_2                                   (abs)        000000
__Lstack                                     stack        000000
__Lstruct                                    struct       000000
__Ltemp                                      temp         00006C
__Ltext                                      text         000000
__Ltext0                                     text0        000000
__Ltext1                                     text1        000000
__Ltext10                                    text10       000000
__Ltext11                                    text11       000000
__Ltext12                                    text12       000000
__Ltext13                                    text13       000000
__Ltext14                                    text14       000000
__Ltext15                                    text15       000000
__Ltext16                                    text16       000000
__Ltext17                                    text17       000000
__Ltext18                                    text18       000000
__Ltext19                                    text19       000000
__Ltext2                                     text2        000000
__Ltext21                                    text21       000000
__Ltext22                                    text22       000000
__Ltext23                                    text23       000000
__Ltext24                                    text24       000000
__Ltext25                                    text25       000000
__Ltext26                                    text26       000000
__Ltext27                                    text27       000000
__Ltext28                                    text28       000000
__Ltext29                                    text29       000000
__Ltext3                                     text3        000000
__Ltext30                                    text30       000000
__Ltext4                                     text4        000000
__Ltext5                                     text5        000000
__Ltext6                                     text6        000000
__Ltext7                                     text7        000000
__Ltext8                                     text8        000000
__Ltext9                                     text9        000000
__S0                                         (abs)        30000E
__S1                                         (abs)        00008C
__S2                                         (abs)        000000
___inthi_sp                                  stack        000000
___intlo_sp                                  stack        000000
___param_bank                                (abs)        000000
___rparam_used                               (abs)        000001
___sp                                        stack        000000
__accesstop                                  (abs)        000080
__activetblptr                               (abs)        000003
__end_of_EEPROM_Read_DataByByte              text19       001864
__end_of_EEPROM_Write_DataByByte             text29       0018A2
__end_of_INT0_APP_ISR                        text28       001A20
__end_of_INT0_ISR                            text27       001A02
__end_of_INT0_SetInterruptHandler            text12       0019A2
__end_of_INT1_ISR                            text26       0019E2
__end_of_INT1_SetInterruptHandler            text11       001982
__end_of_INT2_ISR                            text25       0019C2
__end_of_INT2_SetInterruptHandler            text10       001962
__end_of_InterruptManager                    intcode_body 0011B6
__end_of_Interrupt_INTx_Clear_Flag           text18       0017E8
__end_of_Interrupt_INTx_Disable              text17       00179E
__end_of_Interrupt_INTx_Edge_Init            text16       001382
__end_of_Interrupt_INTx_Enable               text15       0016B0
__end_of_Interrupt_INTx_Init                 text8        00158A
__end_of_Interrupt_INTx_Pin_Init             text13       001942
__end_of_Interrupt_INTx_SetInterruptHandler  text9        00140A
__end_of_RB4_ISR                             text24       001A4E
__end_of_RB5_ISR                             text23       001A48
__end_of_RB6_ISR                             text22       001A42
__end_of_RB7_ISR                             text21       001A3C
__end_of__initialization                     cinit        0018CE
__end_of_btn_values                          smallconst   001011
__end_of_ecu_layer_initialize                text6        00165A
__end_of_functionInitialize                  text5        001A36
__end_of_gpio_pin_direction_intialize        text14       0012BC
__end_of_led_initizlize                      text7        00150E
__end_of_led_turn_off                        text4        00148C
__end_of_led_turn_on                         text3        001602
__end_of_main                                text0        00190E
__end_of_progarm2                            text2        001754
__end_of_program1                            text1        001702
__initialization                             cinit        0018A2
__mediumconst                                mediumconst  000000
__pbssCOMRAM                                 bssCOMRAM    00003F
__pcinit                                     cinit        0018A2
__pcstackBANK0                               cstackBANK0  000080
__pcstackCOMRAM                              cstackCOMRAM 000056
__pdataCOMRAM                                dataCOMRAM   000001
__pidataCOMRAM                               idataCOMRAM  0017E8
__pintcode                                   intcode      000008
__pintcode_body                              intcode_body 001012
__psmallconst                                smallconst   001000
__ptext0                                     text0        0018D8
__ptext1                                     text1        0016B0
__ptext10                                    text10       001942
__ptext11                                    text11       001962
__ptext12                                    text12       001982
__ptext13                                    text13       00190E
__ptext14                                    text14       0011B6
__ptext15                                    text15       00165A
__ptext16                                    text16       0012BC
__ptext17                                    text17       001754
__ptext18                                    text18       00179E
__ptext19                                    text19       001826
__ptext2                                     text2        001702
__ptext21                                    text21       001A36
__ptext22                                    text22       001A3C
__ptext23                                    text23       001A42
__ptext24                                    text24       001A48
__ptext25                                    text25       0019A2
__ptext26                                    text26       0019C2
__ptext27                                    text27       0019E2
__ptext28                                    text28       001A02
__ptext29                                    text29       001864
__ptext3                                     text3        00158A
__ptext30                                    text30       000000
__ptext4                                     text4        00140A
__ptext5                                     text5        001A20
__ptext6                                     text6        001602
__ptext7                                     text7        00148C
__ptext8                                     text8        00150E
__ptext9                                     text9        001382
__ramtop                                     ramtop       001000
__size_of_EEPROM_Read_DataByByte             (abs)        000000
__size_of_EEPROM_Write_DataByByte            (abs)        000000
__size_of_INT0_APP_ISR                       (abs)        000000
__size_of_INT0_ISR                           (abs)        000000
__size_of_INT0_SetInterruptHandler           (abs)        000000
__size_of_INT1_ISR                           (abs)        000000
__size_of_INT1_SetInterruptHandler           (abs)        000000
__size_of_INT2_ISR                           (abs)        000000
__size_of_INT2_SetInterruptHandler           (abs)        000000
__size_of_InterruptManager                   (abs)        000000
__size_of_Interrupt_INTx_Clear_Flag          (abs)        000000
__size_of_Interrupt_INTx_Disable             (abs)        000000
__size_of_Interrupt_INTx_Edge_Init           (abs)        000000
__size_of_Interrupt_INTx_Enable              (abs)        000000
__size_of_Interrupt_INTx_Init                (abs)        000000
__size_of_Interrupt_INTx_Pin_Init            (abs)        000000
__size_of_Interrupt_INTx_SetInterruptHandler (abs)        000000
__size_of_RB4_ISR                            (abs)        000000
__size_of_RB5_ISR                            (abs)        000000
__size_of_RB6_ISR                            (abs)        000000
__size_of_RB7_ISR                            (abs)        000000
__size_of_ecu_layer_initialize               (abs)        000000
__size_of_functionInitialize                 (abs)        000000
__size_of_gpio_pin_direction_intialize       (abs)        000000
__size_of_led_initizlize                     (abs)        000000
__size_of_led_turn_off                       (abs)        000000
__size_of_led_turn_on                        (abs)        000000
__size_of_main                               (abs)        000000
__size_of_progarm2                           (abs)        000000
__size_of_program1                           (abs)        000000
__smallconst                                 smallconst   001000
_ecu_layer_initialize                        text6        001602
_functionInitialize                          text5        001A20
_gpio_pin_direction_intialize                text14       0011B6
_keypad1                                     dataCOMRAM   000001
_lat_register                                dataCOMRAM   000011
_led1                                        dataCOMRAM   00003E
_led2                                        dataCOMRAM   00003D
_led3                                        dataCOMRAM   00003C
_led4                                        dataCOMRAM   00003B
_led5                                        dataCOMRAM   00003A
_led_initizlize                              text7        00148C
_led_turn_off                                text4        00140A
_led_turn_on                                 text3        00158A
_main                                        text0        0018D8
_port_register                               dataCOMRAM   00001B
_progarm2                                    text2        001702
_program1                                    text1        0016B0
_program_selectd                             bssCOMRAM    000055
_tris_register                               dataCOMRAM   000025
btemp                                        temp         00006C
ecu_layer_initialize@ret                     cstackBANK0  000086
end_of_initialization                        cinit        0018CE
gpio_pin_direction_intialize@LocalReturn     cstackCOMRAM 00006B
gpio_pin_direction_intialize@_pin_config     cstackCOMRAM 000069
int$flags                                    temp         00006C
int_func                                     intcode_body 001012
intlevel0                                    text         000000
intlevel1                                    text         000000
intlevel2                                    text         000000
intlevel3                                    text         000000
led_initizlize@Local_Status                  cstackCOMRAM 00006B
led_initizlize@led                           cstackCOMRAM 000069
led_turn_off@Local_Status                    cstackCOMRAM 00006B
led_turn_off@led                             cstackCOMRAM 000069
led_turn_on@LocalReturn                      cstackCOMRAM 00006B
led_turn_on@led                              cstackCOMRAM 000069
stackhi                                      (abs)        000F7F
stacklo                                      (abs)        00008C
start                                        init         00000E
start_initialization                         cinit        0018A2


FUNCTION INFORMATION:

 *************** function _main *****************
 Defined at:
		line 27 in file "application.c"
 Parameters:    Size  Location     Type
		None
 Auto vars:     Size  Location     Type
		None
 Return value:  Size  Location     Type
                  2  1051[None  ] int 
 Registers used:
		wreg, fsr2l, fsr2h, status,2, status,0, prodl, prodh, cstack
 Tracked objects:
		On entry : 
		On exit  : 
		Unchanged: 
 Data sizes:     COMRAM   BANK0   BANK1   BANK2   BANK3   BANK4   BANK5   BANK6   BANK7   BANK8   BANK9  BANK10  BANK11  BANK12  BANK13  BANK14  BANK15
      Params:         0       0       0       0       0       0       0       0       0       0       0       0       0       0       0       0       0
      Locals:         0       0       0       0       0       0       0       0       0       0       0       0       0       0       0       0       0
      Temps:          0       0       0       0       0       0       0       0       0       0       0       0       0       0       0       0       0
      Totals:         0       0       0       0       0       0       0       0       0       0       0       0       0       0       0       0       0
Total ram usage:        0 bytes
 Hardware stack levels required when called:    8
 This function calls:
		_EEPROM_Read_DataByByte
		_functionInitialize
		_progarm2
		_program1
 This function is called by:
		Startup code after reset
 This function uses a non-reentrant model


 *************** function _program1 *****************
 Defined at:
		line 59 in file "application.c"
 Parameters:    Size  Location     Type
		None
 Auto vars:     Size  Location     Type
		None
 Return value:  Size  Location     Type
                  1    wreg      void 
 Registers used:
		wreg, fsr2l, fsr2h, status,2, status,0, prodl, prodh, cstack
 Tracked objects:
		On entry : 
		On exit  : 
		Unchanged: 
 Data sizes:     COMRAM   BANK0   BANK1   BANK2   BANK3   BANK4   BANK5   BANK6   BANK7   BANK8   BANK9  BANK10  BANK11  BANK12  BANK13  BANK14  BANK15
      Params:         0       0       0       0       0       0       0       0       0       0       0       0       0       0       0       0       0
      Locals:         0       0       0       0       0       0       0       0       0       0       0       0       0       0       0       0       0
      Temps:          0       2       0       0       0       0       0       0       0       0       0       0       0       0       0       0       0
      Totals:         0       2       0       0       0       0       0       0       0       0       0       0       0       0       0       0       0
Total ram usage:        2 bytes
 Hardware stack levels used:    1
 Hardware stack levels required when called:    5
 This function calls:
		_led_turn_off
		_led_turn_on
 This function is called by:
		_main
 This function uses a non-reentrant model


 *************** function _progarm2 *****************
 Defined at:
		line 65 in file "application.c"
 Parameters:    Size  Location     Type
		None
 Auto vars:     Size  Location     Type
		None
 Return value:  Size  Location     Type
                  1    wreg      void 
 Registers used:
		wreg, fsr2l, fsr2h, status,2, status,0, prodl, prodh, cstack
 Tracked objects:
		On entry : 
		On exit  : 
		Unchanged: 
 Data sizes:     COMRAM   BANK0   BANK1   BANK2   BANK3   BANK4   BANK5   BANK6   BANK7   BANK8   BANK9  BANK10  BANK11  BANK12  BANK13  BANK14  BANK15
      Params:         0       0       0       0       0       0       0       0       0       0       0       0       0       0       0       0       0
      Locals:         0       0       0       0       0       0       0       0       0       0       0       0       0       0       0       0       0
      Temps:          0       2       0       0       0       0       0       0       0       0       0       0       0       0       0       0       0
      Totals:         0       2       0       0       0       0       0       0       0       0       0       0       0       0       0       0       0
Total ram usage:        2 bytes
 Hardware stack levels used:    1
 Hardware stack levels required when called:    5
 This function calls:
		_led_turn_off
		_led_turn_on
 This function is called by:
		_main
 This function uses a non-reentrant model


 *************** function _led_turn_on *****************
 Defined at:
		line 32 in file "ECU_Layer/LED_Driver/ecu_led_prog.c"
 Parameters:    Size  Location     Type
  led             2   19[COMRAM] PTR const struct .
		 -> led2(1), led1(1), 
 Auto vars:     Size  Location     Type
  LocalReturn     1   21[COMRAM] unsigned char 
 Return value:  Size  Location     Type
                  1    wreg      unsigned char 
 Registers used:
		wreg, fsr2l, fsr2h, status,2, status,0, prodl, prodh
 Tracked objects:
		On entry : 
		On exit  : 
		Unchanged: 
 Data sizes:     COMRAM   BANK0   BANK1   BANK2   BANK3   BANK4   BANK5   BANK6   BANK7   BANK8   BANK9  BANK10  BANK11  BANK12  BANK13  BANK14  BANK15
      Params:         2       0       0       0       0       0       0       0       0       0       0       0       0       0       0       0       0
      Locals:         1       0       0       0       0       0       0       0       0       0       0       0       0       0       0       0       0
      Temps:          0       5       0       0       0       0       0       0       0       0       0       0       0       0       0       0       0
      Totals:         3       5       0       0       0       0       0       0       0       0       0       0       0       0       0       0       0
Total ram usage:        8 bytes
 Hardware stack levels used:    1
 Hardware stack levels required when called:    4
 This function calls:
		Nothing
 This function is called by:
		_program1
		_progarm2
 This function uses a non-reentrant model


 *************** function _led_turn_off *****************
 Defined at:
		line 49 in file "ECU_Layer/LED_Driver/ecu_led_prog.c"
 Parameters:    Size  Location     Type
  led             2   19[COMRAM] PTR const struct .
		 -> led2(1), led1(1), 
 Auto vars:     Size  Location     Type
  Local_Status    1   21[COMRAM] unsigned char 
 Return value:  Size  Location     Type
                  1    wreg      unsigned char 
 Registers used:
		wreg, fsr2l, fsr2h, status,2, status,0, prodl, prodh
 Tracked objects:
		On entry : 
		On exit  : 
		Unchanged: 
 Data sizes:     COMRAM   BANK0   BANK1   BANK2   BANK3   BANK4   BANK5   BANK6   BANK7   BANK8   BANK9  BANK10  BANK11  BANK12  BANK13  BANK14  BANK15
      Params:         2       0       0       0       0       0       0       0       0       0       0       0       0       0       0       0       0
      Locals:         1       0       0       0       0       0       0       0       0       0       0       0       0       0       0       0       0
      Temps:          0       6       0       0       0       0       0       0       0       0       0       0       0       0       0       0       0
      Totals:         3       6       0       0       0       0       0       0       0       0       0       0       0       0       0       0       0
Total ram usage:        9 bytes
 Hardware stack levels used:    1
 Hardware stack levels required when called:    4
 This function calls:
		Nothing
 This function is called by:
		_program1
		_progarm2
 This function uses a non-reentrant model


 *************** function _functionInitialize *****************
 Defined at:
		line 55 in file "application.c"
 Parameters:    Size  Location     Type
		None
 Auto vars:     Size  Location     Type
		None
 Return value:  Size  Location     Type
                  1    wreg      void 
 Registers used:
		wreg, fsr2l, fsr2h, status,2, status,0, prodl, prodh, cstack
 Tracked objects:
		On entry : 
		On exit  : 
		Unchanged: 
 Data sizes:     COMRAM   BANK0   BANK1   BANK2   BANK3   BANK4   BANK5   BANK6   BANK7   BANK8   BANK9  BANK10  BANK11  BANK12  BANK13  BANK14  BANK15
      Params:         0       0       0       0       0       0       0       0       0       0       0       0       0       0       0       0       0
      Locals:         0       0       0       0       0       0       0       0       0       0       0       0       0       0       0       0       0
      Temps:          0       0       0       0       0       0       0       0       0       0       0       0       0       0       0       0       0
      Totals:         0       0       0       0       0       0       0       0       0       0       0       0       0       0       0       0       0
Total ram usage:        0 bytes
 Hardware stack levels used:    1
 Hardware stack levels required when called:    7
 This function calls:
		_Interrupt_INTx_Init
		_ecu_layer_initialize
 This function is called by:
		_main
 This function uses a non-reentrant model


 *************** function _ecu_layer_initialize *****************
 Defined at:
		line 78 in file "ECU_Layer/ecu_layer_prog.c"
 Parameters:    Size  Location     Type
		None
 Auto vars:     Size  Location     Type
  ret             1    6[BANK0 ] unsigned char 
 Return value:  Size  Location     Type
                  1    wreg      unsigned char 
 Registers used:
		wreg, fsr2l, fsr2h, status,2, status,0, prodl, prodh, cstack
 Tracked objects:
		On entry : 
		On exit  : 
		Unchanged: 
 Data sizes:     COMRAM   BANK0   BANK1   BANK2   BANK3   BANK4   BANK5   BANK6   BANK7   BANK8   BANK9  BANK10  BANK11  BANK12  BANK13  BANK14  BANK15
      Params:         0       0       0       0       0       0       0       0       0       0       0       0       0       0       0       0       0
      Locals:         0       1       0       0       0       0       0       0       0       0       0       0       0       0       0       0       0
      Temps:          0       0       0       0       0       0       0       0       0       0       0       0       0       0       0       0       0
      Totals:         0       1       0       0       0       0       0       0       0       0       0       0       0       0       0       0       0
Total ram usage:        1 bytes
 Hardware stack levels used:    1
 Hardware stack levels required when called:    5
 This function calls:
		_led_initizlize
 This function is called by:
		_functionInitialize
 This function uses a non-reentrant model


 *************** function _led_initizlize *****************
 Defined at:
		line 15 in file "ECU_Layer/LED_Driver/ecu_led_prog.c"
 Parameters:    Size  Location     Type
  led             2   19[COMRAM] PTR const struct .
		 -> led5(1), led4(1), led3(1), led2(1), 
		 -> led1(1), 
 Auto vars:     Size  Location     Type
  Local_Status    1   21[COMRAM] unsigned char 
 Return value:  Size  Location     Type
                  1    wreg      unsigned char 
 Registers used:
		wreg, fsr2l, fsr2h, status,2, status,0, prodl, prodh
 Tracked objects:
		On entry : 
		On exit  : 
		Unchanged: 
 Data sizes:     COMRAM   BANK0   BANK1   BANK2   BANK3   BANK4   BANK5   BANK6   BANK7   BANK8   BANK9  BANK10  BANK11  BANK12  BANK13  BANK14  BANK15
      Params:         2       0       0       0       0       0       0       0       0       0       0       0       0       0       0       0       0
      Locals:         1       0       0       0       0       0       0       0       0       0       0       0       0       0       0       0       0
      Temps:          0       6       0       0       0       0       0       0       0       0       0       0       0       0       0       0       0
      Totals:         3       6       0       0       0       0       0       0       0       0       0       0       0       0       0       0       0
Total ram usage:        9 bytes
 Hardware stack levels used:    1
 Hardware stack levels required when called:    4
 This function calls:
		Nothing
 This function is called by:
		_ecu_layer_initialize
 This function uses a non-reentrant model


 *************** function _Interrupt_INTx_Init *****************
 Defined at:
		line 56 in file "MCAL_Layer/Interrupt_Driver/mcal_external_interrupt.c"
 Parameters:    Size  Location     Type
  int_obj         2    9[BANK0 ] PTR const struct .
		 -> INT0_obj(7), 
 Auto vars:     Size  Location     Type
  ret             1   11[BANK0 ] unsigned char 
 Return value:  Size  Location     Type
                  1    wreg      unsigned char 
 Registers used:
		wreg, fsr2l, fsr2h, status,2, status,0, prodl, prodh, cstack
 Tracked objects:
		On entry : 
		On exit  : 
		Unchanged: 
 Data sizes:     COMRAM   BANK0   BANK1   BANK2   BANK3   BANK4   BANK5   BANK6   BANK7   BANK8   BANK9  BANK10  BANK11  BANK12  BANK13  BANK14  BANK15
      Params:         0       2       0       0       0       0       0       0       0       0       0       0       0       0       0       0       0
      Locals:         0       1       0       0       0       0       0       0       0       0       0       0       0       0       0       0       0
      Temps:          0       0       0       0       0       0       0       0       0       0       0       0       0       0       0       0       0
      Totals:         0       3       0       0       0       0       0       0       0       0       0       0       0       0       0       0       0
Total ram usage:        3 bytes
 Hardware stack levels used:    1
 Hardware stack levels required when called:    6
 This function calls:
		_Interrupt_INTx_Clear_Flag
		_Interrupt_INTx_Disable
		_Interrupt_INTx_Edge_Init
		_Interrupt_INTx_Enable
		_Interrupt_INTx_Pin_Init
		_Interrupt_INTx_SetInterruptHandler
 This function is called by:
		_functionInitialize
 This function uses a non-reentrant model


 *************** function _Interrupt_INTx_SetInterruptHandler *****************
 Defined at:
		line 439 in file "MCAL_Layer/Interrupt_Driver/mcal_external_interrupt.c"
 Parameters:    Size  Location     Type
  int_obj         2    0[BANK0 ] PTR const struct .
		 -> INT0_obj(7), 
 Auto vars:     Size  Location     Type
  ret             1    2[BANK0 ] unsigned char 
 Return value:  Size  Location     Type
                  1    wreg      unsigned char 
 Registers used:
		wreg, fsr2l, fsr2h, status,2, status,0, cstack
 Tracked objects:
		On entry : 
		On exit  : 
		Unchanged: 
 Data sizes:     COMRAM   BANK0   BANK1   BANK2   BANK3   BANK4   BANK5   BANK6   BANK7   BANK8   BANK9  BANK10  BANK11  BANK12  BANK13  BANK14  BANK15
      Params:         0       2       0       0       0       0       0       0       0       0       0       0       0       0       0       0       0
      Locals:         0       1       0       0       0       0       0       0       0       0       0       0       0       0       0       0       0
      Temps:          0       0       0       0       0       0       0       0       0       0       0       0       0       0       0       0       0
      Totals:         0       3       0       0       0       0       0       0       0       0       0       0       0       0       0       0       0
Total ram usage:        3 bytes
 Hardware stack levels used:    1
 Hardware stack levels required when called:    5
 This function calls:
		_INT0_SetInterruptHandler
		_INT1_SetInterruptHandler
		_INT2_SetInterruptHandler
 This function is called by:
		_Interrupt_INTx_Init
 This function uses a non-reentrant model


 *************** function _INT2_SetInterruptHandler *****************
 Defined at:
		line 420 in file "MCAL_Layer/Interrupt_Driver/mcal_external_interrupt.c"
 Parameters:    Size  Location     Type
  InterruptHan    2   19[COMRAM] PTR FTN()void 
		 -> INT0_APP_ISR(1), 
 Auto vars:     Size  Location     Type
  ret             1   21[COMRAM] unsigned char 
 Return value:  Size  Location     Type
                  1    wreg      unsigned char 
 Registers used:
		wreg, status,2, status,0
 Tracked objects:
		On entry : 
		On exit  : 
		Unchanged: 
 Data sizes:     COMRAM   BANK0   BANK1   BANK2   BANK3   BANK4   BANK5   BANK6   BANK7   BANK8   BANK9  BANK10  BANK11  BANK12  BANK13  BANK14  BANK15
      Params:         2       0       0       0       0       0       0       0       0       0       0       0       0       0       0       0       0
      Locals:         1       0       0       0       0       0       0       0       0       0       0       0       0       0       0       0       0
      Temps:          0       0       0       0       0       0       0       0       0       0       0       0       0       0       0       0       0
      Totals:         3       0       0       0       0       0       0       0       0       0       0       0       0       0       0       0       0
Total ram usage:        3 bytes
 Hardware stack levels used:    1
 Hardware stack levels required when called:    4
 This function calls:
		Nothing
 This function is called by:
		_Interrupt_INTx_SetInterruptHandler
 This function uses a non-reentrant model


 *************** function _INT1_SetInterruptHandler *****************
 Defined at:
		line 401 in file "MCAL_Layer/Interrupt_Driver/mcal_external_interrupt.c"
 Parameters:    Size  Location     Type
  InterruptHan    2   19[COMRAM] PTR FTN()void 
		 -> INT0_APP_ISR(1), 
 Auto vars:     Size  Location     Type
  ret             1   21[COMRAM] unsigned char 
 Return value:  Size  Location     Type
                  1    wreg      unsigned char 
 Registers used:
		wreg, status,2, status,0
 Tracked objects:
		On entry : 
		On exit  : 
		Unchanged: 
 Data sizes:     COMRAM   BANK0   BANK1   BANK2   BANK3   BANK4   BANK5   BANK6   BANK7   BANK8   BANK9  BANK10  BANK11  BANK12  BANK13  BANK14  BANK15
      Params:         2       0       0       0       0       0       0       0       0       0       0       0       0       0       0       0       0
      Locals:         1       0       0       0       0       0       0       0       0       0       0       0       0       0       0       0       0
      Temps:          0       0       0       0       0       0       0       0       0       0       0       0       0       0       0       0       0
      Totals:         3       0       0       0       0       0       0       0       0       0       0       0       0       0       0       0       0
Total ram usage:        3 bytes
 Hardware stack levels used:    1
 Hardware stack levels required when called:    4
 This function calls:
		Nothing
 This function is called by:
		_Interrupt_INTx_SetInterruptHandler
 This function uses a non-reentrant model


 *************** function _INT0_SetInterruptHandler *****************
 Defined at:
		line 382 in file "MCAL_Layer/Interrupt_Driver/mcal_external_interrupt.c"
 Parameters:    Size  Location     Type
  InterruptHan    2   19[COMRAM] PTR FTN()void 
		 -> INT0_APP_ISR(1), 
 Auto vars:     Size  Location     Type
  ret             1   21[COMRAM] unsigned char 
 Return value:  Size  Location     Type
                  1    wreg      unsigned char 
 Registers used:
		wreg, status,2, status,0
 Tracked objects:
		On entry : 
		On exit  : 
		Unchanged: 
 Data sizes:     COMRAM   BANK0   BANK1   BANK2   BANK3   BANK4   BANK5   BANK6   BANK7   BANK8   BANK9  BANK10  BANK11  BANK12  BANK13  BANK14  BANK15
      Params:         2       0       0       0       0       0       0       0       0       0       0       0       0       0       0       0       0
      Locals:         1       0       0       0       0       0       0       0       0       0       0       0       0       0       0       0       0
      Temps:          0       0       0       0       0       0       0       0       0       0       0       0       0       0       0       0       0
      Totals:         3       0       0       0       0       0       0       0       0       0       0       0       0       0       0       0       0
Total ram usage:        3 bytes
 Hardware stack levels used:    1
 Hardware stack levels required when called:    4
 This function calls:
		Nothing
 This function is called by:
		_Interrupt_INTx_SetInterruptHandler
 This function uses a non-reentrant model


 *************** function _Interrupt_INTx_Pin_Init *****************
 Defined at:
		line 333 in file "MCAL_Layer/Interrupt_Driver/mcal_external_interrupt.c"
 Parameters:    Size  Location     Type
  int_obj         2    6[BANK0 ] PTR const struct .
		 -> INT0_obj(7), 
 Auto vars:     Size  Location     Type
  ret             1    8[BANK0 ] unsigned char 
 Return value:  Size  Location     Type
                  1    wreg      unsigned char 
 Registers used:
		wreg, fsr2l, fsr2h, status,2, status,0, prodl, prodh, cstack
 Tracked objects:
		On entry : 
		On exit  : 
		Unchanged: 
 Data sizes:     COMRAM   BANK0   BANK1   BANK2   BANK3   BANK4   BANK5   BANK6   BANK7   BANK8   BANK9  BANK10  BANK11  BANK12  BANK13  BANK14  BANK15
      Params:         0       2       0       0       0       0       0       0       0       0       0       0       0       0       0       0       0
      Locals:         0       1       0       0       0       0       0       0       0       0       0       0       0       0       0       0       0
      Temps:          0       0       0       0       0       0       0       0       0       0       0       0       0       0       0       0       0
      Totals:         0       3       0       0       0       0       0       0       0       0       0       0       0       0       0       0       0
Total ram usage:        3 bytes
 Hardware stack levels used:    1
 Hardware stack levels required when called:    5
 This function calls:
		_gpio_pin_direction_intialize
 This function is called by:
		_Interrupt_INTx_Init
 This function uses a non-reentrant model


 *************** function _gpio_pin_direction_intialize *****************
 Defined at:
		line 16 in file "MCAL_Layer/GPIO/hal_gpio.c"
 Parameters:    Size  Location     Type
  _pin_config     2   19[COMRAM] PTR const struct .
		 -> INT0_obj(7), 
 Auto vars:     Size  Location     Type
  LocalReturn     1   21[COMRAM] unsigned char 
 Return value:  Size  Location     Type
                  1    wreg      unsigned char 
 Registers used:
		wreg, fsr2l, fsr2h, status,2, status,0, prodl, prodh
 Tracked objects:
		On entry : 
		On exit  : 
		Unchanged: 
 Data sizes:     COMRAM   BANK0   BANK1   BANK2   BANK3   BANK4   BANK5   BANK6   BANK7   BANK8   BANK9  BANK10  BANK11  BANK12  BANK13  BANK14  BANK15
      Params:         2       0       0       0       0       0       0       0       0       0       0       0       0       0       0       0       0
      Locals:         1       0       0       0       0       0       0       0       0       0       0       0       0       0       0       0       0
      Temps:          0       6       0       0       0       0       0       0       0       0       0       0       0       0       0       0       0
      Totals:         3       6       0       0       0       0       0       0       0       0       0       0       0       0       0       0       0
Total ram usage:        9 bytes
 Hardware stack levels used:    1
 Hardware stack levels required when called:    4
 This function calls:
		Nothing
 This function is called by:
		_Interrupt_INTx_Pin_Init
		_seven_segment_initialize
		_button_initialize
		_motor_initialize
		_gpio_pin_intialize
		_Interrupt_RBx_Pin_Init
 This function uses a non-reentrant model


 *************** function _Interrupt_INTx_Enable *****************
 Defined at:
		line 143 in file "MCAL_Layer/Interrupt_Driver/mcal_external_interrupt.c"
 Parameters:    Size  Location     Type
  int_obj         2   19[COMRAM] PTR const struct .
		 -> INT0_obj(7), 
 Auto vars:     Size  Location     Type
  ret             1   21[COMRAM] unsigned char 
 Return value:  Size  Location     Type
                  1    wreg      unsigned char 
 Registers used:
		wreg, fsr2l, fsr2h, status,2, status,0
 Tracked objects:
		On entry : 
		On exit  : 
		Unchanged: 
 Data sizes:     COMRAM   BANK0   BANK1   BANK2   BANK3   BANK4   BANK5   BANK6   BANK7   BANK8   BANK9  BANK10  BANK11  BANK12  BANK13  BANK14  BANK15
      Params:         2       0       0       0       0       0       0       0       0       0       0       0       0       0       0       0       0
      Locals:         1       0       0       0       0       0       0       0       0       0       0       0       0       0       0       0       0
      Temps:          0       0       0       0       0       0       0       0       0       0       0       0       0       0       0       0       0
      Totals:         3       0       0       0       0       0       0       0       0       0       0       0       0       0       0       0       0
Total ram usage:        3 bytes
 Hardware stack levels used:    1
 Hardware stack levels required when called:    4
 This function calls:
		Nothing
 This function is called by:
		_Interrupt_INTx_Init
 This function uses a non-reentrant model


 *************** function _Interrupt_INTx_Edge_Init *****************
 Defined at:
		line 284 in file "MCAL_Layer/Interrupt_Driver/mcal_external_interrupt.c"
 Parameters:    Size  Location     Type
  int_obj         2   19[COMRAM] PTR const struct .
		 -> INT0_obj(7), 
 Auto vars:     Size  Location     Type
  ret             1    0[BANK0 ] unsigned char 
 Return value:  Size  Location     Type
                  1    wreg      unsigned char 
 Registers used:
		wreg, fsr2l, fsr2h, status,2, status,0
 Tracked objects:
		On entry : 
		On exit  : 
		Unchanged: 
 Data sizes:     COMRAM   BANK0   BANK1   BANK2   BANK3   BANK4   BANK5   BANK6   BANK7   BANK8   BANK9  BANK10  BANK11  BANK12  BANK13  BANK14  BANK15
      Params:         2       0       0       0       0       0       0       0       0       0       0       0       0       0       0       0       0
      Locals:         0       1       0       0       0       0       0       0       0       0       0       0       0       0       0       0       0
      Temps:          1       0       0       0       0       0       0       0       0       0       0       0       0       0       0       0       0
      Totals:         3       1       0       0       0       0       0       0       0       0       0       0       0       0       0       0       0
Total ram usage:        4 bytes
 Hardware stack levels used:    1
 Hardware stack levels required when called:    4
 This function calls:
		Nothing
 This function is called by:
		_Interrupt_INTx_Init
 This function uses a non-reentrant model


 *************** function _Interrupt_INTx_Disable *****************
 Defined at:
		line 211 in file "MCAL_Layer/Interrupt_Driver/mcal_external_interrupt.c"
 Parameters:    Size  Location     Type
  int_obj         2   19[COMRAM] PTR const struct .
		 -> INT0_obj(7), 
 Auto vars:     Size  Location     Type
  ret             1   21[COMRAM] unsigned char 
 Return value:  Size  Location     Type
                  1    wreg      unsigned char 
 Registers used:
		wreg, fsr2l, fsr2h, status,2, status,0
 Tracked objects:
		On entry : 
		On exit  : 
		Unchanged: 
 Data sizes:     COMRAM   BANK0   BANK1   BANK2   BANK3   BANK4   BANK5   BANK6   BANK7   BANK8   BANK9  BANK10  BANK11  BANK12  BANK13  BANK14  BANK15
      Params:         2       0       0       0       0       0       0       0       0       0       0       0       0       0       0       0       0
      Locals:         1       0       0       0       0       0       0       0       0       0       0       0       0       0       0       0       0
      Temps:          0       0       0       0       0       0       0       0       0       0       0       0       0       0       0       0       0
      Totals:         3       0       0       0       0       0       0       0       0       0       0       0       0       0       0       0       0
Total ram usage:        3 bytes
 Hardware stack levels used:    1
 Hardware stack levels required when called:    4
 This function calls:
		Nothing
 This function is called by:
		_Interrupt_INTx_Init
		_Interrupt_INTx_DeInit
 This function uses a non-reentrant model


 *************** function _Interrupt_INTx_Clear_Flag *****************
 Defined at:
		line 351 in file "MCAL_Layer/Interrupt_Driver/mcal_external_interrupt.c"
 Parameters:    Size  Location     Type
  int_obj         2   19[COMRAM] PTR const struct .
		 -> INT0_obj(7), 
 Auto vars:     Size  Location     Type
  ret             1   21[COMRAM] unsigned char 
 Return value:  Size  Location     Type
                  1    wreg      unsigned char 
 Registers used:
		wreg, fsr2l, fsr2h, status,2, status,0
 Tracked objects:
		On entry : 
		On exit  : 
		Unchanged: 
 Data sizes:     COMRAM   BANK0   BANK1   BANK2   BANK3   BANK4   BANK5   BANK6   BANK7   BANK8   BANK9  BANK10  BANK11  BANK12  BANK13  BANK14  BANK15
      Params:         2       0       0       0       0       0       0       0       0       0       0       0       0       0       0       0       0
      Locals:         1       0       0       0       0       0       0       0       0       0       0       0       0       0       0       0       0
      Temps:          0       0       0       0       0       0       0       0       0       0       0       0       0       0       0       0       0
      Totals:         3       0       0       0       0       0       0       0       0       0       0       0       0       0       0       0       0
Total ram usage:        3 bytes
 Hardware stack levels used:    1
 Hardware stack levels required when called:    4
 This function calls:
		Nothing
 This function is called by:
		_Interrupt_INTx_Init
 This function uses a non-reentrant model


 *************** function _EEPROM_Read_DataByByte *****************
 Defined at:
		line 52 in file "MCAL_Layer/EEPROM_Driver/mcal_eeprom_prog.c"
 Parameters:    Size  Location     Type
  byteAddress     2    0[BANK0 ] unsigned short 
  data            2    2[BANK0 ] PTR unsigned char 
		 -> program_selectd(1), 
 Auto vars:     Size  Location     Type
  Local_State     1   19[COMRAM] unsigned char 
 Return value:  Size  Location     Type
                  1    wreg      unsigned char 
 Registers used:
		wreg, fsr2l, fsr2h, status,2, status,0
 Tracked objects:
		On entry : 
		On exit  : 
		Unchanged: 
 Data sizes:     COMRAM   BANK0   BANK1   BANK2   BANK3   BANK4   BANK5   BANK6   BANK7   BANK8   BANK9  BANK10  BANK11  BANK12  BANK13  BANK14  BANK15
      Params:         0       4       0       0       0       0       0       0       0       0       0       0       0       0       0       0       0
      Locals:         1       0       0       0       0       0       0       0       0       0       0       0       0       0       0       0       0
      Temps:          0       0       0       0       0       0       0       0       0       0       0       0       0       0       0       0       0
      Totals:         1       4       0       0       0       0       0       0       0       0       0       0       0       0       0       0       0
Total ram usage:        5 bytes
 Hardware stack levels used:    1
 Hardware stack levels required when called:    4
 This function calls:
		Nothing
 This function is called by:
		_main
 This function uses a non-reentrant model


 *************** function _InterruptManager *****************
 Defined at:
		line 32 in file "MCAL_Layer/Interrupt_Driver/mcal_iterrupt_mangaer.c"
 Parameters:    Size  Location     Type
		None
 Auto vars:     Size  Location     Type
		None
 Return value:  Size  Location     Type
                  1    wreg      void 
 Registers used:
		wreg, status,2, status,0, pclath, tosl, cstack
 Tracked objects:
		On entry : 
		On exit  : 
		Unchanged: 
 Data sizes:     COMRAM   BANK0   BANK1   BANK2   BANK3   BANK4   BANK5   BANK6   BANK7   BANK8   BANK9  BANK10  BANK11  BANK12  BANK13  BANK14  BANK15
      Params:         0       0       0       0       0       0       0       0       0       0       0       0       0       0       0       0       0
      Locals:         0       0       0       0       0       0       0       0       0       0       0       0       0       0       0       0       0
      Temps:         14       0       0       0       0       0       0       0       0       0       0       0       0       0       0       0       0
      Totals:        14       0       0       0       0       0       0       0       0       0       0       0       0       0       0       0       0
Total ram usage:       14 bytes
 Hardware stack levels used:    1
 Hardware stack levels required when called:    3
 This function calls:
		_INT0_ISR
		_INT1_ISR
		_INT2_ISR
		_RB4_ISR
		_RB5_ISR
		_RB6_ISR
		_RB7_ISR
 This function is called by:
		Interrupt level 2
 This function uses a non-reentrant model


 *************** function _RB7_ISR *****************
 Defined at:
		line 681 in file "MCAL_Layer/Interrupt_Driver/mcal_external_interrupt.c"
 Parameters:    Size  Location     Type
  source          1    wreg     unsigned char 
 Auto vars:     Size  Location     Type
  source          1    0[COMRAM] unsigned char 
 Return value:  Size  Location     Type
                  1    wreg      void 
 Registers used:
		wreg, status,2, status,0
 Tracked objects:
		On entry : 
		On exit  : 
		Unchanged: 
 Data sizes:     COMRAM   BANK0   BANK1   BANK2   BANK3   BANK4   BANK5   BANK6   BANK7   BANK8   BANK9  BANK10  BANK11  BANK12  BANK13  BANK14  BANK15
      Params:         0       0       0       0       0       0       0       0       0       0       0       0       0       0       0       0       0
      Locals:         1       0       0       0       0       0       0       0       0       0       0       0       0       0       0       0       0
      Temps:          0       0       0       0       0       0       0       0       0       0       0       0       0       0       0       0       0
      Totals:         1       0       0       0       0       0       0       0       0       0       0       0       0       0       0       0       0
Total ram usage:        1 bytes
 Hardware stack levels used:    1
 This function calls:
		Nothing
 This function is called by:
		_InterruptManager
 This function uses a non-reentrant model


 *************** function _RB6_ISR *****************
 Defined at:
		line 668 in file "MCAL_Layer/Interrupt_Driver/mcal_external_interrupt.c"
 Parameters:    Size  Location     Type
  source          1    wreg     unsigned char 
 Auto vars:     Size  Location     Type
  source          1    0[COMRAM] unsigned char 
 Return value:  Size  Location     Type
                  1    wreg      void 
 Registers used:
		wreg, status,2, status,0
 Tracked objects:
		On entry : 
		On exit  : 
		Unchanged: 
 Data sizes:     COMRAM   BANK0   BANK1   BANK2   BANK3   BANK4   BANK5   BANK6   BANK7   BANK8   BANK9  BANK10  BANK11  BANK12  BANK13  BANK14  BANK15
      Params:         0       0       0       0       0       0       0       0       0       0       0       0       0       0       0       0       0
      Locals:         1       0       0       0       0       0       0       0       0       0       0       0       0       0       0       0       0
      Temps:          0       0       0       0       0       0       0       0       0       0       0       0       0       0       0       0       0
      Totals:         1       0       0       0       0       0       0       0       0       0       0       0       0       0       0       0       0
Total ram usage:        1 bytes
 Hardware stack levels used:    1
 This function calls:
		Nothing
 This function is called by:
		_InterruptManager
 This function uses a non-reentrant model


 *************** function _RB5_ISR *****************
 Defined at:
		line 655 in file "MCAL_Layer/Interrupt_Driver/mcal_external_interrupt.c"
 Parameters:    Size  Location     Type
  source          1    wreg     unsigned char 
 Auto vars:     Size  Location     Type
  source          1    0[COMRAM] unsigned char 
 Return value:  Size  Location     Type
                  1    wreg      void 
 Registers used:
		wreg, status,2, status,0
 Tracked objects:
		On entry : 
		On exit  : 
		Unchanged: 
 Data sizes:     COMRAM   BANK0   BANK1   BANK2   BANK3   BANK4   BANK5   BANK6   BANK7   BANK8   BANK9  BANK10  BANK11  BANK12  BANK13  BANK14  BANK15
      Params:         0       0       0       0       0       0       0       0       0       0       0       0       0       0       0       0       0
      Locals:         1       0       0       0       0       0       0       0       0       0       0       0       0       0       0       0       0
      Temps:          0       0       0       0       0       0       0       0       0       0       0       0       0       0       0       0       0
      Totals:         1       0       0       0       0       0       0       0       0       0       0       0       0       0       0       0       0
Total ram usage:        1 bytes
 Hardware stack levels used:    1
 This function calls:
		Nothing
 This function is called by:
		_InterruptManager
 This function uses a non-reentrant model


 *************** function _RB4_ISR *****************
 Defined at:
		line 642 in file "MCAL_Layer/Interrupt_Driver/mcal_external_interrupt.c"
 Parameters:    Size  Location     Type
  source          1    wreg     unsigned char 
 Auto vars:     Size  Location     Type
  source          1    0[COMRAM] unsigned char 
 Return value:  Size  Location     Type
                  1    wreg      void 
 Registers used:
		wreg, status,2, status,0
 Tracked objects:
		On entry : 
		On exit  : 
		Unchanged: 
 Data sizes:     COMRAM   BANK0   BANK1   BANK2   BANK3   BANK4   BANK5   BANK6   BANK7   BANK8   BANK9  BANK10  BANK11  BANK12  BANK13  BANK14  BANK15
      Params:         0       0       0       0       0       0       0       0       0       0       0       0       0       0       0       0       0
      Locals:         1       0       0       0       0       0       0       0       0       0       0       0       0       0       0       0       0
      Temps:          0       0       0       0       0       0       0       0       0       0       0       0       0       0       0       0       0
      Totals:         1       0       0       0       0       0       0       0       0       0       0       0       0       0       0       0       0
Total ram usage:        1 bytes
 Hardware stack levels used:    1
 This function calls:
		Nothing
 This function is called by:
		_InterruptManager
 This function uses a non-reentrant model


 *************** function _INT2_ISR *****************
 Defined at:
		line 107 in file "MCAL_Layer/Interrupt_Driver/mcal_external_interrupt.c"
 Parameters:    Size  Location     Type
		None
 Auto vars:     Size  Location     Type
		None
 Return value:  Size  Location     Type
                  1    wreg      void 
 Registers used:
		wreg, status,2, status,0, pclath, tosl, cstack
 Tracked objects:
		On entry : 
		On exit  : 
		Unchanged: 
 Data sizes:     COMRAM   BANK0   BANK1   BANK2   BANK3   BANK4   BANK5   BANK6   BANK7   BANK8   BANK9  BANK10  BANK11  BANK12  BANK13  BANK14  BANK15
      Params:         0       0       0       0       0       0       0       0       0       0       0       0       0       0       0       0       0
      Locals:         0       0       0       0       0       0       0       0       0       0       0       0       0       0       0       0       0
      Temps:          0       0       0       0       0       0       0       0       0       0       0       0       0       0       0       0       0
      Totals:         0       0       0       0       0       0       0       0       0       0       0       0       0       0       0       0       0
Total ram usage:        0 bytes
 Hardware stack levels used:    1
 Hardware stack levels required when called:    2
 This function calls:
		Absolute function
		_INT0_APP_ISR
 This function is called by:
		_InterruptManager
 This function uses a non-reentrant model


 *************** function _INT1_ISR *****************
 Defined at:
		line 95 in file "MCAL_Layer/Interrupt_Driver/mcal_external_interrupt.c"
 Parameters:    Size  Location     Type
		None
 Auto vars:     Size  Location     Type
		None
 Return value:  Size  Location     Type
                  1    wreg      void 
 Registers used:
		wreg, status,2, status,0, pclath, tosl, cstack
 Tracked objects:
		On entry : 
		On exit  : 
		Unchanged: 
 Data sizes:     COMRAM   BANK0   BANK1   BANK2   BANK3   BANK4   BANK5   BANK6   BANK7   BANK8   BANK9  BANK10  BANK11  BANK12  BANK13  BANK14  BANK15
      Params:         0       0       0       0       0       0       0       0       0       0       0       0       0       0       0       0       0
      Locals:         0       0       0       0       0       0       0       0       0       0       0       0       0       0       0       0       0
      Temps:          0       0       0       0       0       0       0       0       0       0       0       0       0       0       0       0       0
      Totals:         0       0       0       0       0       0       0       0       0       0       0       0       0       0       0       0       0
Total ram usage:        0 bytes
 Hardware stack levels used:    1
 Hardware stack levels required when called:    2
 This function calls:
		Absolute function
		_INT0_APP_ISR
 This function is called by:
		_InterruptManager
 This function uses a non-reentrant model


 *************** function _INT0_ISR *****************
 Defined at:
		line 80 in file "MCAL_Layer/Interrupt_Driver/mcal_external_interrupt.c"
 Parameters:    Size  Location     Type
		None
 Auto vars:     Size  Location     Type
		None
 Return value:  Size  Location     Type
                  1    wreg      void 
 Registers used:
		wreg, status,2, status,0, pclath, tosl, cstack
 Tracked objects:
		On entry : 
		On exit  : 
		Unchanged: 
 Data sizes:     COMRAM   BANK0   BANK1   BANK2   BANK3   BANK4   BANK5   BANK6   BANK7   BANK8   BANK9  BANK10  BANK11  BANK12  BANK13  BANK14  BANK15
      Params:         0       0       0       0       0       0       0       0       0       0       0       0       0       0       0       0       0
      Locals:         0       0       0       0       0       0       0       0       0       0       0       0       0       0       0       0       0
      Temps:          0       0       0       0       0       0       0       0       0       0       0       0       0       0       0       0       0
      Totals:         0       0       0       0       0       0       0       0       0       0       0       0       0       0       0       0       0
Total ram usage:        0 bytes
 Hardware stack levels used:    1
 Hardware stack levels required when called:    2
 This function calls:
		Absolute function
		_INT0_APP_ISR
 This function is called by:
		_InterruptManager
 This function uses a non-reentrant model


 *************** function _INT0_APP_ISR *****************
 Defined at:
		line 10 in file "application.c"
 Parameters:    Size  Location     Type
		None
 Auto vars:     Size  Location     Type
		None
 Return value:  Size  Location     Type
                  1    wreg      void 
 Registers used:
		wreg, status,2, status,0, cstack
 Tracked objects:
		On entry : 
		On exit  : 
		Unchanged: 
 Data sizes:     COMRAM   BANK0   BANK1   BANK2   BANK3   BANK4   BANK5   BANK6   BANK7   BANK8   BANK9  BANK10  BANK11  BANK12  BANK13  BANK14  BANK15
      Params:         0       0       0       0       0       0       0       0       0       0       0       0       0       0       0       0       0
      Locals:         0       0       0       0       0       0       0       0       0       0       0       0       0       0       0       0       0
      Temps:          0       0       0       0       0       0       0       0       0       0       0       0       0       0       0       0       0
      Totals:         0       0       0       0       0       0       0       0       0       0       0       0       0       0       0       0       0
Total ram usage:        0 bytes
 Hardware stack levels used:    1
 Hardware stack levels required when called:    1
 This function calls:
		_EEPROM_Write_DataByByte
 This function is called by:
		_INT0_ISR
		_INT1_ISR
		_INT2_ISR
 This function uses a non-reentrant model


 *************** function _EEPROM_Write_DataByByte *****************
 Defined at:
		line 14 in file "MCAL_Layer/EEPROM_Driver/mcal_eeprom_prog.c"
 Parameters:    Size  Location     Type
  byteAddress     2    0[COMRAM] unsigned short 
  data            1    2[COMRAM] unsigned char 
 Auto vars:     Size  Location     Type
  interrupt_St    1    4[COMRAM] unsigned char 
  Local_State     1    3[COMRAM] unsigned char 
 Return value:  Size  Location     Type
                  1    wreg      unsigned char 
 Registers used:
		wreg, status,2, status,0
 Tracked objects:
		On entry : 
		On exit  : 
		Unchanged: 
 Data sizes:     COMRAM   BANK0   BANK1   BANK2   BANK3   BANK4   BANK5   BANK6   BANK7   BANK8   BANK9  BANK10  BANK11  BANK12  BANK13  BANK14  BANK15
      Params:         3       0       0       0       0       0       0       0       0       0       0       0       0       0       0       0       0
      Locals:         2       0       0       0       0       0       0       0       0       0       0       0       0       0       0       0       0
      Temps:          0       0       0       0       0       0       0       0       0       0       0       0       0       0       0       0       0
      Totals:         5       0       0       0       0       0       0       0       0       0       0       0       0       0       0       0       0
Total ram usage:        5 bytes
 Hardware stack levels used:    1
 This function calls:
		Nothing
 This function is called by:
		_INT0_APP_ISR
 This function uses a non-reentrant model



MODULE INFORMATION

Module		Function		Class		Link	Load	Size
MCAL_Layer/Interrupt_Driver/mcal_iterrupt_mangaer.c
		_InterruptManager		CODE           	0008	0000	427

MCAL_Layer/Interrupt_Driver/mcal_iterrupt_mangaer.c estimated size: 427

MCAL_Layer/Interrupt_Driver/mcal_external_interrupt.c
		_INT0_SetInterruptHandler		CODE           	1982	0000	33
		_Interrupt_INTx_Clear_Flag		CODE           	179E	0000	75
		_Interrupt_INTx_SetInterruptHandler		CODE           	1382	0000	137
		_INT1_SetInterruptHandler		CODE           	1962	0000	33
		_Interrupt_INTx_Enable		CODE           	165A	0000	87
		_RB4_ISR       		CODE           	1A48	0000	7
		_INT2_SetInterruptHandler		CODE           	1942	0000	33
		_RB5_ISR       		CODE           	1A42	0000	7
		_RB6_ISR       		CODE           	1A3C	0000	7
		_RB7_ISR       		CODE           	1A36	0000	7
		_Interrupt_INTx_Edge_Init		CODE           	12BC	0000	199
		_Interrupt_INTx_Init		CODE           	150E	0000	125
		_Interrupt_INTx_Disable		CODE           	1754	0000	75
		_INT0_ISR      		CODE           	19E2	0000	33
		_Interrupt_INTx_Pin_Init		CODE           	190E	0000	53
		_INT1_ISR      		CODE           	19C2	0000	33
		_INT2_ISR      		CODE           	19A2	0000	33

MCAL_Layer/Interrupt_Driver/mcal_external_interrupt.c estimated size: 977

shared
		_btn_values    		SMALLCONST     	0000	0000	0
		__initialization		CODE           	18A2	0000	45

shared estimated size: 45

ECU_Layer/ecu_layer_prog.c
		_ecu_layer_initialize		CODE           	1602	0000	89

ECU_Layer/ecu_layer_prog.c estimated size: 89

MCAL_Layer/GPIO/hal_gpio.c
		_gpio_pin_direction_intialize		CODE           	11B6	0000	263

MCAL_Layer/GPIO/hal_gpio.c estimated size: 263

ECU_Layer/LED_Driver/ecu_led_prog.c
		_led_initizlize		CODE           	148C	0000	131
		_led_turn_on   		CODE           	158A	0000	121
		_led_turn_off  		CODE           	140A	0000	131

ECU_Layer/LED_Driver/ecu_led_prog.c estimated size: 383

MCAL_Layer/EEPROM_Driver/mcal_eeprom_prog.c
		_EEPROM_Read_DataByByte		CODE           	1826	0000	63
		_EEPROM_Write_DataByByte		CODE           	1864	0000	63

MCAL_Layer/EEPROM_Driver/mcal_eeprom_prog.c estimated size: 126

application.c
		_INT0_APP_ISR  		CODE           	1A02	0000	31
		_progarm2      		CODE           	1702	0000	83
		_main          		CODE           	18D8	0000	55
		_program1      		CODE           	16B0	0000	83
		_functionInitialize		CODE           	1A20	0000	23

application.c estimated size: 275

