Microchip MPLAB XC8 Compiler V1.41 ()

Linker command line:

-W-3 --edf=C:\Program Files\Microchip\xc8\v1.41\dat\en_msgs.txt -cs \
  -h+dist/default/production\Code.production.sym \
  --cmf=dist/default/production\Code.production.cmf -z -Q18F4620 \
  -oC:\Users\AYAFAR~1\AppData\Local\Temp\shjc.2 \
  -Mdist/default/production/Code.production.map -E1 -ver=XC8 \
  -ASTACK=0BDh-0f7fh -pstack=STACK -ACODE=00h-0FFFFh -ACONST=00h-0FFFFh \
  -ASMALLCONST=01000h-010FFhx240 -AMEDIUMCONST=01000h-0FFFFh \
  -ACOMRAM=01h-07Fh -AABS1=00h-0F7Fh -ABIGRAM=01h-0F7Fh \
  -ARAM=080h-0FFh,0100h-01FFhx14,0F00h-0F7Fh -ABANK0=080h-0FFh \
  -ABANK1=0100h-01FFh -ABANK2=0200h-02FFh -ABANK3=0300h-03FFh \
  -ABANK4=0400h-04FFh -ABANK5=0500h-05FFh -ABANK6=0600h-06FFh \
  -ABANK7=0700h-07FFh -ABANK8=0800h-08FFh -ABANK9=0900h-09FFh \
  -ABANK10=0A00h-0AFFh -ABANK11=0B00h-0BFFh -ABANK12=0C00h-0CFFh \
  -ABANK13=0D00h-0DFFh -ABANK14=0E00h-0EFFh -ABANK15=0F00h-0F7Fh \
  -ASFR=0F80h-0FFFh -preset_vec=00h,intcode=08h,intcodelo,powerup,init \
  -pramtop=01000h -psmallconst=SMALLCONST -pmediumconst=MEDIUMCONST \
  -pconst=CONST -AFARRAM=00h-00h -ACONFIG=0300000h-030000Dh -pconfig=CONFIG \
  -AIDLOC=0200000h-0200007h -pidloc=IDLOC -AEEDATA=0F00000h-0F003FFh \
  -peeprom_data=EEDATA \
  -prdata=COMRAM,nvrram=COMRAM,nvbit=COMRAM,rbss=COMRAM,rbit=COMRAM \
  -pfarbss=FARRAM,fardata=FARRAM,nvFARRAM=FARRAM \
  -pintsave_regs=BIGRAM,bigbss=BIGRAM,bigdata=BIGRAM -pbss=RAM \
  -pidata=CODE,irdata=CODE,ibigdata=CODE,ifardata=CODE -prparam=COMRAM \
  C:\Users\AYAFAR~1\AppData\Local\Temp\shjc.obj \
  dist/default/production\Code.production.obj 

Object code version is 3.11

Machine type is 18F4620

Call graph: (short form)




                Name                               Link     Load   Length Selector   Space Scale
C:\Users\AYAFAR~1\AppData\Local\Temp\shjc.obj
                init                                  E        E        4        4       0
                reset_vec                             0        0        4        0       0
                idloc                            200000   200000        8   200000       0
                config                           300000   300000        E   300000       0
dist/default/production\Code.production.obj
                intcode                               8        8        6        4       0
                temp                                 6C       6C        1        1       1
                smallconst                         1000     1000       12      800       0
                text47                             1922     1922       68      809       0
                text46                             1FB0     1FB0       24      809       0
                text45                             1F8C     1F8C       24      809       0
                text44                             1F68     1F68       24      809       0
                text43                             2034     2034       20      809       0
                text42                             2014     2014       20      809       0
                text41                             1FF4     1FF4       20      809       0
                text40                             18BA     18BA       68      809       0
                text39                             17E0     17E0       6E      809       0
                text38                             20A8     20A8        E      809       0
                text37                             1F44     1F44       24      809       0
                text36                             209A     209A        E      809       0
                text35                             208C     208C        E      809       0
                text34                             207E     207E        E      809       0
                text33                             2070     2070        E      809       0
                text32                             2062     2062        E      809       0
                text31                             2054     2054        E      809       0
                text30                             1C86     1C86       4C      809       0
                text29                             1C3A     1C3A       4C      809       0
                text28                             1BEE     1BEE       4C      809       0
                text27                             1BA2     1BA2       4C      809       0
                intcode_body                       1012     1012      1A4      809       0
                text25                             1B4C     1B4C       56      809       0
                text24                             1AF6     1AF6       56      809       0
                text23                             13E8     13E8       D8      809       0
                text22                             198A     198A       62      809       0
                text21                             11B6     11B6      11A      809       0
                text20                             1E3E     1E3E       38      809       0
                text19                             1EF6     1EF6       2A      809       0
                text18                             1ECC     1ECC       2A      809       0
                text17                             1EA2     1EA2       2A      809       0
                text16                             15E0     15E0       88      809       0
                text15                             16EE     16EE       7C      809       0
                text14                             1F20     1F20       24      809       0
                text13                             1E06     1E06       38      809       0
                text12                             1FD4     1FD4       20      809       0
                text11                             1D8C     1D8C       3E      809       0
                text10                             1D4E     1D4E       3E      809       0
                text9                              1D10     1D10       3E      809       0
                text8                              1CD2     1CD2       3E      809       0
                text7                              12D0     12D0      118      809       0
                text6                              1AA0     1AA0       56      809       0
                text5                              1550     1550       90      809       0
                text4                              184E     184E       6C      809       0
                text3                              176A     176A       76      809       0
                text2                              14C0     14C0       90      809       0
                text1                              1668     1668       86      809       0
                text0                              19EC     19EC       5E      809       0
                cstackCOMRAM                         3D       3D       19        1       1
                cstackBANK0                          AC       AC       11       80       1
                dataBANK0                            80       80       2C       80       1
                dataCOMRAM                            1        1       3C        1       1
                bssCOMRAM                            56       56       16        1       1
                cinit                              1A4A     1A4A       56      809       0
                idataBANK0                         1E76     1E76       2C      809       0
                idataCOMRAM                        1DCA     1DCA       3C      809       0

TOTAL           Name                               Link     Load   Length     Space
        CLASS   STACK          

        CLASS   CODE           
                intcode                               8        8        6         0
                init                                  E        E        4         0
                reset_vec                             0        0        4         0
                text47                             1922     1922       68         0
                text46                             1FB0     1FB0       24         0
                text45                             1F8C     1F8C       24         0
                text44                             1F68     1F68       24         0
                text43                             2034     2034       20         0
                text42                             2014     2014       20         0
                text41                             1FF4     1FF4       20         0
                text40                             18BA     18BA       68         0
                text39                             17E0     17E0       6E         0
                text38                             20A8     20A8        E         0
                text37                             1F44     1F44       24         0
                text36                             209A     209A        E         0
                text35                             208C     208C        E         0
                text34                             207E     207E        E         0
                text33                             2070     2070        E         0
                text32                             2062     2062        E         0
                text31                             2054     2054        E         0
                text30                             1C86     1C86       4C         0
                text29                             1C3A     1C3A       4C         0
                text28                             1BEE     1BEE       4C         0
                text27                             1BA2     1BA2       4C         0
                intcode_body                       1012     1012      1A4         0
                text25                             1B4C     1B4C       56         0
                text24                             1AF6     1AF6       56         0
                text23                             13E8     13E8       D8         0
                text22                             198A     198A       62         0
                text21                             11B6     11B6      11A         0
                text20                             1E3E     1E3E       38         0
                text19                             1EF6     1EF6       2A         0
                text18                             1ECC     1ECC       2A         0
                text17                             1EA2     1EA2       2A         0
                text16                             15E0     15E0       88         0
                text15                             16EE     16EE       7C         0
                text14                             1F20     1F20       24         0
                text13                             1E06     1E06       38         0
                text12                             1FD4     1FD4       20         0
                text11                             1D8C     1D8C       3E         0
                text10                             1D4E     1D4E       3E         0
                text9                              1D10     1D10       3E         0
                text8                              1CD2     1CD2       3E         0
                text7                              12D0     12D0      118         0
                text6                              1AA0     1AA0       56         0
                text5                              1550     1550       90         0
                text4                              184E     184E       6C         0
                text3                              176A     176A       76         0
                text2                              14C0     14C0       90         0
                text1                              1668     1668       86         0
                text0                              19EC     19EC       5E         0
                cinit                              1A4A     1A4A       56         0
                idataBANK0                         1E76     1E76       2C         0
                idataCOMRAM                        1DCA     1DCA       3C         0

        CLASS   CONST          

        CLASS   SMALLCONST     
                smallconst                         1000     1000       12         0

        CLASS   MEDIUMCONST    

        CLASS   COMRAM         
                temp                                 6C       6C        1         1
                cstackCOMRAM                         3D       3D       19         1
                dataCOMRAM                            1        1       3C         1
                bssCOMRAM                            56       56       16         1

        CLASS   ABS1           

        CLASS   BIGRAM         

        CLASS   RAM            

        CLASS   BANK0          
                cstackBANK0                          AC       AC       11         1
                dataBANK0                            80       80       2C         1

        CLASS   BANK1          

        CLASS   BANK2          

        CLASS   BANK3          

        CLASS   BANK4          

        CLASS   BANK5          

        CLASS   BANK6          

        CLASS   BANK7          

        CLASS   BANK8          

        CLASS   BANK9          

        CLASS   BANK10         

        CLASS   BANK11         

        CLASS   BANK12         

        CLASS   BANK13         

        CLASS   BANK14         

        CLASS   BANK15         

        CLASS   SFR            

        CLASS   FARRAM         

        CLASS   CONFIG         
                config                           300000   300000        E         0

        CLASS   IDLOC          
                idloc                            200000   200000        8         0

        CLASS   EEDATA         



SEGMENTS        Name                           Load    Length   Top    Selector   Space  Class

                reset_vec                      000000  000004  000004         0       0  CODE    
                dataCOMRAM                     000001  00006C  00006D         1       1  COMRAM  
                intcode                        000008  00000A  000012         4       0  CODE    
                dataBANK0                      000080  00003D  0000BD        80       1  BANK0   
                smallconst                     001000  000012  001012       800       0  SMALLCON
                intcode_body                   001012  0010A4  0020B6       809       0  CODE    
                idloc                          200000  000008  200008    200000       0  IDLOC   
                config                         300000  00000E  30000E    300000       0  CONFIG  


UNUSED ADDRESS RANGES

        Name                Unused          Largest block    Delta
        BANK0            0000BD-0000FF               43
        BANK1            000100-0001FF              100
        BANK10           000A00-000AFF              100
        BANK11           000B00-000BFF              100
        BANK12           000C00-000CFF              100
        BANK13           000D00-000DFF              100
        BANK14           000E00-000EFF              100
        BANK15           000F00-000F7F               80
        BANK2            000200-0002FF              100
        BANK3            000300-0003FF              100
        BANK4            000400-0004FF              100
        BANK5            000500-0005FF              100
        BANK6            000600-0006FF              100
        BANK7            000700-0007FF              100
        BANK8            000800-0008FF              100
        BANK9            000900-0009FF              100
        BIGRAM           00006D-00007F               13
                         0000BD-000F7F              EC3
        CODE             000004-000007                4
                         000012-000FFF              FEE
                         0020B6-00FFFF             DF4A
        COMRAM           00006D-00007F               13
        CONST            000004-000007                4
                         000012-000FFF              FEE
                         0020B6-00FFFF             DF4A
        EEDATA           F00000-F003FF              400
        MEDIUMCONST      0020B6-00FFFF             DF4A
        RAM              0000BD-000F7F              100
        SFR              000F80-000FFF               80
        SMALLCONST       0020B6-00FFFF              100
        STACK            0000BD-000F7F              EC3

                                  Symbol Table

INT0_SetInterruptHandler@InterruptHandler    cstackBANK0  0000AC
INT0_SetInterruptHandler@ret                 cstackBANK0  0000AE
INT1_SetInterruptHandler@InterruptHandler    cstackBANK0  0000AC
INT1_SetInterruptHandler@ret                 cstackBANK0  0000AE
INT2_SetInterruptHandler@InterruptHandler    cstackBANK0  0000AC
INT2_SetInterruptHandler@ret                 cstackBANK0  0000AE
Interrupt_INTx_Clear_Flag@int_obj            cstackBANK0  0000AC
Interrupt_INTx_Clear_Flag@ret                cstackBANK0  0000AE
Interrupt_INTx_Disable@int_obj               cstackBANK0  0000AC
Interrupt_INTx_Disable@ret                   cstackBANK0  0000AE
Interrupt_INTx_Edge_Init@int_obj             cstackBANK0  0000AC
Interrupt_INTx_Edge_Init@ret                 cstackBANK0  0000AF
Interrupt_INTx_Enable@int_obj                cstackBANK0  0000AC
Interrupt_INTx_Enable@ret                    cstackBANK0  0000AE
Interrupt_INTx_Init@int_obj                  cstackBANK0  0000B8
Interrupt_INTx_Init@ret                      cstackBANK0  0000BA
Interrupt_INTx_Pin_Init@int_obj              cstackBANK0  0000B5
Interrupt_INTx_Pin_Init@ret                  cstackBANK0  0000B7
Interrupt_INTx_SetInterruptHandler@int_obj   cstackBANK0  0000AF
Interrupt_INTx_SetInterruptHandler@ret       cstackBANK0  0000B1
Interrupt_RBx_Enable@int_obj                 cstackBANK0  0000AC
Interrupt_RBx_Enable@ret                     cstackBANK0  0000AE
Interrupt_RBx_Init@int_obj                   cstackBANK0  0000B8
Interrupt_RBx_Init@ret                       cstackBANK0  0000BA
Interrupt_RBx_Pin_Init@Local_State           cstackBANK0  0000B7
Interrupt_RBx_Pin_Init@int_obj               cstackBANK0  0000B5
Interrupt_RBx_Priority_Init@int_obj          cstackBANK0  0000AC
Interrupt_RBx_Priority_Init@ret              cstackBANK0  0000AE
RB4_ISR@source                               cstackCOMRAM 000047
RB4_SetInterruptHandler@InterruptHandler_1   cstackBANK0  0000AC
RB4_SetInterruptHandler@InterruptHandler_2   cstackBANK0  0000AE
RB4_SetInterruptHandler@ret                  cstackBANK0  0000B0
RB5_ISR@source                               cstackCOMRAM 000047
RB5_SetInterruptHandler@InterruptHandler_1   cstackBANK0  0000AC
RB5_SetInterruptHandler@InterruptHandler_2   cstackBANK0  0000AE
RB5_SetInterruptHandler@ret                  cstackBANK0  0000B0
RB6_ISR@source                               cstackCOMRAM 000047
RB6_SetInterruptHandler@InterruptHandler_1   cstackBANK0  0000AC
RB6_SetInterruptHandler@InterruptHandler_2   cstackBANK0  0000AE
RB6_SetInterruptHandler@ret                  cstackBANK0  0000B0
RB7_ISR@source                               cstackCOMRAM 000047
RB7_SetInterruptHandler@InterruptHandler_1   cstackBANK0  0000AC
RB7_SetInterruptHandler@InterruptHandler_2   cstackBANK0  0000AE
RB7_SetInterruptHandler@ret                  cstackBANK0  0000B0
RBx_SetInterruptHandler@int_obj              cstackBANK0  0000B1
RBx_SetInterruptHandler@ret                  cstackBANK0  0000B3
_INT0_APP_ISR                                text45       001F8C
_INT0_ISR                                    text43       002034
_INT0_InterruptHandler                       bssCOMRAM    00006A
_INT0_SetInterruptHandler                    text19       001EF6
_INT0_obj                                    dataBANK0    0000A5
_INT1_APP_ISR                                text44       001F68
_INT1_ISR                                    text42       002014
_INT1_InterruptHandler                       bssCOMRAM    000068
_INT1_SetInterruptHandler                    text18       001ECC
_INT1_obj                                    dataBANK0    00009E
_INT2_APP_ISR                                text46       001FB0
_INT2_ISR                                    text41       001FF4
_INT2_InterruptHandler                       bssCOMRAM    000066
_INT2_SetInterruptHandler                    text17       001EA2
_INT2_obj                                    dataBANK0    000097
_INTCON2bits                                 (abs)        000FF1
_INTCON3bits                                 (abs)        000FF0
_INTCONbits                                  (abs)        000FF2
_InterruptManager                            intcode      000008
_Interrupt_INTx_Clear_Flag                   text25       001B4C
_Interrupt_INTx_Disable                      text24       001AF6
_Interrupt_INTx_Edge_Init                    text23       0013E8
_Interrupt_INTx_Enable                       text22       00198A
_Interrupt_INTx_Init                         text15       0016EE
_Interrupt_INTx_Pin_Init                     text20       001E3E
_Interrupt_INTx_SetInterruptHandler          text16       0015E0
_Interrupt_RBx_Enable                        text14       001F20
_Interrupt_RBx_Init                          text6        001AA0
_Interrupt_RBx_Pin_Init                      text13       001E06
_Interrupt_RBx_Priority_Init                 text12       001FD4
_LATA                                        (abs)        000F89
_LATB                                        (abs)        000F8A
_LATC                                        (abs)        000F8B
_LATD                                        (abs)        000F8C
_LATE                                        (abs)        000F8D
_PORTA                                       (abs)        000F80
_PORTB                                       (abs)        000F81
_PORTBbits                                   (abs)        000F81
_PORTC                                       (abs)        000F82
_PORTD                                       (abs)        000F83
_PORTE                                       (abs)        000F84
_RB4_APP_ISR_HIGH                            text37       001F44
_RB4_APP_ISR_LOW                             text33       002070
_RB4_Flag                                    dataCOMRAM   000022
_RB4_ISR                                     text30       001C86
_RB4_InterruptHandler_HIGH                   bssCOMRAM    000064
_RB4_InterruptHandler_LOW                    bssCOMRAM    00005C
_RB4_SetInterruptHandler                     text11       001D8C
_RB4_obj                                     dataCOMRAM   000031
_RB5_APP_ISR_HIGH                            text36       00209A
_RB5_APP_ISR_LOW                             text32       002062
_RB5_Flag                                    dataCOMRAM   000021
_RB5_ISR                                     text29       001C3A
_RB5_InterruptHandler_HIGH                   bssCOMRAM    000062
_RB5_InterruptHandler_LOW                    bssCOMRAM    00005A
_RB5_SetInterruptHandler                     text10       001D4E
_RB5_obj                                     dataCOMRAM   00002A
_RB6_APP_ISR_HIGH                            text35       00208C
_RB6_APP_ISR_LOW                             text31       002054
_RB6_Flag                                    dataCOMRAM   000020
_RB6_ISR                                     text28       001BEE
_RB6_InterruptHandler_HIGH                   bssCOMRAM    000060
_RB6_InterruptHandler_LOW                    bssCOMRAM    000058
_RB6_SetInterruptHandler                     text9        001D10
_RB6_obj                                     dataCOMRAM   000023
_RB7_APP_ISR_HIGH                            text38       0020A8
_RB7_APP_ISR_LOW                             text34       00207E
_RB7_Flag                                    dataCOMRAM   00001F
_RB7_ISR                                     text27       001BA2
_RB7_InterruptHandler_HIGH                   bssCOMRAM    00005E
_RB7_InterruptHandler_LOW                    bssCOMRAM    000056
_RB7_SetInterruptHandler                     text8        001CD2
_RB7_obj                                     dataBANK0    000090
_RBx_SetInterruptHandler                     text7        0012D0
_TRISA                                       (abs)        000F92
_TRISB                                       (abs)        000F93
_TRISC                                       (abs)        000F94
_TRISD                                       (abs)        000F95
_TRISE                                       (abs)        000F96
__CFG_BOREN$OFF                              (abs)        000000
__CFG_BORV$1                                 (abs)        000000
__CFG_CCP2MX$PORTC                           (abs)        000000
__CFG_CP0$OFF                                (abs)        000000
__CFG_CP1$OFF                                (abs)        000000
__CFG_CP2$OFF                                (abs)        000000
__CFG_CP3$OFF                                (abs)        000000
__CFG_CPB$OFF                                (abs)        000000
__CFG_CPD$OFF                                (abs)        000000
__CFG_EBTR0$OFF                              (abs)        000000
__CFG_EBTR1$OFF                              (abs)        000000
__CFG_EBTR2$OFF                              (abs)        000000
__CFG_EBTR3$OFF                              (abs)        000000
__CFG_EBTRB$OFF                              (abs)        000000
__CFG_FCMEN$OFF                              (abs)        000000
__CFG_IESO$OFF                               (abs)        000000
__CFG_LPT1OSC$OFF                            (abs)        000000
__CFG_LVP$OFF                                (abs)        000000
__CFG_MCLRE$ON                               (abs)        000000
__CFG_OSC$HS                                 (abs)        000000
__CFG_PBADEN$OFF                             (abs)        000000
__CFG_PWRT$OFF                               (abs)        000000
__CFG_STVREN$ON                              (abs)        000000
__CFG_WDT$OFF                                (abs)        000000
__CFG_WDTPS$32768                            (abs)        000000
__CFG_WRT0$OFF                               (abs)        000000
__CFG_WRT1$OFF                               (abs)        000000
__CFG_WRT2$OFF                               (abs)        000000
__CFG_WRT3$OFF                               (abs)        000000
__CFG_WRTB$OFF                               (abs)        000000
__CFG_WRTC$OFF                               (abs)        000000
__CFG_WRTD$OFF                               (abs)        000000
__CFG_XINST$OFF                              (abs)        000000
__HRAM                                       (abs)        000000
__Habs1                                      abs1         000000
__Hbank0                                     bank0        000000
__Hbank1                                     bank1        000000
__Hbank10                                    bank10       000000
__Hbank11                                    bank11       000000
__Hbank12                                    bank12       000000
__Hbank13                                    bank13       000000
__Hbank14                                    bank14       000000
__Hbank15                                    bank15       000000
__Hbank2                                     bank2        000000
__Hbank3                                     bank3        000000
__Hbank4                                     bank4        000000
__Hbank5                                     bank5        000000
__Hbank6                                     bank6        000000
__Hbank7                                     bank7        000000
__Hbank8                                     bank8        000000
__Hbank9                                     bank9        000000
__Hbigbss                                    bigbss       000000
__Hbigdata                                   bigdata      000000
__Hbigram                                    bigram       000000
__Hbss                                       bss          000000
__HbssCOMRAM                                 bssCOMRAM    000000
__Hcinit                                     cinit        000000
__Hclrtext                                   clrtext      000000
__Hcomram                                    comram       000000
__Hconfig                                    config       30000E
__Hconst                                     const        000000
__HcstackBANK0                               cstackBANK0  000000
__HcstackCOMRAM                              cstackCOMRAM 000000
__Hdata                                      data         000000
__HdataBANK0                                 dataBANK0    000000
__HdataCOMRAM                                dataCOMRAM   000000
__Heeprom_data                               eeprom_data  000000
__Hfarbss                                    farbss       000000
__Hfardata                                   fardata      000000
__Hibigdata                                  ibigdata     000000
__Hidata                                     idata        000000
__HidataBANK0                                idataBANK0   000000
__HidataCOMRAM                               idataCOMRAM  000000
__Hidloc                                     idloc        200008
__Hifardata                                  ifardata     000000
__Hinit                                      init         000012
__Hintcode                                   intcode      00000E
__Hintcode_body                              intcode_body 000000
__Hintcodelo                                 intcodelo    00000E
__Hintentry                                  intentry     000000
__Hintret                                    intret       000000
__Hintsave_regs                              intsave_regs 000000
__Hirdata                                    irdata       000000
__Hmediumconst                               mediumconst  000000
__HnvFARRAM                                  nvFARRAM     000000
__Hnvbit                                     nvbit        000000
__Hnvrram                                    nvrram       000000
__Hparam                                     rparam       000000
__Hpowerup                                   powerup      00000E
__Hram                                       ram          000000
__Hramtop                                    ramtop       001000
__Hrbit                                      rbit         000000
__Hrbss                                      rbss         000000
__Hrdata                                     rdata        000000
__Hreset_vec                                 reset_vec    000004
__Hrparam                                    rparam       000000
__Hsfr                                       sfr          000000
__Hsmallconst                                smallconst   001012
__Hspace_0                                   (abs)        30000E
__Hspace_1                                   (abs)        0000BD
__Hspace_2                                   (abs)        000000
__Hstack                                     stack        000000
__Hstruct                                    struct       000000
__Htemp                                      temp         00006D
__Htext                                      text         000000
__Htext0                                     text0        000000
__Htext1                                     text1        000000
__Htext10                                    text10       000000
__Htext11                                    text11       000000
__Htext12                                    text12       000000
__Htext13                                    text13       000000
__Htext14                                    text14       000000
__Htext15                                    text15       000000
__Htext16                                    text16       000000
__Htext17                                    text17       000000
__Htext18                                    text18       000000
__Htext19                                    text19       000000
__Htext2                                     text2        000000
__Htext20                                    text20       000000
__Htext21                                    text21       000000
__Htext22                                    text22       000000
__Htext23                                    text23       000000
__Htext24                                    text24       000000
__Htext25                                    text25       000000
__Htext27                                    text27       000000
__Htext28                                    text28       000000
__Htext29                                    text29       000000
__Htext3                                     text3        000000
__Htext30                                    text30       000000
__Htext31                                    text31       000000
__Htext32                                    text32       000000
__Htext33                                    text33       000000
__Htext34                                    text34       000000
__Htext35                                    text35       000000
__Htext36                                    text36       000000
__Htext37                                    text37       000000
__Htext38                                    text38       000000
__Htext39                                    text39       000000
__Htext4                                     text4        000000
__Htext40                                    text40       000000
__Htext41                                    text41       000000
__Htext42                                    text42       000000
__Htext43                                    text43       000000
__Htext44                                    text44       000000
__Htext45                                    text45       000000
__Htext46                                    text46       000000
__Htext47                                    text47       000000
__Htext48                                    text48       000000
__Htext5                                     text5        000000
__Htext6                                     text6        000000
__Htext7                                     text7        000000
__Htext8                                     text8        000000
__Htext9                                     text9        000000
__LRAM                                       (abs)        000001
__Labs1                                      abs1         000000
__Lbank0                                     bank0        000000
__Lbank1                                     bank1        000000
__Lbank10                                    bank10       000000
__Lbank11                                    bank11       000000
__Lbank12                                    bank12       000000
__Lbank13                                    bank13       000000
__Lbank14                                    bank14       000000
__Lbank15                                    bank15       000000
__Lbank2                                     bank2        000000
__Lbank3                                     bank3        000000
__Lbank4                                     bank4        000000
__Lbank5                                     bank5        000000
__Lbank6                                     bank6        000000
__Lbank7                                     bank7        000000
__Lbank8                                     bank8        000000
__Lbank9                                     bank9        000000
__Lbigbss                                    bigbss       000000
__Lbigdata                                   bigdata      000000
__Lbigram                                    bigram       000000
__Lbss                                       bss          000000
__LbssCOMRAM                                 bssCOMRAM    000000
__Lcinit                                     cinit        000000
__Lclrtext                                   clrtext      000000
__Lcomram                                    comram       000000
__Lconfig                                    config       300000
__Lconst                                     const        000000
__LcstackBANK0                               cstackBANK0  000000
__LcstackCOMRAM                              cstackCOMRAM 000000
__Ldata                                      data         000000
__LdataBANK0                                 dataBANK0    000000
__LdataCOMRAM                                dataCOMRAM   000000
__Leeprom_data                               eeprom_data  000000
__Lfarbss                                    farbss       000000
__Lfardata                                   fardata      000000
__Libigdata                                  ibigdata     000000
__Lidata                                     idata        000000
__LidataBANK0                                idataBANK0   000000
__LidataCOMRAM                               idataCOMRAM  000000
__Lidloc                                     idloc        200000
__Lifardata                                  ifardata     000000
__Linit                                      init         00000E
__Lintcode                                   intcode      000008
__Lintcode_body                              intcode_body 000000
__Lintcodelo                                 intcodelo    00000E
__Lintentry                                  intentry     000000
__Lintret                                    intret       000000
__Lintsave_regs                              intsave_regs 000000
__Lirdata                                    irdata       000000
__Lmediumconst                               mediumconst  000000
__LnvFARRAM                                  nvFARRAM     000000
__Lnvbit                                     nvbit        000000
__Lnvrram                                    nvrram       000000
__Lparam                                     rparam       000000
__Lpowerup                                   powerup      00000E
__Lram                                       ram          000000
__Lramtop                                    ramtop       001000
__Lrbit                                      rbit         000000
__Lrbss                                      rbss         000000
__Lrdata                                     rdata        000000
__Lreset_vec                                 reset_vec    000000
__Lrparam                                    rparam       000000
__Lsfr                                       sfr          000000
__Lsmallconst                                smallconst   001000
__Lspace_0                                   (abs)        000000
__Lspace_1                                   (abs)        000000
__Lspace_2                                   (abs)        000000
__Lstack                                     stack        000000
__Lstruct                                    struct       000000
__Ltemp                                      temp         00006C
__Ltext                                      text         000000
__Ltext0                                     text0        000000
__Ltext1                                     text1        000000
__Ltext10                                    text10       000000
__Ltext11                                    text11       000000
__Ltext12                                    text12       000000
__Ltext13                                    text13       000000
__Ltext14                                    text14       000000
__Ltext15                                    text15       000000
__Ltext16                                    text16       000000
__Ltext17                                    text17       000000
__Ltext18                                    text18       000000
__Ltext19                                    text19       000000
__Ltext2                                     text2        000000
__Ltext20                                    text20       000000
__Ltext21                                    text21       000000
__Ltext22                                    text22       000000
__Ltext23                                    text23       000000
__Ltext24                                    text24       000000
__Ltext25                                    text25       000000
__Ltext27                                    text27       000000
__Ltext28                                    text28       000000
__Ltext29                                    text29       000000
__Ltext3                                     text3        000000
__Ltext30                                    text30       000000
__Ltext31                                    text31       000000
__Ltext32                                    text32       000000
__Ltext33                                    text33       000000
__Ltext34                                    text34       000000
__Ltext35                                    text35       000000
__Ltext36                                    text36       000000
__Ltext37                                    text37       000000
__Ltext38                                    text38       000000
__Ltext39                                    text39       000000
__Ltext4                                     text4        000000
__Ltext40                                    text40       000000
__Ltext41                                    text41       000000
__Ltext42                                    text42       000000
__Ltext43                                    text43       000000
__Ltext44                                    text44       000000
__Ltext45                                    text45       000000
__Ltext46                                    text46       000000
__Ltext47                                    text47       000000
__Ltext48                                    text48       000000
__Ltext5                                     text5        000000
__Ltext6                                     text6        000000
__Ltext7                                     text7        000000
__Ltext8                                     text8        000000
__Ltext9                                     text9        000000
__S0                                         (abs)        30000E
__S1                                         (abs)        0000BD
__S2                                         (abs)        000000
___inthi_sp                                  stack        000000
___intlo_sp                                  stack        000000
___param_bank                                (abs)        000000
___rparam_used                               (abs)        000001
___sp                                        stack        000000
__accesstop                                  (abs)        000080
__activetblptr                               (abs)        000003
__end_of_INT0_APP_ISR                        text45       001FB0
__end_of_INT0_ISR                            text43       002054
__end_of_INT0_SetInterruptHandler            text19       001F20
__end_of_INT1_APP_ISR                        text44       001F8C
__end_of_INT1_ISR                            text42       002034
__end_of_INT1_SetInterruptHandler            text18       001EF6
__end_of_INT2_APP_ISR                        text46       001FD4
__end_of_INT2_ISR                            text41       002014
__end_of_INT2_SetInterruptHandler            text17       001ECC
__end_of_InterruptManager                    intcode_body 0011B6
__end_of_Interrupt_INTx_Clear_Flag           text25       001BA2
__end_of_Interrupt_INTx_Disable              text24       001B4C
__end_of_Interrupt_INTx_Edge_Init            text23       0014C0
__end_of_Interrupt_INTx_Enable               text22       0019EC
__end_of_Interrupt_INTx_Init                 text15       00176A
__end_of_Interrupt_INTx_Pin_Init             text20       001E76
__end_of_Interrupt_INTx_SetInterruptHandler  text16       001668
__end_of_Interrupt_RBx_Enable                text14       001F44
__end_of_Interrupt_RBx_Init                  text6        001AF6
__end_of_Interrupt_RBx_Pin_Init              text13       001E3E
__end_of_Interrupt_RBx_Priority_Init         text12       001FF4
__end_of_RB4_APP_ISR_HIGH                    text37       001F68
__end_of_RB4_APP_ISR_LOW                     text33       00207E
__end_of_RB4_ISR                             text30       001CD2
__end_of_RB4_SetInterruptHandler             text11       001DCA
__end_of_RB5_APP_ISR_HIGH                    text36       0020A8
__end_of_RB5_APP_ISR_LOW                     text32       002070
__end_of_RB5_ISR                             text29       001C86
__end_of_RB5_SetInterruptHandler             text10       001D8C
__end_of_RB6_APP_ISR_HIGH                    text35       00209A
__end_of_RB6_APP_ISR_LOW                     text31       002062
__end_of_RB6_ISR                             text28       001C3A
__end_of_RB6_SetInterruptHandler             text9        001D4E
__end_of_RB7_APP_ISR_HIGH                    text38       0020B6
__end_of_RB7_APP_ISR_LOW                     text34       00208C
__end_of_RB7_ISR                             text27       001BEE
__end_of_RB7_SetInterruptHandler             text8        001D10
__end_of_RBx_SetInterruptHandler             text7        0013E8
__end_of__initialization                     cinit        001A96
__end_of_btn_values                          smallconst   001011
__end_of_ecu_layer_initialize                text4        0018BA
__end_of_functionInitialize                  text3        0017E0
__end_of_gpio_pin_direction_intialize        text21       0012D0
__end_of_led_initizlize                      text5        0015E0
__end_of_led_toggle                          text47       00198A
__end_of_led_turn_off                        text2        001550
__end_of_led_turn_on                         text1        0016EE
__end_of_main                                text0        001A4A
__end_ofi2_led_turn_off                      text39       00184E
__end_ofi2_led_turn_on                       text40       001922
__initialization                             cinit        001A4A
__mediumconst                                mediumconst  000000
__pbssCOMRAM                                 bssCOMRAM    000056
__pcinit                                     cinit        001A4A
__pcstackBANK0                               cstackBANK0  0000AC
__pcstackCOMRAM                              cstackCOMRAM 00003D
__pdataBANK0                                 dataBANK0    000080
__pdataCOMRAM                                dataCOMRAM   000001
__pidataBANK0                                idataBANK0   001E76
__pidataCOMRAM                               idataCOMRAM  001DCA
__pintcode                                   intcode      000008
__pintcode_body                              intcode_body 001012
__psmallconst                                smallconst   001000
__ptext0                                     text0        0019EC
__ptext1                                     text1        001668
__ptext10                                    text10       001D4E
__ptext11                                    text11       001D8C
__ptext12                                    text12       001FD4
__ptext13                                    text13       001E06
__ptext14                                    text14       001F20
__ptext15                                    text15       0016EE
__ptext16                                    text16       0015E0
__ptext17                                    text17       001EA2
__ptext18                                    text18       001ECC
__ptext19                                    text19       001EF6
__ptext2                                     text2        0014C0
__ptext20                                    text20       001E3E
__ptext21                                    text21       0011B6
__ptext22                                    text22       00198A
__ptext23                                    text23       0013E8
__ptext24                                    text24       001AF6
__ptext25                                    text25       001B4C
__ptext27                                    text27       001BA2
__ptext28                                    text28       001BEE
__ptext29                                    text29       001C3A
__ptext3                                     text3        00176A
__ptext30                                    text30       001C86
__ptext31                                    text31       002054
__ptext32                                    text32       002062
__ptext33                                    text33       002070
__ptext34                                    text34       00207E
__ptext35                                    text35       00208C
__ptext36                                    text36       00209A
__ptext37                                    text37       001F44
__ptext38                                    text38       0020A8
__ptext39                                    text39       0017E0
__ptext4                                     text4        00184E
__ptext40                                    text40       0018BA
__ptext41                                    text41       001FF4
__ptext42                                    text42       002014
__ptext43                                    text43       002034
__ptext44                                    text44       001F68
__ptext45                                    text45       001F8C
__ptext46                                    text46       001FB0
__ptext47                                    text47       001922
__ptext48                                    text48       000000
__ptext5                                     text5        001550
__ptext6                                     text6        001AA0
__ptext7                                     text7        0012D0
__ptext8                                     text8        001CD2
__ptext9                                     text9        001D10
__ramtop                                     ramtop       001000
__size_of_INT0_APP_ISR                       (abs)        000000
__size_of_INT0_ISR                           (abs)        000000
__size_of_INT0_SetInterruptHandler           (abs)        000000
__size_of_INT1_APP_ISR                       (abs)        000000
__size_of_INT1_ISR                           (abs)        000000
__size_of_INT1_SetInterruptHandler           (abs)        000000
__size_of_INT2_APP_ISR                       (abs)        000000
__size_of_INT2_ISR                           (abs)        000000
__size_of_INT2_SetInterruptHandler           (abs)        000000
__size_of_InterruptManager                   (abs)        000000
__size_of_Interrupt_INTx_Clear_Flag          (abs)        000000
__size_of_Interrupt_INTx_Disable             (abs)        000000
__size_of_Interrupt_INTx_Edge_Init           (abs)        000000
__size_of_Interrupt_INTx_Enable              (abs)        000000
__size_of_Interrupt_INTx_Init                (abs)        000000
__size_of_Interrupt_INTx_Pin_Init            (abs)        000000
__size_of_Interrupt_INTx_SetInterruptHandler (abs)        000000
__size_of_Interrupt_RBx_Enable               (abs)        000000
__size_of_Interrupt_RBx_Init                 (abs)        000000
__size_of_Interrupt_RBx_Pin_Init             (abs)        000000
__size_of_Interrupt_RBx_Priority_Init        (abs)        000000
__size_of_RB4_APP_ISR_HIGH                   (abs)        000000
__size_of_RB4_APP_ISR_LOW                    (abs)        000000
__size_of_RB4_ISR                            (abs)        000000
__size_of_RB4_SetInterruptHandler            (abs)        000000
__size_of_RB5_APP_ISR_HIGH                   (abs)        000000
__size_of_RB5_APP_ISR_LOW                    (abs)        000000
__size_of_RB5_ISR                            (abs)        000000
__size_of_RB5_SetInterruptHandler            (abs)        000000
__size_of_RB6_APP_ISR_HIGH                   (abs)        000000
__size_of_RB6_APP_ISR_LOW                    (abs)        000000
__size_of_RB6_ISR                            (abs)        000000
__size_of_RB6_SetInterruptHandler            (abs)        000000
__size_of_RB7_APP_ISR_HIGH                   (abs)        000000
__size_of_RB7_APP_ISR_LOW                    (abs)        000000
__size_of_RB7_ISR                            (abs)        000000
__size_of_RB7_SetInterruptHandler            (abs)        000000
__size_of_RBx_SetInterruptHandler            (abs)        000000
__size_of_ecu_layer_initialize               (abs)        000000
__size_of_functionInitialize                 (abs)        000000
__size_of_gpio_pin_direction_intialize       (abs)        000000
__size_of_led_initizlize                     (abs)        000000
__size_of_led_toggle                         (abs)        000000
__size_of_led_turn_off                       (abs)        000000
__size_of_led_turn_on                        (abs)        000000
__size_of_main                               (abs)        000000
__size_ofi2_led_turn_off                     (abs)        000000
__size_ofi2_led_turn_on                      (abs)        000000
__smallconst                                 smallconst   001000
_ecu_layer_initialize                        text4        00184E
_functionInitialize                          text3        00176A
_gpio_pin_direction_intialize                text21       0011B6
_keypad1                                     dataBANK0    000080
_lat_register                                dataCOMRAM   000001
_led1                                        dataCOMRAM   00003C
_led2                                        dataCOMRAM   00003B
_led3                                        dataCOMRAM   00003A
_led4                                        dataCOMRAM   000039
_led5                                        dataCOMRAM   000038
_led_initizlize                              text5        001550
_led_toggle                                  text47       001922
_led_turn_off                                text2        0014C0
_led_turn_on                                 text1        001668
_main                                        text0        0019EC
_port_register                               dataCOMRAM   00000B
_tris_register                               dataCOMRAM   000015
btemp                                        temp         00006C
ecu_layer_initialize@ret                     cstackBANK0  0000B5
end_of_initialization                        cinit        001A96
gpio_pin_direction_intialize@LocalReturn     cstackBANK0  0000B4
gpio_pin_direction_intialize@_pin_config     cstackBANK0  0000AC
i2_led_turn_off                              text39       0017E0
i2_led_turn_on                               text40       0018BA
i2led_turn_off@Local_Status                  cstackCOMRAM 000045
i2led_turn_off@led                           cstackCOMRAM 00003D
i2led_turn_on@LocalReturn                    cstackCOMRAM 000044
i2led_turn_on@led                            cstackCOMRAM 00003D
int$flags                                    temp         00006C
int_func                                     intcode_body 001012
intlevel0                                    text         000000
intlevel1                                    text         000000
intlevel2                                    text         000000
intlevel3                                    text         000000
led_initizlize@Local_Status                  cstackBANK0  0000B4
led_initizlize@led                           cstackBANK0  0000AC
led_toggle@Local_Status                      cstackCOMRAM 000044
led_toggle@led                               cstackCOMRAM 00003D
led_turn_off@Local_Status                    cstackBANK0  0000B4
led_turn_off@led                             cstackBANK0  0000AC
led_turn_on@LocalReturn                      cstackBANK0  0000B3
led_turn_on@led                              cstackBANK0  0000AC
stackhi                                      (abs)        000F7F
stacklo                                      (abs)        0000BD
start                                        init         00000E
start_initialization                         cinit        001A4A


FUNCTION INFORMATION:

 *************** function _main *****************
 Defined at:
		line 124 in file "application.c"
 Parameters:    Size  Location     Type
		None
 Auto vars:     Size  Location     Type
		None
 Return value:  Size  Location     Type
                  2  1092[None  ] int 
 Registers used:
		wreg, fsr2l, fsr2h, status,2, status,0, prodl, prodh, cstack
 Tracked objects:
		On entry : 
		On exit  : 
		Unchanged: 
 Data sizes:     COMRAM   BANK0   BANK1   BANK2   BANK3   BANK4   BANK5   BANK6   BANK7   BANK8   BANK9  BANK10  BANK11  BANK12  BANK13  BANK14  BANK15
      Params:         0       0       0       0       0       0       0       0       0       0       0       0       0       0       0       0       0
      Locals:         0       0       0       0       0       0       0       0       0       0       0       0       0       0       0       0       0
      Temps:          0       2       0       0       0       0       0       0       0       0       0       0       0       0       0       0       0
      Totals:         0       2       0       0       0       0       0       0       0       0       0       0       0       0       0       0       0
Total ram usage:        2 bytes
 Hardware stack levels required when called:    8
 This function calls:
		_functionInitialize
		_led_turn_off
		_led_turn_on
 This function is called by:
		Startup code after reset
 This function uses a non-reentrant model


 *************** function _led_turn_on *****************
 Defined at:
		line 32 in file "ECU_Layer/LED_Driver/ecu_led_prog.c"
 Parameters:    Size  Location     Type
  led             2    0[BANK0 ] PTR const struct .
		 -> led5(1), led4(1), led1(1), 
 Auto vars:     Size  Location     Type
  LocalReturn     1    7[BANK0 ] unsigned char 
 Return value:  Size  Location     Type
                  1    wreg      unsigned char 
 Registers used:
		wreg, fsr2l, fsr2h, status,2, status,0, prodl, prodh
 Tracked objects:
		On entry : 
		On exit  : 
		Unchanged: 
 Data sizes:     COMRAM   BANK0   BANK1   BANK2   BANK3   BANK4   BANK5   BANK6   BANK7   BANK8   BANK9  BANK10  BANK11  BANK12  BANK13  BANK14  BANK15
      Params:         0       2       0       0       0       0       0       0       0       0       0       0       0       0       0       0       0
      Locals:         0       1       0       0       0       0       0       0       0       0       0       0       0       0       0       0       0
      Temps:          0       5       0       0       0       0       0       0       0       0       0       0       0       0       0       0       0
      Totals:         0       8       0       0       0       0       0       0       0       0       0       0       0       0       0       0       0
Total ram usage:        8 bytes
 Hardware stack levels used:    1
 Hardware stack levels required when called:    4
 This function calls:
		Nothing
 This function is called by:
		_main
 This function uses a non-reentrant model


 *************** function _led_turn_off *****************
 Defined at:
		line 49 in file "ECU_Layer/LED_Driver/ecu_led_prog.c"
 Parameters:    Size  Location     Type
  led             2    0[BANK0 ] PTR const struct .
		 -> led5(1), led4(1), led1(1), 
 Auto vars:     Size  Location     Type
  Local_Status    1    8[BANK0 ] unsigned char 
 Return value:  Size  Location     Type
                  1    wreg      unsigned char 
 Registers used:
		wreg, fsr2l, fsr2h, status,2, status,0, prodl, prodh
 Tracked objects:
		On entry : 
		On exit  : 
		Unchanged: 
 Data sizes:     COMRAM   BANK0   BANK1   BANK2   BANK3   BANK4   BANK5   BANK6   BANK7   BANK8   BANK9  BANK10  BANK11  BANK12  BANK13  BANK14  BANK15
      Params:         0       2       0       0       0       0       0       0       0       0       0       0       0       0       0       0       0
      Locals:         0       1       0       0       0       0       0       0       0       0       0       0       0       0       0       0       0
      Temps:          0       6       0       0       0       0       0       0       0       0       0       0       0       0       0       0       0
      Totals:         0       9       0       0       0       0       0       0       0       0       0       0       0       0       0       0       0
Total ram usage:        9 bytes
 Hardware stack levels used:    1
 Hardware stack levels required when called:    4
 This function calls:
		Nothing
 This function is called by:
		_main
 This function uses a non-reentrant model


 *************** function _functionInitialize *****************
 Defined at:
		line 134 in file "application.c"
 Parameters:    Size  Location     Type
		None
 Auto vars:     Size  Location     Type
		None
 Return value:  Size  Location     Type
                  1    wreg      void 
 Registers used:
		wreg, fsr2l, fsr2h, status,2, status,0, prodl, prodh, cstack
 Tracked objects:
		On entry : 
		On exit  : 
		Unchanged: 
 Data sizes:     COMRAM   BANK0   BANK1   BANK2   BANK3   BANK4   BANK5   BANK6   BANK7   BANK8   BANK9  BANK10  BANK11  BANK12  BANK13  BANK14  BANK15
      Params:         0       0       0       0       0       0       0       0       0       0       0       0       0       0       0       0       0
      Locals:         0       0       0       0       0       0       0       0       0       0       0       0       0       0       0       0       0
      Temps:          0       0       0       0       0       0       0       0       0       0       0       0       0       0       0       0       0
      Totals:         0       0       0       0       0       0       0       0       0       0       0       0       0       0       0       0       0
Total ram usage:        0 bytes
 Hardware stack levels used:    1
 Hardware stack levels required when called:    7
 This function calls:
		_Interrupt_INTx_Init
		_Interrupt_RBx_Init
		_ecu_layer_initialize
 This function is called by:
		_main
 This function uses a non-reentrant model


 *************** function _ecu_layer_initialize *****************
 Defined at:
		line 78 in file "ECU_Layer/ecu_layer_prog.c"
 Parameters:    Size  Location     Type
		None
 Auto vars:     Size  Location     Type
  ret             1    9[BANK0 ] unsigned char 
 Return value:  Size  Location     Type
                  1    wreg      unsigned char 
 Registers used:
		wreg, fsr2l, fsr2h, status,2, status,0, prodl, prodh, cstack
 Tracked objects:
		On entry : 
		On exit  : 
		Unchanged: 
 Data sizes:     COMRAM   BANK0   BANK1   BANK2   BANK3   BANK4   BANK5   BANK6   BANK7   BANK8   BANK9  BANK10  BANK11  BANK12  BANK13  BANK14  BANK15
      Params:         0       0       0       0       0       0       0       0       0       0       0       0       0       0       0       0       0
      Locals:         0       1       0       0       0       0       0       0       0       0       0       0       0       0       0       0       0
      Temps:          0       0       0       0       0       0       0       0       0       0       0       0       0       0       0       0       0
      Totals:         0       1       0       0       0       0       0       0       0       0       0       0       0       0       0       0       0
Total ram usage:        1 bytes
 Hardware stack levels used:    1
 Hardware stack levels required when called:    5
 This function calls:
		_led_initizlize
 This function is called by:
		_functionInitialize
 This function uses a non-reentrant model


 *************** function _led_initizlize *****************
 Defined at:
		line 15 in file "ECU_Layer/LED_Driver/ecu_led_prog.c"
 Parameters:    Size  Location     Type
  led             2    0[BANK0 ] PTR const struct .
		 -> led5(1), led4(1), led3(1), led2(1), 
		 -> led1(1), 
 Auto vars:     Size  Location     Type
  Local_Status    1    8[BANK0 ] unsigned char 
 Return value:  Size  Location     Type
                  1    wreg      unsigned char 
 Registers used:
		wreg, fsr2l, fsr2h, status,2, status,0, prodl, prodh
 Tracked objects:
		On entry : 
		On exit  : 
		Unchanged: 
 Data sizes:     COMRAM   BANK0   BANK1   BANK2   BANK3   BANK4   BANK5   BANK6   BANK7   BANK8   BANK9  BANK10  BANK11  BANK12  BANK13  BANK14  BANK15
      Params:         0       2       0       0       0       0       0       0       0       0       0       0       0       0       0       0       0
      Locals:         0       1       0       0       0       0       0       0       0       0       0       0       0       0       0       0       0
      Temps:          0       6       0       0       0       0       0       0       0       0       0       0       0       0       0       0       0
      Totals:         0       9       0       0       0       0       0       0       0       0       0       0       0       0       0       0       0
Total ram usage:        9 bytes
 Hardware stack levels used:    1
 Hardware stack levels required when called:    4
 This function calls:
		Nothing
 This function is called by:
		_ecu_layer_initialize
 This function uses a non-reentrant model


 *************** function _Interrupt_RBx_Init *****************
 Defined at:
		line 480 in file "MCAL_Layer/Interrupt_Driver/mcal_external_interrupt.c"
 Parameters:    Size  Location     Type
  int_obj         2   12[BANK0 ] PTR const struct .
		 -> RB7_obj(7), RB6_obj(7), RB5_obj(7), RB4_obj(7), 
 Auto vars:     Size  Location     Type
  ret             1   14[BANK0 ] unsigned char 
 Return value:  Size  Location     Type
                  1    wreg      unsigned char 
 Registers used:
		wreg, fsr2l, fsr2h, status,2, status,0, prodl, prodh, cstack
 Tracked objects:
		On entry : 
		On exit  : 
		Unchanged: 
 Data sizes:     COMRAM   BANK0   BANK1   BANK2   BANK3   BANK4   BANK5   BANK6   BANK7   BANK8   BANK9  BANK10  BANK11  BANK12  BANK13  BANK14  BANK15
      Params:         0       2       0       0       0       0       0       0       0       0       0       0       0       0       0       0       0
      Locals:         0       1       0       0       0       0       0       0       0       0       0       0       0       0       0       0       0
      Temps:          0       0       0       0       0       0       0       0       0       0       0       0       0       0       0       0       0
      Totals:         0       3       0       0       0       0       0       0       0       0       0       0       0       0       0       0       0
Total ram usage:        3 bytes
 Hardware stack levels used:    1
 Hardware stack levels required when called:    6
 This function calls:
		_Interrupt_RBx_Enable
		_Interrupt_RBx_Pin_Init
		_Interrupt_RBx_Priority_Init
		_RBx_SetInterruptHandler
 This function is called by:
		_functionInitialize
 This function uses a non-reentrant model


 *************** function _RBx_SetInterruptHandler *****************
 Defined at:
		line 561 in file "MCAL_Layer/Interrupt_Driver/mcal_external_interrupt.c"
 Parameters:    Size  Location     Type
  int_obj         2    5[BANK0 ] PTR const struct .
		 -> RB7_obj(7), RB6_obj(7), RB5_obj(7), RB4_obj(7), 
 Auto vars:     Size  Location     Type
  ret             1    7[BANK0 ] unsigned char 
 Return value:  Size  Location     Type
                  1    wreg      unsigned char 
 Registers used:
		wreg, fsr2l, fsr2h, status,2, status,0, cstack
 Tracked objects:
		On entry : 
		On exit  : 
		Unchanged: 
 Data sizes:     COMRAM   BANK0   BANK1   BANK2   BANK3   BANK4   BANK5   BANK6   BANK7   BANK8   BANK9  BANK10  BANK11  BANK12  BANK13  BANK14  BANK15
      Params:         0       2       0       0       0       0       0       0       0       0       0       0       0       0       0       0       0
      Locals:         0       1       0       0       0       0       0       0       0       0       0       0       0       0       0       0       0
      Temps:          0       0       0       0       0       0       0       0       0       0       0       0       0       0       0       0       0
      Totals:         0       3       0       0       0       0       0       0       0       0       0       0       0       0       0       0       0
Total ram usage:        3 bytes
 Hardware stack levels used:    1
 Hardware stack levels required when called:    5
 This function calls:
		_RB4_SetInterruptHandler
		_RB5_SetInterruptHandler
		_RB6_SetInterruptHandler
		_RB7_SetInterruptHandler
 This function is called by:
		_Interrupt_RBx_Init
 This function uses a non-reentrant model


 *************** function _RB7_SetInterruptHandler *****************
 Defined at:
		line 627 in file "MCAL_Layer/Interrupt_Driver/mcal_external_interrupt.c"
 Parameters:    Size  Location     Type
  InterruptHan    2    0[BANK0 ] PTR FTN()void 
		 -> RB7_APP_ISR_HIGH(1), RB6_APP_ISR_HIGH(1), RB5_APP_ISR_HIGH(1), RB4_APP_ISR_HIGH(1), 
  InterruptHan    2    2[BANK0 ] PTR FTN()void 
		 -> RB7_APP_ISR_LOW(1), RB6_APP_ISR_LOW(1), RB5_APP_ISR_LOW(1), RB4_APP_ISR_LOW(1), 
 Auto vars:     Size  Location     Type
  ret             1    4[BANK0 ] unsigned char 
 Return value:  Size  Location     Type
                  1    wreg      unsigned char 
 Registers used:
		wreg, status,2, status,0
 Tracked objects:
		On entry : 
		On exit  : 
		Unchanged: 
 Data sizes:     COMRAM   BANK0   BANK1   BANK2   BANK3   BANK4   BANK5   BANK6   BANK7   BANK8   BANK9  BANK10  BANK11  BANK12  BANK13  BANK14  BANK15
      Params:         0       4       0       0       0       0       0       0       0       0       0       0       0       0       0       0       0
      Locals:         0       1       0       0       0       0       0       0       0       0       0       0       0       0       0       0       0
      Temps:          0       0       0       0       0       0       0       0       0       0       0       0       0       0       0       0       0
      Totals:         0       5       0       0       0       0       0       0       0       0       0       0       0       0       0       0       0
Total ram usage:        5 bytes
 Hardware stack levels used:    1
 Hardware stack levels required when called:    4
 This function calls:
		Nothing
 This function is called by:
		_RBx_SetInterruptHandler
 This function uses a non-reentrant model


 *************** function _RB6_SetInterruptHandler *****************
 Defined at:
		line 615 in file "MCAL_Layer/Interrupt_Driver/mcal_external_interrupt.c"
 Parameters:    Size  Location     Type
  InterruptHan    2    0[BANK0 ] PTR FTN()void 
		 -> RB7_APP_ISR_HIGH(1), RB6_APP_ISR_HIGH(1), RB5_APP_ISR_HIGH(1), RB4_APP_ISR_HIGH(1), 
  InterruptHan    2    2[BANK0 ] PTR FTN()void 
		 -> RB7_APP_ISR_LOW(1), RB6_APP_ISR_LOW(1), RB5_APP_ISR_LOW(1), RB4_APP_ISR_LOW(1), 
 Auto vars:     Size  Location     Type
  ret             1    4[BANK0 ] unsigned char 
 Return value:  Size  Location     Type
                  1    wreg      unsigned char 
 Registers used:
		wreg, status,2, status,0
 Tracked objects:
		On entry : 
		On exit  : 
		Unchanged: 
 Data sizes:     COMRAM   BANK0   BANK1   BANK2   BANK3   BANK4   BANK5   BANK6   BANK7   BANK8   BANK9  BANK10  BANK11  BANK12  BANK13  BANK14  BANK15
      Params:         0       4       0       0       0       0       0       0       0       0       0       0       0       0       0       0       0
      Locals:         0       1       0       0       0       0       0       0       0       0       0       0       0       0       0       0       0
      Temps:          0       0       0       0       0       0       0       0       0       0       0       0       0       0       0       0       0
      Totals:         0       5       0       0       0       0       0       0       0       0       0       0       0       0       0       0       0
Total ram usage:        5 bytes
 Hardware stack levels used:    1
 Hardware stack levels required when called:    4
 This function calls:
		Nothing
 This function is called by:
		_RBx_SetInterruptHandler
 This function uses a non-reentrant model


 *************** function _RB5_SetInterruptHandler *****************
 Defined at:
		line 603 in file "MCAL_Layer/Interrupt_Driver/mcal_external_interrupt.c"
 Parameters:    Size  Location     Type
  InterruptHan    2    0[BANK0 ] PTR FTN()void 
		 -> RB7_APP_ISR_HIGH(1), RB6_APP_ISR_HIGH(1), RB5_APP_ISR_HIGH(1), RB4_APP_ISR_HIGH(1), 
  InterruptHan    2    2[BANK0 ] PTR FTN()void 
		 -> RB7_APP_ISR_LOW(1), RB6_APP_ISR_LOW(1), RB5_APP_ISR_LOW(1), RB4_APP_ISR_LOW(1), 
 Auto vars:     Size  Location     Type
  ret             1    4[BANK0 ] unsigned char 
 Return value:  Size  Location     Type
                  1    wreg      unsigned char 
 Registers used:
		wreg, status,2, status,0
 Tracked objects:
		On entry : 
		On exit  : 
		Unchanged: 
 Data sizes:     COMRAM   BANK0   BANK1   BANK2   BANK3   BANK4   BANK5   BANK6   BANK7   BANK8   BANK9  BANK10  BANK11  BANK12  BANK13  BANK14  BANK15
      Params:         0       4       0       0       0       0       0       0       0       0       0       0       0       0       0       0       0
      Locals:         0       1       0       0       0       0       0       0       0       0       0       0       0       0       0       0       0
      Temps:          0       0       0       0       0       0       0       0       0       0       0       0       0       0       0       0       0
      Totals:         0       5       0       0       0       0       0       0       0       0       0       0       0       0       0       0       0
Total ram usage:        5 bytes
 Hardware stack levels used:    1
 Hardware stack levels required when called:    4
 This function calls:
		Nothing
 This function is called by:
		_RBx_SetInterruptHandler
 This function uses a non-reentrant model


 *************** function _RB4_SetInterruptHandler *****************
 Defined at:
		line 591 in file "MCAL_Layer/Interrupt_Driver/mcal_external_interrupt.c"
 Parameters:    Size  Location     Type
  InterruptHan    2    0[BANK0 ] PTR FTN()void 
		 -> RB7_APP_ISR_HIGH(1), RB6_APP_ISR_HIGH(1), RB5_APP_ISR_HIGH(1), RB4_APP_ISR_HIGH(1), 
  InterruptHan    2    2[BANK0 ] PTR FTN()void 
		 -> RB7_APP_ISR_LOW(1), RB6_APP_ISR_LOW(1), RB5_APP_ISR_LOW(1), RB4_APP_ISR_LOW(1), 
 Auto vars:     Size  Location     Type
  ret             1    4[BANK0 ] unsigned char 
 Return value:  Size  Location     Type
                  1    wreg      unsigned char 
 Registers used:
		wreg, status,2, status,0
 Tracked objects:
		On entry : 
		On exit  : 
		Unchanged: 
 Data sizes:     COMRAM   BANK0   BANK1   BANK2   BANK3   BANK4   BANK5   BANK6   BANK7   BANK8   BANK9  BANK10  BANK11  BANK12  BANK13  BANK14  BANK15
      Params:         0       4       0       0       0       0       0       0       0       0       0       0       0       0       0       0       0
      Locals:         0       1       0       0       0       0       0       0       0       0       0       0       0       0       0       0       0
      Temps:          0       0       0       0       0       0       0       0       0       0       0       0       0       0       0       0       0
      Totals:         0       5       0       0       0       0       0       0       0       0       0       0       0       0       0       0       0
Total ram usage:        5 bytes
 Hardware stack levels used:    1
 Hardware stack levels required when called:    4
 This function calls:
		Nothing
 This function is called by:
		_RBx_SetInterruptHandler
 This function uses a non-reentrant model


 *************** function _Interrupt_RBx_Priority_Init *****************
 Defined at:
		line 537 in file "MCAL_Layer/Interrupt_Driver/mcal_external_interrupt.c"
 Parameters:    Size  Location     Type
  int_obj         2    0[BANK0 ] PTR const struct .
		 -> RB7_obj(7), RB6_obj(7), RB5_obj(7), RB4_obj(7), 
 Auto vars:     Size  Location     Type
  ret             1    2[BANK0 ] unsigned char 
 Return value:  Size  Location     Type
                  1    wreg      unsigned char 
 Registers used:
		wreg, status,2, status,0
 Tracked objects:
		On entry : 
		On exit  : 
		Unchanged: 
 Data sizes:     COMRAM   BANK0   BANK1   BANK2   BANK3   BANK4   BANK5   BANK6   BANK7   BANK8   BANK9  BANK10  BANK11  BANK12  BANK13  BANK14  BANK15
      Params:         0       2       0       0       0       0       0       0       0       0       0       0       0       0       0       0       0
      Locals:         0       1       0       0       0       0       0       0       0       0       0       0       0       0       0       0       0
      Temps:          0       0       0       0       0       0       0       0       0       0       0       0       0       0       0       0       0
      Totals:         0       3       0       0       0       0       0       0       0       0       0       0       0       0       0       0       0
Total ram usage:        3 bytes
 Hardware stack levels used:    1
 Hardware stack levels required when called:    4
 This function calls:
		Nothing
 This function is called by:
		_Interrupt_RBx_Init
 This function uses a non-reentrant model


 *************** function _Interrupt_RBx_Pin_Init *****************
 Defined at:
		line 470 in file "MCAL_Layer/Interrupt_Driver/mcal_external_interrupt.c"
 Parameters:    Size  Location     Type
  int_obj         2    9[BANK0 ] PTR const struct .
		 -> RB7_obj(7), RB6_obj(7), RB5_obj(7), RB4_obj(7), 
 Auto vars:     Size  Location     Type
  Local_State     1   11[BANK0 ] unsigned char 
 Return value:  Size  Location     Type
                  1    wreg      unsigned char 
 Registers used:
		wreg, fsr2l, fsr2h, status,2, status,0, prodl, prodh, cstack
 Tracked objects:
		On entry : 
		On exit  : 
		Unchanged: 
 Data sizes:     COMRAM   BANK0   BANK1   BANK2   BANK3   BANK4   BANK5   BANK6   BANK7   BANK8   BANK9  BANK10  BANK11  BANK12  BANK13  BANK14  BANK15
      Params:         0       2       0       0       0       0       0       0       0       0       0       0       0       0       0       0       0
      Locals:         0       1       0       0       0       0       0       0       0       0       0       0       0       0       0       0       0
      Temps:          0       0       0       0       0       0       0       0       0       0       0       0       0       0       0       0       0
      Totals:         0       3       0       0       0       0       0       0       0       0       0       0       0       0       0       0       0
Total ram usage:        3 bytes
 Hardware stack levels used:    1
 Hardware stack levels required when called:    5
 This function calls:
		_gpio_pin_direction_intialize
 This function is called by:
		_Interrupt_RBx_Init
 This function uses a non-reentrant model


 *************** function _Interrupt_RBx_Enable *****************
 Defined at:
		line 515 in file "MCAL_Layer/Interrupt_Driver/mcal_external_interrupt.c"
 Parameters:    Size  Location     Type
  int_obj         2    0[BANK0 ] PTR const struct .
		 -> RB7_obj(7), RB6_obj(7), RB5_obj(7), RB4_obj(7), 
 Auto vars:     Size  Location     Type
  ret             1    2[BANK0 ] unsigned char 
 Return value:  Size  Location     Type
[...]
 Hardware stack levels required when called:    1
 This function calls:
		i2_led_turn_off
 This function is called by:
		_RB4_ISR
		_RB5_ISR
		_RB6_ISR
		_RB7_ISR
 This function uses a non-reentrant model


 *************** function _RB4_APP_ISR_HIGH *****************
 Defined at:
		line 22 in file "application.c"
 Parameters:    Size  Location     Type
		None
 Auto vars:     Size  Location     Type
		None
 Return value:  Size  Location     Type
                  1    wreg      void 
 Registers used:
		wreg, fsr2l, fsr2h, status,2, status,0, prodl, prodh, cstack
 Tracked objects:
		On entry : 
		On exit  : 
		Unchanged: 
 Data sizes:     COMRAM   BANK0   BANK1   BANK2   BANK3   BANK4   BANK5   BANK6   BANK7   BANK8   BANK9  BANK10  BANK11  BANK12  BANK13  BANK14  BANK15
      Params:         0       0       0       0       0       0       0       0       0       0       0       0       0       0       0       0       0
      Locals:         0       0       0       0       0       0       0       0       0       0       0       0       0       0       0       0       0
      Temps:          2       0       0       0       0       0       0       0       0       0       0       0       0       0       0       0       0
      Totals:         2       0       0       0       0       0       0       0       0       0       0       0       0       0       0       0       0
Total ram usage:        2 bytes
 Hardware stack levels used:    1
 Hardware stack levels required when called:    1
 This function calls:
		i2_led_turn_on
 This function is called by:
		_RB4_ISR
		_RB5_ISR
		_RB6_ISR
		_RB7_ISR
 This function uses a non-reentrant model


 *************** function _RB7_APP_ISR_HIGH *****************
 Defined at:
		line 44 in file "application.c"
 Parameters:    Size  Location     Type
		None
 Auto vars:     Size  Location     Type
		None
 Return value:  Size  Location     Type
                  1    wreg      void 
 Registers used:
		wreg, fsr2l, fsr2h, status,2, status,0, prodl, prodh, cstack
 Tracked objects:
		On entry : 
		On exit  : 
		Unchanged: 
 Data sizes:     COMRAM   BANK0   BANK1   BANK2   BANK3   BANK4   BANK5   BANK6   BANK7   BANK8   BANK9  BANK10  BANK11  BANK12  BANK13  BANK14  BANK15
      Params:         0       0       0       0       0       0       0       0       0       0       0       0       0       0       0       0       0
      Locals:         0       0       0       0       0       0       0       0       0       0       0       0       0       0       0       0       0
      Temps:          0       0       0       0       0       0       0       0       0       0       0       0       0       0       0       0       0
      Totals:         0       0       0       0       0       0       0       0       0       0       0       0       0       0       0       0       0
Total ram usage:        0 bytes
 Hardware stack levels used:    1
 Hardware stack levels required when called:    1
 This function calls:
		i2_led_turn_off
 This function is called by:
		_RB4_ISR
		_RB5_ISR
		_RB6_ISR
		_RB7_ISR
 This function uses a non-reentrant model


 *************** function i2_led_turn_off *****************
 Defined at:
		line 49 in file "ECU_Layer/LED_Driver/ecu_led_prog.c"
 Parameters:    Size  Location     Type
  led             2    0[COMRAM] PTR const struct .
		 -> led5(1), led4(1), led1(1), 
 Auto vars:     Size  Location     Type
  led_turn_off    1    8[COMRAM] unsigned char 
 Return value:  Size  Location     Type
                  1    wreg      unsigned char 
 Registers used:
		wreg, fsr2l, fsr2h, status,2, status,0, prodl, prodh
 Tracked objects:
		On entry : 
		On exit  : 
		Unchanged: 
 Data sizes:     COMRAM   BANK0   BANK1   BANK2   BANK3   BANK4   BANK5   BANK6   BANK7   BANK8   BANK9  BANK10  BANK11  BANK12  BANK13  BANK14  BANK15
      Params:         2       0       0       0       0       0       0       0       0       0       0       0       0       0       0       0       0
      Locals:         1       0       0       0       0       0       0       0       0       0       0       0       0       0       0       0       0
      Temps:          6       0       0       0       0       0       0       0       0       0       0       0       0       0       0       0       0
      Totals:         9       0       0       0       0       0       0       0       0       0       0       0       0       0       0       0       0
Total ram usage:        9 bytes
 Hardware stack levels used:    1
 This function calls:
		Nothing
 This function is called by:
		_RB4_APP_ISR_LOW
		_RB5_APP_ISR_HIGH
		_RB6_APP_ISR_LOW
		_RB7_APP_ISR_HIGH
 This function uses a non-reentrant model


 *************** function i2_led_turn_on *****************
 Defined at:
		line 32 in file "ECU_Layer/LED_Driver/ecu_led_prog.c"
 Parameters:    Size  Location     Type
  led             2    0[COMRAM] PTR const struct .
		 -> led5(1), led4(1), led1(1), 
 Auto vars:     Size  Location     Type
  led_turn_on     1    7[COMRAM] unsigned char 
 Return value:  Size  Location     Type
                  1    wreg      unsigned char 
 Registers used:
		wreg, fsr2l, fsr2h, status,2, status,0, prodl, prodh
 Tracked objects:
		On entry : 
		On exit  : 
		Unchanged: 
 Data sizes:     COMRAM   BANK0   BANK1   BANK2   BANK3   BANK4   BANK5   BANK6   BANK7   BANK8   BANK9  BANK10  BANK11  BANK12  BANK13  BANK14  BANK15
      Params:         2       0       0       0       0       0       0       0       0       0       0       0       0       0       0       0       0
      Locals:         1       0       0       0       0       0       0       0       0       0       0       0       0       0       0       0       0
      Temps:          5       0       0       0       0       0       0       0       0       0       0       0       0       0       0       0       0
      Totals:         8       0       0       0       0       0       0       0       0       0       0       0       0       0       0       0       0
Total ram usage:        8 bytes
 Hardware stack levels used:    1
 This function calls:
		Nothing
 This function is called by:
		_RB4_APP_ISR_HIGH
		_RB5_APP_ISR_LOW
		_RB6_APP_ISR_HIGH
		_RB7_APP_ISR_LOW
 This function uses a non-reentrant model


 *************** function _INT2_ISR *****************
 Defined at:
		line 107 in file "MCAL_Layer/Interrupt_Driver/mcal_external_interrupt.c"
 Parameters:    Size  Location     Type
		None
 Auto vars:     Size  Location     Type
		None
 Return value:  Size  Location     Type
                  1    wreg      void 
 Registers used:
		wreg, fsr2l, fsr2h, status,2, status,0, pclath, tosl, prodl, prodh, cstack
 Tracked objects:
		On entry : 
		On exit  : 
		Unchanged: 
 Data sizes:     COMRAM   BANK0   BANK1   BANK2   BANK3   BANK4   BANK5   BANK6   BANK7   BANK8   BANK9  BANK10  BANK11  BANK12  BANK13  BANK14  BANK15
      Params:         0       0       0       0       0       0       0       0       0       0       0       0       0       0       0       0       0
      Locals:         0       0       0       0       0       0       0       0       0       0       0       0       0       0       0       0       0
      Temps:          0       0       0       0       0       0       0       0       0       0       0       0       0       0       0       0       0
      Totals:         0       0       0       0       0       0       0       0       0       0       0       0       0       0       0       0       0
Total ram usage:        0 bytes
 Hardware stack levels used:    1
 Hardware stack levels required when called:    2
 This function calls:
		Absolute function
		_INT0_APP_ISR
		_INT1_APP_ISR
		_INT2_APP_ISR
 This function is called by:
		_InterruptManager
 This function uses a non-reentrant model


 *************** function _INT1_ISR *****************
 Defined at:
		line 95 in file "MCAL_Layer/Interrupt_Driver/mcal_external_interrupt.c"
 Parameters:    Size  Location     Type
		None
 Auto vars:     Size  Location     Type
		None
 Return value:  Size  Location     Type
                  1    wreg      void 
 Registers used:
		wreg, fsr2l, fsr2h, status,2, status,0, pclath, tosl, prodl, prodh, cstack
 Tracked objects:
		On entry : 
		On exit  : 
		Unchanged: 
 Data sizes:     COMRAM   BANK0   BANK1   BANK2   BANK3   BANK4   BANK5   BANK6   BANK7   BANK8   BANK9  BANK10  BANK11  BANK12  BANK13  BANK14  BANK15
      Params:         0       0       0       0       0       0       0       0       0       0       0       0       0       0       0       0       0
      Locals:         0       0       0       0       0       0       0       0       0       0       0       0       0       0       0       0       0
      Temps:          0       0       0       0       0       0       0       0       0       0       0       0       0       0       0       0       0
      Totals:         0       0       0       0       0       0       0       0       0       0       0       0       0       0       0       0       0
Total ram usage:        0 bytes
 Hardware stack levels used:    1
 Hardware stack levels required when called:    2
 This function calls:
		Absolute function
		_INT0_APP_ISR
		_INT1_APP_ISR
		_INT2_APP_ISR
 This function is called by:
		_InterruptManager
 This function uses a non-reentrant model


 *************** function _INT0_ISR *****************
 Defined at:
		line 80 in file "MCAL_Layer/Interrupt_Driver/mcal_external_interrupt.c"
 Parameters:    Size  Location     Type
		None
 Auto vars:     Size  Location     Type
		None
 Return value:  Size  Location     Type
                  1    wreg      void 
 Registers used:
		wreg, fsr2l, fsr2h, status,2, status,0, pclath, tosl, prodl, prodh, cstack
 Tracked objects:
		On entry : 
		On exit  : 
		Unchanged: 
 Data sizes:     COMRAM   BANK0   BANK1   BANK2   BANK3   BANK4   BANK5   BANK6   BANK7   BANK8   BANK9  BANK10  BANK11  BANK12  BANK13  BANK14  BANK15
      Params:         0       0       0       0       0       0       0       0       0       0       0       0       0       0       0       0       0
      Locals:         0       0       0       0       0       0       0       0       0       0       0       0       0       0       0       0       0
      Temps:          0       0       0       0       0       0       0       0       0       0       0       0       0       0       0       0       0
      Totals:         0       0       0       0       0       0       0       0       0       0       0       0       0       0       0       0       0
Total ram usage:        0 bytes
 Hardware stack levels used:    1
 Hardware stack levels required when called:    2
 This function calls:
		Absolute function
		_INT0_APP_ISR
		_INT1_APP_ISR
		_INT2_APP_ISR
 This function is called by:
		_InterruptManager
 This function uses a non-reentrant model


 *************** function _INT1_APP_ISR *****************
 Defined at:
		line 13 in file "application.c"
 Parameters:    Size  Location     Type
		None
 Auto vars:     Size  Location     Type
		None
 Return value:  Size  Location     Type
                  1    wreg      void 
 Registers used:
		wreg, fsr2l, fsr2h, status,2, status,0, prodl, prodh, cstack
 Tracked objects:
		On entry : 
		On exit  : 
		Unchanged: 
 Data sizes:     COMRAM   BANK0   BANK1   BANK2   BANK3   BANK4   BANK5   BANK6   BANK7   BANK8   BANK9  BANK10  BANK11  BANK12  BANK13  BANK14  BANK15
      Params:         0       0       0       0       0       0       0       0       0       0       0       0       0       0       0       0       0
      Locals:         0       0       0       0       0       0       0       0       0       0       0       0       0       0       0       0       0
      Temps:          2       0       0       0       0       0       0       0       0       0       0       0       0       0       0       0       0
      Totals:         2       0       0       0       0       0       0       0       0       0       0       0       0       0       0       0       0
Total ram usage:        2 bytes
 Hardware stack levels used:    1
 Hardware stack levels required when called:    1
 This function calls:
		_led_toggle
 This function is called by:
		_INT0_ISR
		_INT1_ISR
		_INT2_ISR
 This function uses a non-reentrant model


 *************** function _INT0_APP_ISR *****************
 Defined at:
		line 9 in file "application.c"
 Parameters:    Size  Location     Type
		None
 Auto vars:     Size  Location     Type
		None
 Return value:  Size  Location     Type
                  1    wreg      void 
 Registers used:
		wreg, fsr2l, fsr2h, status,2, status,0, prodl, prodh, cstack
 Tracked objects:
		On entry : 
		On exit  : 
		Unchanged: 
 Data sizes:     COMRAM   BANK0   BANK1   BANK2   BANK3   BANK4   BANK5   BANK6   BANK7   BANK8   BANK9  BANK10  BANK11  BANK12  BANK13  BANK14  BANK15
      Params:         0       0       0       0       0       0       0       0       0       0       0       0       0       0       0       0       0
      Locals:         0       0       0       0       0       0       0       0       0       0       0       0       0       0       0       0       0
      Temps:          2       0       0       0       0       0       0       0       0       0       0       0       0       0       0       0       0
      Totals:         2       0       0       0       0       0       0       0       0       0       0       0       0       0       0       0       0
Total ram usage:        2 bytes
 Hardware stack levels used:    1
 Hardware stack levels required when called:    1
 This function calls:
		_led_toggle
 This function is called by:
		_INT0_ISR
		_INT1_ISR
		_INT2_ISR
 This function uses a non-reentrant model


 *************** function _INT2_APP_ISR *****************
 Defined at:
		line 17 in file "application.c"
 Parameters:    Size  Location     Type
		None
 Auto vars:     Size  Location     Type
		None
 Return value:  Size  Location     Type
                  1    wreg      void 
 Registers used:
		wreg, fsr2l, fsr2h, status,2, status,0, prodl, prodh, cstack
 Tracked objects:
		On entry : 
		On exit  : 
		Unchanged: 
 Data sizes:     COMRAM   BANK0   BANK1   BANK2   BANK3   BANK4   BANK5   BANK6   BANK7   BANK8   BANK9  BANK10  BANK11  BANK12  BANK13  BANK14  BANK15
      Params:         0       0       0       0       0       0       0       0       0       0       0       0       0       0       0       0       0
      Locals:         0       0       0       0       0       0       0       0       0       0       0       0       0       0       0       0       0
      Temps:          2       0       0       0       0       0       0       0       0       0       0       0       0       0       0       0       0
      Totals:         2       0       0       0       0       0       0       0       0       0       0       0       0       0       0       0       0
Total ram usage:        2 bytes
 Hardware stack levels used:    1
 Hardware stack levels required when called:    1
 This function calls:
		_led_toggle
 This function is called by:
		_INT0_ISR
		_INT1_ISR
		_INT2_ISR
 This function uses a non-reentrant model


 *************** function _led_toggle *****************
 Defined at:
		line 66 in file "ECU_Layer/LED_Driver/ecu_led_prog.c"
 Parameters:    Size  Location     Type
  led             2    0[COMRAM] PTR const struct .
		 -> led3(1), led2(1), led1(1), 
 Auto vars:     Size  Location     Type
  Local_Status    1    7[COMRAM] unsigned char 
 Return value:  Size  Location     Type
                  1    wreg      unsigned char 
 Registers used:
		wreg, fsr2l, fsr2h, status,2, status,0, prodl, prodh
 Tracked objects:
		On entry : 
		On exit  : 
		Unchanged: 
 Data sizes:     COMRAM   BANK0   BANK1   BANK2   BANK3   BANK4   BANK5   BANK6   BANK7   BANK8   BANK9  BANK10  BANK11  BANK12  BANK13  BANK14  BANK15
      Params:         2       0       0       0       0       0       0       0       0       0       0       0       0       0       0       0       0
      Locals:         1       0       0       0       0       0       0       0       0       0       0       0       0       0       0       0       0
      Temps:          5       0       0       0       0       0       0       0       0       0       0       0       0       0       0       0       0
      Totals:         8       0       0       0       0       0       0       0       0       0       0       0       0       0       0       0       0
Total ram usage:        8 bytes
 Hardware stack levels used:    1
 This function calls:
		Nothing
 This function is called by:
		_INT0_APP_ISR
		_INT1_APP_ISR
		_INT2_APP_ISR
 This function uses a non-reentrant model



MODULE INFORMATION

Module		Function		Class		Link	Load	Size
MCAL_Layer/Interrupt_Driver/mcal_iterrupt_mangaer.c
		_InterruptManager		CODE           	0008	0000	427

MCAL_Layer/Interrupt_Driver/mcal_iterrupt_mangaer.c estimated size: 427

MCAL_Layer/Interrupt_Driver/mcal_external_interrupt.c
		_Interrupt_RBx_Pin_Init		CODE           	1E06	0000	57
		_INT0_SetInterruptHandler		CODE           	1EF6	0000	43
		_Interrupt_INTx_Clear_Flag		CODE           	1B4C	0000	87
		_Interrupt_INTx_SetInterruptHandler		CODE           	15E0	0000	137
		_INT1_SetInterruptHandler		CODE           	1ECC	0000	43
		_Interrupt_INTx_Enable		CODE           	198A	0000	99
		_RB4_ISR       		CODE           	1C86	0000	77
		_INT2_SetInterruptHandler		CODE           	1EA2	0000	43
		_RB5_ISR       		CODE           	1C3A	0000	77
		_RB6_ISR       		CODE           	1BEE	0000	77
		_RB7_ISR       		CODE           	1BA2	0000	77
		_Interrupt_INTx_Edge_Init		CODE           	13E8	0000	217
		_Interrupt_INTx_Init		CODE           	16EE	0000	125
		_Interrupt_INTx_Disable		CODE           	1AF6	0000	87
		_RBx_SetInterruptHandler		CODE           	12D0	0000	281
		_Interrupt_RBx_Priority_Init		CODE           	1FD4	0000	33
		_Interrupt_RBx_Enable		CODE           	1F20	0000	37
		_RB4_SetInterruptHandler		CODE           	1D8C	0000	63
		_RB5_SetInterruptHandler		CODE           	1D4E	0000	63
		_INT0_ISR      		CODE           	2034	0000	33
		_RB6_SetInterruptHandler		CODE           	1D10	0000	63
		_Interrupt_INTx_Pin_Init		CODE           	1E3E	0000	57
		_Interrupt_RBx_Init		CODE           	1AA0	0000	87
		_RB7_SetInterruptHandler		CODE           	1CD2	0000	63
		_INT1_ISR      		CODE           	2014	0000	33
		_INT2_ISR      		CODE           	1FF4	0000	33

MCAL_Layer/Interrupt_Driver/mcal_external_interrupt.c estimated size: 2092

shared
		_btn_values    		SMALLCONST     	0000	0000	0
		__initialization		CODE           	1A4A	0000	77
		i2_led_turn_on 		CODE           	18BA	0000	105
		i2_led_turn_off		CODE           	17E0	0000	111

shared estimated size: 293

ECU_Layer/ecu_layer_prog.c
		_ecu_layer_initialize		CODE           	184E	0000	109

ECU_Layer/ecu_layer_prog.c estimated size: 109

MCAL_Layer/GPIO/hal_gpio.c
		_gpio_pin_direction_intialize		CODE           	11B6	0000	283

MCAL_Layer/GPIO/hal_gpio.c estimated size: 283

ECU_Layer/LED_Driver/ecu_led_prog.c
		_led_initizlize		CODE           	1550	0000	145
		_led_turn_on   		CODE           	1668	0000	135
		_led_turn_off  		CODE           	14C0	0000	145
		_led_toggle    		CODE           	1922	0000	105

ECU_Layer/LED_Driver/ecu_led_prog.c estimated size: 530

application.c
		_RB5_APP_ISR_LOW		CODE           	2062	0000	15
		_RB6_APP_ISR_LOW		CODE           	2054	0000	15
		_INT0_APP_ISR  		CODE           	1F8C	0000	37
		_RB7_APP_ISR_LOW		CODE           	207E	0000	15
		_INT1_APP_ISR  		CODE           	1F68	0000	37
		_INT2_APP_ISR  		CODE           	1FB0	0000	37
		_RB4_APP_ISR_HIGH		CODE           	1F44	0000	37
		_main          		CODE           	19EC	0000	95
		_RB5_APP_ISR_HIGH		CODE           	209A	0000	15
		_RB6_APP_ISR_HIGH		CODE           	208C	0000	15
		_RB7_APP_ISR_HIGH		CODE           	20A8	0000	15
		_RB4_APP_ISR_LOW		CODE           	2070	0000	15
		_functionInitialize		CODE           	176A	0000	119

application.c estimated size: 467

