Microchip MPLAB XC8 Compiler V1.41 ()

Linker command line:

-W-3 --edf=C:\Program Files\Microchip\xc8\v1.41\dat\en_msgs.txt -cs \
  -h+dist/default/production\Code.production.sym \
  --cmf=dist/default/production\Code.production.cmf -z -Q18F4620 \
  -oC:\Users\AYAFAR~1\AppData\Local\Temp\saro.2 \
  -Mdist/default/production/Code.production.map -E1 -ver=XC8 \
  -ASTACK=080h-0f7fh -pstack=STACK -ACODE=00h-0FFFFh -ACONST=00h-0FFFFh \
  -ASMALLCONST=01000h-010FFhx240 -AMEDIUMCONST=01000h-0FFFFh \
  -ACOMRAM=01h-07Fh -AABS1=00h-0F7Fh -ABIGRAM=01h-0F7Fh \
  -ARAM=080h-0FFh,0100h-01FFhx14,0F00h-0F7Fh -ABANK0=080h-0FFh \
  -ABANK1=0100h-01FFh -ABANK2=0200h-02FFh -ABANK3=0300h-03FFh \
  -ABANK4=0400h-04FFh -ABANK5=0500h-05FFh -ABANK6=0600h-06FFh \
  -ABANK7=0700h-07FFh -ABANK8=0800h-08FFh -ABANK9=0900h-09FFh \
  -ABANK10=0A00h-0AFFh -ABANK11=0B00h-0BFFh -ABANK12=0C00h-0CFFh \
  -ABANK13=0D00h-0DFFh -ABANK14=0E00h-0EFFh -ABANK15=0F00h-0F7Fh \
  -ASFR=0F80h-0FFFh -preset_vec=00h,intcode,intcodelo,powerup,init \
  -pramtop=01000h -psmallconst=SMALLCONST -pmediumconst=MEDIUMCONST \
  -pconst=CONST -AFARRAM=00h-00h -ACONFIG=0300000h-030000Dh -pconfig=CONFIG \
  -AIDLOC=0200000h-0200007h -pidloc=IDLOC -AEEDATA=0F00000h-0F003FFh \
  -peeprom_data=EEDATA \
  -prdata=COMRAM,nvrram=COMRAM,nvbit=COMRAM,rbss=COMRAM,rbit=COMRAM \
  -pfarbss=FARRAM,fardata=FARRAM,nvFARRAM=FARRAM \
  -pintsave_regs=BIGRAM,bigbss=BIGRAM,bigdata=BIGRAM -pbss=RAM \
  -pidata=CODE,irdata=CODE,ibigdata=CODE,ifardata=CODE -prparam=COMRAM \
  C:\Users\AYAFAR~1\AppData\Local\Temp\saro.obj \
  dist/default/production\Code.production.obj 

Object code version is 3.11

Machine type is 18F4620

Call graph: (short form)




                Name                               Link     Load   Length Selector   Space Scale
C:\Users\AYAFAR~1\AppData\Local\Temp\saro.obj
                init                                  0        0        4        0       0
                idloc                            200000   200000        8   200000       0
                config                           300000   300000        E   300000       0
dist/default/production\Code.production.obj
                smallconst                         1000     1000       12      800       0
                text11                             1254     1254       E2      809       0
                text10                             114E     114E      106      809       0
                text9                              1526     1526       6C      809       0
                text8                              13D8     13D8       72      809       0
                text7                              14B8     14B8       6E      809       0
                text6                              16BA     16BA       22      B4A       0
                text5                              16DC     16DC        6      B4A       0
                text4                              1336     1336       A2      809       0
                text3                              1012     1012      13C      809       0
                text2                              144A     144A       6E      809       0
                text1                              15FC     15FC       68      809       0
                text0                              1592     1592       6A      809       0
                cstackCOMRAM                         30       30       18        1       1
                dataCOMRAM                            1        1       2F        1       1
                cinit                              1694     1694       26      B4A       0
                idataCOMRAM                        1664     1664       2F      809       0

TOTAL           Name                               Link     Load   Length     Space
        CLASS   STACK          

        CLASS   CODE           
                init                                  0        0        4         0
                text11                             1254     1254       E2         0
                text10                             114E     114E      106         0
                text9                              1526     1526       6C         0
                text8                              13D8     13D8       72         0
                text7                              14B8     14B8       6E         0
                text6                              16BA     16BA       22         0
                text5                              16DC     16DC        6         0
                text4                              1336     1336       A2         0
                text3                              1012     1012      13C         0
                text2                              144A     144A       6E         0
                text1                              15FC     15FC       68         0
                text0                              1592     1592       6A         0
                cinit                              1694     1694       26         0
                idataCOMRAM                        1664     1664       2F         0

        CLASS   CONST          

        CLASS   SMALLCONST     
                smallconst                         1000     1000       12         0

        CLASS   MEDIUMCONST    

        CLASS   COMRAM         
                cstackCOMRAM                         30       30       18         1
                dataCOMRAM                            1        1       2F         1

        CLASS   ABS1           

        CLASS   BIGRAM         

        CLASS   RAM            

        CLASS   BANK0          

        CLASS   BANK1          

        CLASS   BANK2          

        CLASS   BANK3          

        CLASS   BANK4          

        CLASS   BANK5          

        CLASS   BANK6          

        CLASS   BANK7          

        CLASS   BANK8          

        CLASS   BANK9          

        CLASS   BANK10         

        CLASS   BANK11         

        CLASS   BANK12         

        CLASS   BANK13         

        CLASS   BANK14         

        CLASS   BANK15         

        CLASS   SFR            

        CLASS   FARRAM         

        CLASS   CONFIG         
                config                           300000   300000        E         0

        CLASS   IDLOC          
                idloc                            200000   200000        8         0

        CLASS   EEDATA         



SEGMENTS        Name                           Load    Length   Top    Selector   Space  Class

                reset_vec                      000000  000004  000004         0       0  CODE    
                dataCOMRAM                     000001  000047  000048         1       1  COMRAM  
                smallconst                     001000  000012  001012       800       0  SMALLCON
                text3                          001012  000681  001693       809       0  CODE    
                cinit                          001694  00004E  0016E2       B4A       0  CODE    
                idloc                          200000  000008  200008    200000       0  IDLOC   
                config                         300000  00000E  30000E    300000       0  CONFIG  


UNUSED ADDRESS RANGES

        Name                Unused          Largest block    Delta
        BANK0            000080-0000FF               80
        BANK1            000100-0001FF              100
        BANK10           000A00-000AFF              100
        BANK11           000B00-000BFF              100
        BANK12           000C00-000CFF              100
        BANK13           000D00-000DFF              100
        BANK14           000E00-000EFF              100
        BANK15           000F00-000F7F               80
        BANK2            000200-0002FF              100
        BANK3            000300-0003FF              100
        BANK4            000400-0004FF              100
        BANK5            000500-0005FF              100
        BANK6            000600-0006FF              100
        BANK7            000700-0007FF              100
        BANK8            000800-0008FF              100
        BANK9            000900-0009FF              100
        BIGRAM           000048-000F7F              F38
        CODE             000004-000FFF              FFC
                         001693-001693                1
                         0016E2-00FFFF             E91E
        COMRAM           000048-00007F               38
        CONST            000004-000FFF              FFC
                         001693-001693                1
                         0016E2-00FFFF             E91E
        EEDATA           F00000-F003FF              400
        MEDIUMCONST      001693-001693                1
                         0016E2-00FFFF             E91E
        RAM              000080-000F7F              100
        SFR              000F80-000FFF               80
        SMALLCONST       001693-001693                1
                         0016E2-00FFFF              100
        STACK            000080-000F7F              F00

                                  Symbol Table

_LATA                                    (abs)        000F89
_LATB                                    (abs)        000F8A
_LATC                                    (abs)        000F8B
_LATD                                    (abs)        000F8C
_LATE                                    (abs)        000F8D
_PORTA                                   (abs)        000F80
_PORTB                                   (abs)        000F81
_PORTC                                   (abs)        000F82
_PORTD                                   (abs)        000F83
_PORTE                                   (abs)        000F84
_TRISA                                   (abs)        000F92
_TRISB                                   (abs)        000F93
_TRISC                                   (abs)        000F94
_TRISD                                   (abs)        000F95
_TRISE                                   (abs)        000F96
__CFG_BOREN$OFF                          (abs)        000000
__CFG_BORV$1                             (abs)        000000
__CFG_CCP2MX$PORTC                       (abs)        000000
__CFG_CP0$OFF                            (abs)        000000
__CFG_CP1$OFF                            (abs)        000000
__CFG_CP2$OFF                            (abs)        000000
__CFG_CP3$OFF                            (abs)        000000
__CFG_CPB$OFF                            (abs)        000000
__CFG_CPD$OFF                            (abs)        000000
__CFG_EBTR0$OFF                          (abs)        000000
__CFG_EBTR1$OFF                          (abs)        000000
__CFG_EBTR2$OFF                          (abs)        000000
__CFG_EBTR3$OFF                          (abs)        000000
__CFG_EBTRB$OFF                          (abs)        000000
__CFG_FCMEN$OFF                          (abs)        000000
__CFG_IESO$OFF                           (abs)        000000
__CFG_LPT1OSC$OFF                        (abs)        000000
__CFG_LVP$OFF                            (abs)        000000
__CFG_MCLRE$ON                           (abs)        000000
__CFG_OSC$HS                             (abs)        000000
__CFG_PBADEN$OFF                         (abs)        000000
__CFG_PWRT$OFF                           (abs)        000000
__CFG_STVREN$ON                          (abs)        000000
__CFG_WDT$OFF                            (abs)        000000
__CFG_WDTPS$32768                        (abs)        000000
__CFG_WRT0$OFF                           (abs)        000000
__CFG_WRT1$OFF                           (abs)        000000
__CFG_WRT2$OFF                           (abs)        000000
__CFG_WRT3$OFF                           (abs)        000000
__CFG_WRTB$OFF                           (abs)        000000
__CFG_WRTC$OFF                           (abs)        000000
__CFG_WRTD$OFF                           (abs)        000000
__CFG_XINST$OFF                          (abs)        000000
__HRAM                                   (abs)        000000
__Habs1                                  abs1         000000
__Hbank0                                 bank0        000000
__Hbank1                                 bank1        000000
__Hbank10                                bank10       000000
__Hbank11                                bank11       000000
__Hbank12                                bank12       000000
__Hbank13                                bank13       000000
__Hbank14                                bank14       000000
__Hbank15                                bank15       000000
__Hbank2                                 bank2        000000
__Hbank3                                 bank3        000000
__Hbank4                                 bank4        000000
__Hbank5                                 bank5        000000
__Hbank6                                 bank6        000000
__Hbank7                                 bank7        000000
__Hbank8                                 bank8        000000
__Hbank9                                 bank9        000000
__Hbigbss                                bigbss       000000
__Hbigdata                               bigdata      000000
__Hbigram                                bigram       000000
__Hbss                                   bss          000000
__Hcinit                                 cinit        000000
__Hclrtext                               clrtext      000000
__Hcomram                                comram       000000
__Hconfig                                config       30000E
__Hconst                                 const        000000
__HcstackCOMRAM                          cstackCOMRAM 000000
__Hdata                                  data         000000
__HdataCOMRAM                            dataCOMRAM   000000
__Heeprom_data                           eeprom_data  000000
__Hfarbss                                farbss       000000
__Hfardata                               fardata      000000
__Hibigdata                              ibigdata     000000
__Hidata                                 idata        000000
__HidataCOMRAM                           idataCOMRAM  000000
__Hidloc                                 idloc        200008
__Hifardata                              ifardata     000000
__Hinit                                  init         000004
__Hintcode                               intcode      000000
__Hintcode_body                          intcode_body 000000
__Hintcodelo                             intcodelo    000000
__Hintentry                              intentry     000000
__Hintret                                intret       000000
__Hintsave_regs                          intsave_regs 000000
__Hirdata                                irdata       000000
__Hmediumconst                           mediumconst  000000
__HnvFARRAM                              nvFARRAM     000000
__Hnvbit                                 nvbit        000000
__Hnvrram                                nvrram       000000
__Hparam                                 rparam       000000
__Hpowerup                               powerup      000000
__Hram                                   ram          000000
__Hramtop                                ramtop       001000
__Hrbit                                  rbit         000000
__Hrbss                                  rbss         000000
__Hrdata                                 rdata        000000
__Hreset_vec                             reset_vec    000000
__Hrparam                                rparam       000000
__Hsfr                                   sfr          000000
__Hsmallconst                            smallconst   001012
__Hspace_0                               (abs)        30000E
__Hspace_1                               (abs)        000048
__Hspace_2                               (abs)        000000
__Hstack                                 stack        000000
__Hstruct                                struct       000000
__Htemp                                  temp         000000
__Htext                                  text         000000
__Htext0                                 text0        000000
__Htext1                                 text1        000000
__Htext10                                text10       000000
__Htext11                                text11       000000
__Htext2                                 text2        000000
__Htext3                                 text3        000000
__Htext4                                 text4        000000
__Htext5                                 text5        000000
__Htext6                                 text6        000000
__Htext7                                 text7        000000
__Htext8                                 text8        000000
__Htext9                                 text9        000000
__LRAM                                   (abs)        000001
__Labs1                                  abs1         000000
__Lbank0                                 bank0        000000
__Lbank1                                 bank1        000000
__Lbank10                                bank10       000000
__Lbank11                                bank11       000000
__Lbank12                                bank12       000000
__Lbank13                                bank13       000000
__Lbank14                                bank14       000000
__Lbank15                                bank15       000000
__Lbank2                                 bank2        000000
__Lbank3                                 bank3        000000
__Lbank4                                 bank4        000000
__Lbank5                                 bank5        000000
__Lbank6                                 bank6        000000
__Lbank7                                 bank7        000000
__Lbank8                                 bank8        000000
__Lbank9                                 bank9        000000
__Lbigbss                                bigbss       000000
__Lbigdata                               bigdata      000000
__Lbigram                                bigram       000000
__Lbss                                   bss          000000
__Lcinit                                 cinit        000000
__Lclrtext                               clrtext      000000
__Lcomram                                comram       000000
__Lconfig                                config       300000
__Lconst                                 const        000000
__LcstackCOMRAM                          cstackCOMRAM 000000
__Ldata                                  data         000000
__LdataCOMRAM                            dataCOMRAM   000000
__Leeprom_data                           eeprom_data  000000
__Lfarbss                                farbss       000000
__Lfardata                               fardata      000000
__Libigdata                              ibigdata     000000
__Lidata                                 idata        000000
__LidataCOMRAM                           idataCOMRAM  000000
__Lidloc                                 idloc        200000
__Lifardata                              ifardata     000000
__Linit                                  init         000000
__Lintcode                               intcode      000000
__Lintcode_body                          intcode_body 000000
__Lintcodelo                             intcodelo    000000
__Lintentry                              intentry     000000
__Lintret                                intret       000000
__Lintsave_regs                          intsave_regs 000000
__Lirdata                                irdata       000000
__Lmediumconst                           mediumconst  000000
__LnvFARRAM                              nvFARRAM     000000
__Lnvbit                                 nvbit        000000
__Lnvrram                                nvrram       000000
__Lparam                                 rparam       000000
__Lpowerup                               powerup      000000
__Lram                                   ram          000000
__Lramtop                                ramtop       001000
__Lrbit                                  rbit         000000
__Lrbss                                  rbss         000000
__Lrdata                                 rdata        000000
__Lreset_vec                             reset_vec    000000
__Lrparam                                rparam       000000
__Lsfr                                   sfr          000000
__Lsmallconst                            smallconst   001000
__Lspace_0                               (abs)        000000
__Lspace_1                               (abs)        000000
__Lspace_2                               (abs)        000000
__Lstack                                 stack        000000
__Lstruct                                struct       000000
__Ltemp                                  temp         000000
__Ltext                                  text         000000
__Ltext0                                 text0        000000
__Ltext1                                 text1        000000
__Ltext10                                text10       000000
__Ltext11                                text11       000000
__Ltext2                                 text2        000000
__Ltext3                                 text3        000000
__Ltext4                                 text4        000000
__Ltext5                                 text5        000000
__Ltext6                                 text6        000000
__Ltext7                                 text7        000000
__Ltext8                                 text8        000000
__Ltext9                                 text9        000000
__S0                                     (abs)        30000E
__S1                                     (abs)        000048
__S2                                     (abs)        000000
___inthi_sp                              stack        000000
___intlo_sp                              stack        000000
___param_bank                            (abs)        000000
___rparam_used                           (abs)        000001
___sp                                    stack        000000
__accesstop                              (abs)        000080
__activetblptr                           (abs)        000003
__end_of__initialization                 cinit        0016B4
__end_of_btn_values                      smallconst   001011
__end_of_ecu_layer_initialize            text6        0016DC
__end_of_functionInitialize              text5        0016E2
__end_of_gpio_pin_direction_intialize    text11       001336
__end_of_gpio_pin_intialize              text9        001592
__end_of_gpio_pin_read_logic             text4        0013D8
__end_of_gpio_pin_write_logic            text10       001254
__end_of_keypad_get_key                  text3        00114E
__end_of_keypad_initialize               text8        00144A
__end_of_led_initizlize                  text7        001526
__end_of_led_turn_off                    text2        0014B8
__end_of_led_turn_on                     text1        001664
__end_of_main                            text0        0015FC
__initialization                         cinit        001694
__mediumconst                            mediumconst  000000
__pcinit                                 cinit        001694
__pcstackCOMRAM                          cstackCOMRAM 000030
__pdataCOMRAM                            dataCOMRAM   000001
__pidataCOMRAM                           idataCOMRAM  001664
__psmallconst                            smallconst   001000
__ptext0                                 text0        001592
__ptext1                                 text1        0015FC
__ptext10                                text10       00114E
__ptext11                                text11       001254
__ptext2                                 text2        00144A
__ptext3                                 text3        001012
__ptext4                                 text4        001336
__ptext5                                 text5        0016DC
__ptext6                                 text6        0016BA
__ptext7                                 text7        0014B8
__ptext8                                 text8        0013D8
__ptext9                                 text9        001526
__ramtop                                 ramtop       001000
__size_of_ecu_layer_initialize           (abs)        000000
__size_of_functionInitialize             (abs)        000000
__size_of_gpio_pin_direction_intialize   (abs)        000000
__size_of_gpio_pin_intialize             (abs)        000000
__size_of_gpio_pin_read_logic            (abs)        000000
__size_of_gpio_pin_write_logic           (abs)        000000
__size_of_keypad_get_key                 (abs)        000000
__size_of_keypad_initialize              (abs)        000000
__size_of_led_initizlize                 (abs)        000000
__size_of_led_turn_off                   (abs)        000000
__size_of_led_turn_on                    (abs)        000000
__size_of_main                           (abs)        000000
__smallconst                             smallconst   001000
_btn_values                              smallconst   001001
_ecu_layer_initialize                    text6        0016BA
_functionInitialize                      text5        0016DC
_gpio_pin_direction_intialize            text11       001254
_gpio_pin_intialize                      text9        001526
_gpio_pin_read_logic                     text4        001336
_gpio_pin_write_logic                    text10       00114E
_keypad1                                 dataCOMRAM   00001F
_keypad_get_key                          text3        001012
_keypad_initialize                       text8        0013D8
_lat_register                            dataCOMRAM   000001
_led1                                    dataCOMRAM   00002F
_led_initizlize                          text7        0014B8
_led_turn_off                            text2        00144A
_led_turn_on                             text1        0015FC
_main                                    text0        001592
_port_register                           dataCOMRAM   00000B
_tris_register                           dataCOMRAM   000015
ecu_layer_initialize@ret                 cstackCOMRAM 000043
end_of_initialization                    cinit        0016B4
gpio_pin_direction_intialize@LocalReturn cstackCOMRAM 000038
gpio_pin_direction_intialize@_pin_config cstackCOMRAM 000030
gpio_pin_intialize@LocalReturn           cstackCOMRAM 00003D
gpio_pin_intialize@_pin_config           cstackCOMRAM 00003A
gpio_pin_read_logic@LocalReturn          cstackCOMRAM 000039
gpio_pin_read_logic@_pin_config          cstackCOMRAM 000030
gpio_pin_read_logic@logic                cstackCOMRAM 000032
gpio_pin_write_logic@LocalReturn         cstackCOMRAM 000039
gpio_pin_write_logic@_pin_config         cstackCOMRAM 000030
gpio_pin_write_logic@logic               cstackCOMRAM 000032
intlevel0                                text         000000
intlevel1                                text         000000
intlevel2                                text         000000
intlevel3                                text         000000
keypad_get_key@Local_Status              cstackCOMRAM 000041
keypad_get_key@columsCount               cstackCOMRAM 000044
keypad_get_key@flag                      cstackCOMRAM 000040
keypad_get_key@keypad_obj                cstackCOMRAM 00003A
keypad_get_key@pinState                  cstackCOMRAM 000042
keypad_get_key@rowsCount                 cstackCOMRAM 000043
keypad_get_key@value                     cstackCOMRAM 00003C
keypad_initialize@Local_Status           cstackCOMRAM 000040
keypad_initialize@columsCount            cstackCOMRAM 000042
keypad_initialize@keypad_obj             cstackCOMRAM 00003E
keypad_initialize@rowsCount              cstackCOMRAM 000041
led_initizlize@Local_Status              cstackCOMRAM 000038
led_initizlize@led                       cstackCOMRAM 000030
led_turn_off@Local_Status                cstackCOMRAM 000038
led_turn_off@led                         cstackCOMRAM 000030
led_turn_on@LocalReturn                  cstackCOMRAM 000037
led_turn_on@led                          cstackCOMRAM 000030
main@value                               cstackCOMRAM 000047
stackhi                                  (abs)        000F7F
stacklo                                  (abs)        000080
start                                    init         000000
start_initialization                     cinit        001694


FUNCTION INFORMATION:

 *************** function _main *****************
 Defined at:
		line 10 in file "application.c"
 Parameters:    Size  Location     Type
		None
 Auto vars:     Size  Location     Type
  value           1   23[COMRAM] unsigned char 
 Return value:  Size  Location     Type
                  2  558[None  ] int 
 Registers used:
		wreg, fsr2l, fsr2h, status,2, status,0, tblptrl, tblptrh, tblptru, prodl, prodh, cstack
 Tracked objects:
		On entry : 
		On exit  : 
		Unchanged: 
 Data sizes:     COMRAM   BANK0   BANK1   BANK2   BANK3   BANK4   BANK5   BANK6   BANK7   BANK8   BANK9  BANK10  BANK11  BANK12  BANK13  BANK14  BANK15
      Params:         0       0       0       0       0       0       0       0       0       0       0       0       0       0       0       0       0
      Locals:         1       0       0       0       0       0       0       0       0       0       0       0       0       0       0       0       0
      Temps:          2       0       0       0       0       0       0       0       0       0       0       0       0       0       0       0       0
      Totals:         3       0       0       0       0       0       0       0       0       0       0       0       0       0       0       0       0
Total ram usage:        3 bytes
 Hardware stack levels required when called:    5
 This function calls:
		_functionInitialize
		_keypad_get_key
		_led_turn_off
		_led_turn_on
 This function is called by:
		Startup code after reset
 This function uses a non-reentrant model


 *************** function _led_turn_on *****************
 Defined at:
		line 32 in file "ECU_Layer/LED_Driver/ecu_led_prog.c"
 Parameters:    Size  Location     Type
  led             2    0[COMRAM] PTR const struct .
		 -> led1(1), 
 Auto vars:     Size  Location     Type
  LocalReturn     1    7[COMRAM] unsigned char 
 Return value:  Size  Location     Type
                  1    wreg      unsigned char 
 Registers used:
		wreg, fsr2l, fsr2h, status,2, status,0, prodl, prodh
 Tracked objects:
		On entry : 
		On exit  : 
		Unchanged: 
 Data sizes:     COMRAM   BANK0   BANK1   BANK2   BANK3   BANK4   BANK5   BANK6   BANK7   BANK8   BANK9  BANK10  BANK11  BANK12  BANK13  BANK14  BANK15
      Params:         2       0       0       0       0       0       0       0       0       0       0       0       0       0       0       0       0
      Locals:         1       0       0       0       0       0       0       0       0       0       0       0       0       0       0       0       0
      Temps:          5       0       0       0       0       0       0       0       0       0       0       0       0       0       0       0       0
      Totals:         8       0       0       0       0       0       0       0       0       0       0       0       0       0       0       0       0
Total ram usage:        8 bytes
 Hardware stack levels used:    1
 This function calls:
		Nothing
 This function is called by:
		_main
 This function uses a non-reentrant model


 *************** function _led_turn_off *****************
 Defined at:
		line 49 in file "ECU_Layer/LED_Driver/ecu_led_prog.c"
 Parameters:    Size  Location     Type
  led             2    0[COMRAM] PTR const struct .
		 -> led1(1), 
 Auto vars:     Size  Location     Type
  Local_Status    1    8[COMRAM] unsigned char 
 Return value:  Size  Location     Type
                  1    wreg      unsigned char 
 Registers used:
		wreg, fsr2l, fsr2h, status,2, status,0, prodl, prodh
 Tracked objects:
		On entry : 
		On exit  : 
		Unchanged: 
 Data sizes:     COMRAM   BANK0   BANK1   BANK2   BANK3   BANK4   BANK5   BANK6   BANK7   BANK8   BANK9  BANK10  BANK11  BANK12  BANK13  BANK14  BANK15
      Params:         2       0       0       0       0       0       0       0       0       0       0       0       0       0       0       0       0
      Locals:         1       0       0       0       0       0       0       0       0       0       0       0       0       0       0       0       0
      Temps:          6       0       0       0       0       0       0       0       0       0       0       0       0       0       0       0       0
      Totals:         9       0       0       0       0       0       0       0       0       0       0       0       0       0       0       0       0
Total ram usage:        9 bytes
 Hardware stack levels used:    1
 This function calls:
		Nothing
 This function is called by:
		_main
 This function uses a non-reentrant model


 *************** function _keypad_get_key *****************
 Defined at:
		line 44 in file "ECU_Layer/Keypad_Driver/ecu_keypad_prog.c"
 Parameters:    Size  Location     Type
  keypad_obj      2   10[COMRAM] PTR struct .
		 -> keypad1(16), 
  value           2   12[COMRAM] PTR unsigned char 
		 -> main@value(1), 
 Auto vars:     Size  Location     Type
  columsCount     1   20[COMRAM] unsigned char 
  rowsCount       1   19[COMRAM] unsigned char 
  pinState        1   18[COMRAM] unsigned char 
  Local_Status    1   17[COMRAM] unsigned char 
  flag            1   16[COMRAM] unsigned char 
 Return value:  Size  Location     Type
                  1    wreg      unsigned char 
 Registers used:
		wreg, fsr2l, fsr2h, status,2, status,0, tblptrl, tblptrh, tblptru, prodl, prodh, cstack
 Tracked objects:
		On entry : 
		On exit  : 
		Unchanged: 
 Data sizes:     COMRAM   BANK0   BANK1   BANK2   BANK3   BANK4   BANK5   BANK6   BANK7   BANK8   BANK9  BANK10  BANK11  BANK12  BANK13  BANK14  BANK15
      Params:         4       0       0       0       0       0       0       0       0       0       0       0       0       0       0       0       0
      Locals:         5       0       0       0       0       0       0       0       0       0       0       0       0       0       0       0       0
      Temps:          2       0       0       0       0       0       0       0       0       0       0       0       0       0       0       0       0
      Totals:        11       0       0       0       0       0       0       0       0       0       0       0       0       0       0       0       0
Total ram usage:       11 bytes
 Hardware stack levels used:    1
 Hardware stack levels required when called:    1
 This function calls:
		_gpio_pin_read_logic
		_gpio_pin_write_logic
 This function is called by:
		_main
 This function uses a non-reentrant model


 *************** function _gpio_pin_read_logic *****************
 Defined at:
		line 86 in file "MCAL_Layer/GPIO/hal_gpio.c"
 Parameters:    Size  Location     Type
  _pin_config     2    0[COMRAM] PTR const struct .
		 -> keypad1.keypad_colums_pins(8), keypad1(16), 
  logic           2    2[COMRAM] PTR enum E3078
		 -> keypad_get_key@pinState(1), button_read_state@Pin_Logic_Status(1), 
 Auto vars:     Size  Location     Type
  LocalReturn     1    9[COMRAM] unsigned char 
 Return value:  Size  Location     Type
                  1    wreg      unsigned char 
 Registers used:
		wreg, fsr2l, fsr2h, status,2, status,0, prodl, prodh
 Tracked objects:
		On entry : 
		On exit  : 
		Unchanged: 
 Data sizes:     COMRAM   BANK0   BANK1   BANK2   BANK3   BANK4   BANK5   BANK6   BANK7   BANK8   BANK9  BANK10  BANK11  BANK12  BANK13  BANK14  BANK15
      Params:         4       0       0       0       0       0       0       0       0       0       0       0       0       0       0       0       0
      Locals:         1       0       0       0       0       0       0       0       0       0       0       0       0       0       0       0       0
      Temps:          5       0       0       0       0       0       0       0       0       0       0       0       0       0       0       0       0
      Totals:        10       0       0       0       0       0       0       0       0       0       0       0       0       0       0       0       0
Total ram usage:       10 bytes
 Hardware stack levels used:    1
 This function calls:
		Nothing
 This function is called by:
		_keypad_get_key
		_button_read_state
 This function uses a non-reentrant model


 *************** function _functionInitialize *****************
 Defined at:
		line 24 in file "application.c"
 Parameters:    Size  Location     Type
		None
 Auto vars:     Size  Location     Type
		None
 Return value:  Size  Location     Type
                  1    wreg      void 
 Registers used:
		wreg, fsr2l, fsr2h, status,2, status,0, prodl, prodh, cstack
 Tracked objects:
		On entry : 
		On exit  : 
		Unchanged: 
 Data sizes:     COMRAM   BANK0   BANK1   BANK2   BANK3   BANK4   BANK5   BANK6   BANK7   BANK8   BANK9  BANK10  BANK11  BANK12  BANK13  BANK14  BANK15
      Params:         0       0       0       0       0       0       0       0       0       0       0       0       0       0       0       0       0
      Locals:         0       0       0       0       0       0       0       0       0       0       0       0       0       0       0       0       0
      Temps:          0       0       0       0       0       0       0       0       0       0       0       0       0       0       0       0       0
      Totals:         0       0       0       0       0       0       0       0       0       0       0       0       0       0       0       0       0
Total ram usage:        0 bytes
 Hardware stack levels used:    1
 Hardware stack levels required when called:    4
 This function calls:
		_ecu_layer_initialize
 This function is called by:
		_main
 This function uses a non-reentrant model


 *************** function _ecu_layer_initialize *****************
 Defined at:
		line 59 in file "ECU_Layer/ecu_layer_prog.c"
 Parameters:    Size  Location     Type
		None
 Auto vars:     Size  Location     Type
  ret             1   19[COMRAM] unsigned char 
 Return value:  Size  Location     Type
                  1    wreg      unsigned char 
 Registers used:
		wreg, fsr2l, fsr2h, status,2, status,0, prodl, prodh, cstack
 Tracked objects:
		On entry : 
		On exit  : 
		Unchanged: 
 Data sizes:     COMRAM   BANK0   BANK1   BANK2   BANK3   BANK4   BANK5   BANK6   BANK7   BANK8   BANK9  BANK10  BANK11  BANK12  BANK13  BANK14  BANK15
      Params:         0       0       0       0       0       0       0       0       0       0       0       0       0       0       0       0       0
      Locals:         1       0       0       0       0       0       0       0       0       0       0       0       0       0       0       0       0
      Temps:          0       0       0       0       0       0       0       0       0       0       0       0       0       0       0       0       0
      Totals:         1       0       0       0       0       0       0       0       0       0       0       0       0       0       0       0       0
Total ram usage:        1 bytes
 Hardware stack levels used:    1
 Hardware stack levels required when called:    3
 This function calls:
		_keypad_initialize
		_led_initizlize
 This function is called by:
		_functionInitialize
 This function uses a non-reentrant model


 *************** function _led_initizlize *****************
 Defined at:
		line 15 in file "ECU_Layer/LED_Driver/ecu_led_prog.c"
 Parameters:    Size  Location     Type
  led             2    0[COMRAM] PTR const struct .
		 -> led1(1), 
 Auto vars:     Size  Location     Type
  Local_Status    1    8[COMRAM] unsigned char 
 Return value:  Size  Location     Type
                  1    wreg      unsigned char 
 Registers used:
		wreg, fsr2l, fsr2h, status,2, status,0, prodl, prodh
 Tracked objects:
		On entry : 
		On exit  : 
		Unchanged: 
 Data sizes:     COMRAM   BANK0   BANK1   BANK2   BANK3   BANK4   BANK5   BANK6   BANK7   BANK8   BANK9  BANK10  BANK11  BANK12  BANK13  BANK14  BANK15
      Params:         2       0       0       0       0       0       0       0       0       0       0       0       0       0       0       0       0
      Locals:         1       0       0       0       0       0       0       0       0       0       0       0       0       0       0       0       0
      Temps:          6       0       0       0       0       0       0       0       0       0       0       0       0       0       0       0       0
      Totals:         9       0       0       0       0       0       0       0       0       0       0       0       0       0       0       0       0
Total ram usage:        9 bytes
 Hardware stack levels used:    1
 This function calls:
		Nothing
 This function is called by:
		_ecu_layer_initialize
 This function uses a non-reentrant model


 *************** function _keypad_initialize *****************
 Defined at:
		line 21 in file "ECU_Layer/Keypad_Driver/ecu_keypad_prog.c"
 Parameters:    Size  Location     Type
  keypad_obj      2   14[COMRAM] PTR struct .
		 -> keypad1(16), 
 Auto vars:     Size  Location     Type
  columsCount     1   18[COMRAM] unsigned char 
  rowsCount       1   17[COMRAM] unsigned char 
  Local_Status    1   16[COMRAM] unsigned char 
 Return value:  Size  Location     Type
                  1    wreg      unsigned char 
 Registers used:
		wreg, fsr2l, fsr2h, status,2, status,0, prodl, prodh, cstack
 Tracked objects:
		On entry : 
		On exit  : 
		Unchanged: 
 Data sizes:     COMRAM   BANK0   BANK1   BANK2   BANK3   BANK4   BANK5   BANK6   BANK7   BANK8   BANK9  BANK10  BANK11  BANK12  BANK13  BANK14  BANK15
      Params:         2       0       0       0       0       0       0       0       0       0       0       0       0       0       0       0       0
      Locals:         3       0       0       0       0       0       0       0       0       0       0       0       0       0       0       0       0
      Temps:          0       0       0       0       0       0       0       0       0       0       0       0       0       0       0       0       0
      Totals:         5       0       0       0       0       0       0       0       0       0       0       0       0       0       0       0       0
Total ram usage:        5 bytes
 Hardware stack levels used:    1
 Hardware stack levels required when called:    2
 This function calls:
		_gpio_pin_intialize
 This function is called by:
		_ecu_layer_initialize
 This function uses a non-reentrant model


 *************** function _gpio_pin_intialize *****************
 Defined at:
		line 103 in file "MCAL_Layer/GPIO/hal_gpio.c"
 Parameters:    Size  Location     Type
  _pin_config     2   10[COMRAM] PTR const struct .
		 -> keypad1.keypad_colums_pins(8), keypad1.keypad_rows_pins(8), keypad1(16), 
 Auto vars:     Size  Location     Type
  LocalReturn     1   13[COMRAM] unsigned char 
 Return value:  Size  Location     Type
                  1    wreg      unsigned char 
 Registers used:
		wreg, fsr2l, fsr2h, status,2, status,0, prodl, prodh, cstack
 Tracked objects:
		On entry : 
		On exit  : 
		Unchanged: 
 Data sizes:     COMRAM   BANK0   BANK1   BANK2   BANK3   BANK4   BANK5   BANK6   BANK7   BANK8   BANK9  BANK10  BANK11  BANK12  BANK13  BANK14  BANK15
      Params:         2       0       0       0       0       0       0       0       0       0       0       0       0       0       0       0       0
      Locals:         1       0       0       0       0       0       0       0       0       0       0       0       0       0       0       0       0
      Temps:          1       0       0       0       0       0       0       0       0       0       0       0       0       0       0       0       0
      Totals:         4       0       0       0       0       0       0       0       0       0       0       0       0       0       0       0       0
Total ram usage:        4 bytes
 Hardware stack levels used:    1
 Hardware stack levels required when called:    1
 This function calls:
		_gpio_pin_direction_intialize
		_gpio_pin_write_logic
 This function is called by:
		_keypad_initialize
		_relay_initialize
 This function uses a non-reentrant model


 *************** function _gpio_pin_write_logic *****************
 Defined at:
		line 60 in file "MCAL_Layer/GPIO/hal_gpio.c"
 Parameters:    Size  Location     Type
  _pin_config     2    0[COMRAM] PTR const struct .
		 -> keypad1.keypad_colums_pins(8), keypad1.keypad_rows_pins(8), keypad1(16), 
  logic           1    2[COMRAM] enum E3078
 Auto vars:     Size  Location     Type
  LocalReturn     1    9[COMRAM] unsigned char 
 Return value:  Size  Location     Type
                  1    wreg      unsigned char 
 Registers used:
		wreg, fsr2l, fsr2h, status,2, status,0, prodl, prodh
 Tracked objects:
		On entry : 
		On exit  : 
		Unchanged: 
 Data sizes:     COMRAM   BANK0   BANK1   BANK2   BANK3   BANK4   BANK5   BANK6   BANK7   BANK8   BANK9  BANK10  BANK11  BANK12  BANK13  BANK14  BANK15
      Params:         3       0       0       0       0       0       0       0       0       0       0       0       0       0       0       0       0
      Locals:         1       0       0       0       0       0       0       0       0       0       0       0       0       0       0       0       0
      Temps:          6       0       0       0       0       0       0       0       0       0       0       0       0       0       0       0       0
      Totals:        10       0       0       0       0       0       0       0       0       0       0       0       0       0       0       0       0
Total ram usage:       10 bytes
 Hardware stack levels used:    1
 This function calls:
		Nothing
 This function is called by:
		_keypad_get_key
		_gpio_pin_intialize
		_seven_segment_write_number
		_seven_segment_clear_number
		_seven_segment_enable
		_seven_segment_disable
		_motor_turn_right
		_motor_turn_left
		_motor_turn_off
		_relay_turn_on
		_relay_turn_off
 This function uses a non-reentrant model


 *************** function _gpio_pin_direction_intialize *****************
 Defined at:
		line 16 in file "MCAL_Layer/GPIO/hal_gpio.c"
 Parameters:    Size  Location     Type
  _pin_config     2    0[COMRAM] PTR const struct .
		 -> keypad1.keypad_colums_pins(8), keypad1.keypad_rows_pins(8), keypad1(16), 
 Auto vars:     Size  Location     Type
  LocalReturn     1    8[COMRAM] unsigned char 
 Return value:  Size  Location     Type
                  1    wreg      unsigned char 
 Registers used:
		wreg, fsr2l, fsr2h, status,2, status,0, prodl, prodh
 Tracked objects:
		On entry : 
		On exit  : 
		Unchanged: 
 Data sizes:     COMRAM   BANK0   BANK1   BANK2   BANK3   BANK4   BANK5   BANK6   BANK7   BANK8   BANK9  BANK10  BANK11  BANK12  BANK13  BANK14  BANK15
      Params:         2       0       0       0       0       0       0       0       0       0       0       0       0       0       0       0       0
      Locals:         1       0       0       0       0       0       0       0       0       0       0       0       0       0       0       0       0
      Temps:          6       0       0       0       0       0       0       0       0       0       0       0       0       0       0       0       0
      Totals:         9       0       0       0       0       0       0       0       0       0       0       0       0       0       0       0       0
Total ram usage:        9 bytes
 Hardware stack levels used:    1
 This function calls:
		Nothing
 This function is called by:
		_gpio_pin_intialize
		_seven_segment_initialize
		_button_initialize
		_motor_initialize
 This function uses a non-reentrant model



MODULE INFORMATION

Module		Function		Class		Link	Load	Size
ECU_Layer/Keypad_Driver/ecu_keypad_prog.c
		_keypad_get_key		CODE           	1012	0000	317
		_keypad_initialize		CODE           	13D8	0000	115

ECU_Layer/Keypad_Driver/ecu_keypad_prog.c estimated size: 432

shared
		_btn_values    		SMALLCONST     	1001	0000	17
		__initialization		CODE           	1694	0000	33

shared estimated size: 50

ECU_Layer/ecu_layer_prog.c
		_ecu_layer_initialize		CODE           	16BA	0000	35

ECU_Layer/ecu_layer_prog.c estimated size: 35

MCAL_Layer/GPIO/hal_gpio.c
		_gpio_pin_write_logic		CODE           	114E	0000	263
		_gpio_pin_intialize		CODE           	1526	0000	109
		_gpio_pin_read_logic		CODE           	1336	0000	163
		_gpio_pin_direction_intialize		CODE           	1254	0000	227

MCAL_Layer/GPIO/hal_gpio.c estimated size: 762

ECU_Layer/LED_Driver/ecu_led_prog.c
		_led_initizlize		CODE           	14B8	0000	111
		_led_turn_on   		CODE           	15FC	0000	105
		_led_turn_off  		CODE           	144A	0000	111

ECU_Layer/LED_Driver/ecu_led_prog.c estimated size: 327

application.c
		_main          		CODE           	1592	0000	107
		_functionInitialize		CODE           	16DC	0000	7

application.c estimated size: 114

